Component: ARM Compiler 5.06 update 7 (build 960) Tool: armlink [4d3601]

==============================================================================

Section Cross References

    main.o(.text) refers to _printf_percent.o(.ARM.Collect$$_printf_percent$$00000000) for _printf_percent
    main.o(.text) refers to _printf_d.o(.ARM.Collect$$_printf_percent$$00000009) for _printf_d
    main.o(.text) refers to _printf_dec.o(.text) for _printf_int_dec
    main.o(.text) refers to _printf_pad.o(.text) for _printf_pre_padding
    main.o(.text) refers to _printf_c.o(.ARM.Collect$$_printf_percent$$00000013) for _printf_c
    main.o(.text) refers to _printf_str.o(.text) for _printf_str
    main.o(.text) refers to delay.o(.text) for delay_init
    main.o(.text) refers to misc.o(.text) for NVIC_PriorityGroupConfig
    main.o(.text) refers to usart.o(.text) for uart_init
    main.o(.text) refers to __2printf.o(.text) for __2printf
    main.o(.text) refers to usart3.o(.text) for USART3_Init
    main.o(.text) refers to timer.o(.text) for TIM3_ETR
    main.o(.text) refers to st7567a.o(.text) for LcdInitial
    main.o(.text) refers to 24cxx.o(.text) for AT24CXX_Init
    main.o(.text) refers to can.o(.text) for CAN_Mode_Init
    main.o(.text) refers to gpio.o(.text) for InPut_Init
    main.o(.text) refers to adc.o(.text) for Adc_Init
    main.o(.text) refers to rtc.o(.text) for RTC_Init
    main.o(.text) refers to menu.o(.text) for MENU_processing
    main.o(.text) refers to rt_memcpy_v6.o(.text) for __aeabi_memcpy
    main.o(.text) refers to timer.o(.data) for impulse_ratio
    main.o(.text) refers to timer.o(.bss) for car_info
    main.o(.text) refers to system_stm32f10x.o(.data) for SystemCoreClock
    main.o(.text) refers to usmart_config.o(.data) for usmart_dev
    main.o(.text) refers to rtc.o(.bss) for calendar
    main.o(.text) refers to usart3.o(.data) for USART3_RX_STA
    main.o(.text) refers to usart3.o(.bss) for USART3_RX_BUF
    system_stm32f10x.o(.text) refers to system_stm32f10x.o(.data) for SystemCoreClock
    rtc.o(.text) refers to _printf_percent.o(.ARM.Collect$$_printf_percent$$00000000) for _printf_percent
    rtc.o(.text) refers to _printf_d.o(.ARM.Collect$$_printf_percent$$00000009) for _printf_d
    rtc.o(.text) refers to _printf_dec.o(.text) for _printf_int_dec
    rtc.o(.text) refers to misc.o(.text) for NVIC_Init
    rtc.o(.text) refers to stm32f10x_rtc.o(.text) for RTC_GetCounter
    rtc.o(.text) refers to stm32f10x_rcc.o(.text) for RCC_APB1PeriphClockCmd
    rtc.o(.text) refers to stm32f10x_pwr.o(.text) for PWR_BackupAccessCmd
    rtc.o(.text) refers to stm32f10x_bkp.o(.text) for BKP_ReadBackupRegister
    rtc.o(.text) refers to delay.o(.text) for delay_ms
    rtc.o(.text) refers to __2printf.o(.text) for __2printf
    rtc.o(.text) refers to rtc.o(.constdata) for table_week
    rtc.o(.text) refers to rtc.o(.data) for daycnt
    rtc.o(.text) refers to rtc.o(.bss) for calendar
    24cxx.o(.text) refers to myiic.o(.text) for IIC_Init
    24cxx.o(.text) refers to delay.o(.text) for delay_ms
    myiic.o(.text) refers to stm32f10x_rcc.o(.text) for RCC_APB2PeriphClockCmd
    myiic.o(.text) refers to stm32f10x_gpio.o(.text) for GPIO_Init
    myiic.o(.text) refers to delay.o(.text) for delay_us
    st7567a.o(.text) refers to stm32f10x_gpio.o(.text) for GPIO_SetBits
    st7567a.o(.text) refers to stm32f10x_rcc.o(.text) for RCC_APB2PeriphClockCmd
    st7567a.o(.text) refers to st7567a.o(.constdata) for asc2_2412
    printer.o(.text) refers to stm32f10x_usart.o(.text) for USART_GetFlagStatus
    printer.o(.text) refers to stm32f10x_rcc.o(.text) for RCC_APB1PeriphClockCmd
    printer.o(.text) refers to stm32f10x_gpio.o(.text) for GPIO_Init
    printer.o(.text) refers to misc.o(.text) for NVIC_Init
    printer.o(.text) refers to rt_memcpy_v6.o(.text) for __aeabi_memcpy
    printer.o(.text) refers to aeabi_memset.o(.text) for __aeabi_memset
    printer.o(.text) refers to printer.o(.data) for i
    printer.o(.text) refers to printer.o(.bss) for rebuf
    timer.o(.text) refers to stm32f10x_rcc.o(.text) for RCC_APB1PeriphClockCmd
    timer.o(.text) refers to stm32f10x_gpio.o(.text) for GPIO_Init
    timer.o(.text) refers to stm32f10x_tim.o(.text) for TIM_TimeBaseInit
    timer.o(.text) refers to misc.o(.text) for NVIC_Init
    timer.o(.text) refers to timer.o(.data) for distance
    timer.o(.text) refers to timer.o(.bss) for car_info
    usart3.o(.text) refers to stm32f10x_tim.o(.text) for TIM_SetCounter
    usart3.o(.text) refers to stm32f10x_usart.o(.text) for USART_GetITStatus
    usart3.o(.text) refers to stm32f10x_rcc.o(.text) for RCC_APB1PeriphClockCmd
    usart3.o(.text) refers to misc.o(.text) for NVIC_Init
    usart3.o(.text) refers to stm32f10x_dma.o(.text) for DMA_DeInit
    usart3.o(.text) refers to stm32f10x_gpio.o(.text) for GPIO_Init
    usart3.o(.text) refers to c89vsprintf.o(.text) for __c89vsprintf
    usart3.o(.text) refers to strlen.o(.text) for strlen
[...]
    __rt_exit_ls                             0x080002b5   Thumb Code     0  rtexit2.o(.ARM.Collect$$rtexit$$00000003)
    __rt_exit_prels_1                        0x080002b5   Thumb Code     0  rtexit2.o(.ARM.Collect$$rtexit$$00000002)
    __rt_exit_exit                           0x080002b9   Thumb Code     0  rtexit2.o(.ARM.Collect$$rtexit$$00000004)
    main                                     0x080002c1   Thumb Code   388  main.o(.text)
    NMI_Handler                              0x080004b9   Thumb Code     2  stm32f10x_it.o(.text)
    HardFault_Handler                        0x080004bb   Thumb Code     4  stm32f10x_it.o(.text)
    MemManage_Handler                        0x080004bf   Thumb Code     4  stm32f10x_it.o(.text)
    BusFault_Handler                         0x080004c3   Thumb Code     4  stm32f10x_it.o(.text)
    UsageFault_Handler                       0x080004c7   Thumb Code     4  stm32f10x_it.o(.text)
    SVC_Handler                              0x080004cb   Thumb Code     2  stm32f10x_it.o(.text)
    DebugMon_Handler                         0x080004cd   Thumb Code     2  stm32f10x_it.o(.text)
    PendSV_Handler                           0x080004cf   Thumb Code     2  stm32f10x_it.o(.text)
    SysTick_Handler                          0x080004d1   Thumb Code     2  stm32f10x_it.o(.text)
    SystemInit                               0x080005b3   Thumb Code    78  system_stm32f10x.o(.text)
    SystemCoreClockUpdate                    0x08000601   Thumb Code   142  system_stm32f10x.o(.text)
    RTC_Get_Week                             0x080006d5   Thumb Code   116  rtc.o(.text)
    Is_Leap_Year                             0x08000749   Thumb Code    58  rtc.o(.text)
    RTC_Get                                  0x08000783   Thumb Code   240  rtc.o(.text)
    RTC_Set                                  0x08000873   Thumb Code   184  rtc.o(.text)
    RTC_Init                                 0x0800092b   Thumb Code   202  rtc.o(.text)
    RTC_IRQHandler                           0x080009f5   Thumb Code    76  rtc.o(.text)
    RTC_Alarm_Set                            0x08000a41   Thumb Code   184  rtc.o(.text)
    AT24CXX_Init                             0x08000b35   Thumb Code     8  24cxx.o(.text)
    AT24CXX_ReadOneByte                      0x08000b3d   Thumb Code    88  24cxx.o(.text)
    AT24CXX_WriteOneByte                     0x08000b95   Thumb Code    80  24cxx.o(.text)
    AT24CXX_WriteLenByte                     0x08000be5   Thumb Code    42  24cxx.o(.text)
    AT24CXX_ReadLenByte                      0x08000c0f   Thumb Code    44  24cxx.o(.text)
    AT24CXX_Check                            0x08000c3b   Thumb Code    46  24cxx.o(.text)
    AT24CXX_Read                             0x08000c69   Thumb Code    34  24cxx.o(.text)
    AT24CXX_Write                            0x08000c8b   Thumb Code    36  24cxx.o(.text)
    IIC_Init                                 0x08000cb1   Thumb Code    76  myiic.o(.text)
    IIC_Start                                0x08000cfd   Thumb Code    64  myiic.o(.text)
    IIC_Stop                                 0x08000d3d   Thumb Code    66  myiic.o(.text)
    IIC_Wait_Ack                             0x08000d7f   Thumb Code    86  myiic.o(.text)
    IIC_Ack                                  0x08000dd5   Thumb Code    70  myiic.o(.text)
    IIC_NAck                                 0x08000e1b   Thumb Code    70  myiic.o(.text)
    IIC_Send_Byte                            0x08000e61   Thumb Code   104  myiic.o(.text)
    IIC_Read_Byte                            0x08000ec9   Thumb Code   100  myiic.o(.text)
    DelayXms                                 0x08000f39   Thumb Code    30  st7567a.o(.text)
    DelayXus                                 0x08000f57   Thumb Code    14  st7567a.o(.text)
    SendByte                                 0x08000f65   Thumb Code    74  st7567a.o(.text)
    SendCmdWord                              0x08000faf   Thumb Code    68  st7567a.o(.text)
    SendCmdByte                              0x08000ff3   Thumb Code    36  st7567a.o(.text)
    SendDataByte                             0x08001017   Thumb Code    36  st7567a.o(.text)
    LcdReset                                 0x0800103b   Thumb Code    54  st7567a.o(.text)
    LcdFill                                  0x08001071   Thumb Code    86  st7567a.o(.text)
    dispchar                                 0x080010c7   Thumb Code   350  st7567a.o(.text)
    ShowString                               0x08001225   Thumb Code   156  st7567a.o(.text)
    LcdInitial                               0x080012c1   Thumb Code   248  st7567a.o(.text)
    UART4_send_byte                          0x080013b9   Thumb Code    26  printer.o(.text)
    printer_send_cmd                         0x080013d3   Thumb Code    28  printer.o(.text)
    printer_init                             0x080013ef   Thumb Code   158  printer.o(.text)
    UART4_IRQHandler                         0x0800148d   Thumb Code   130  printer.o(.text)
    CHeck                                    0x0800150f   Thumb Code    76  printer.o(.text)
    printer_info_init                        0x0800155b   Thumb Code    48  printer.o(.text)
    print_empty_line                         0x0800158b   Thumb Code    12  printer.o(.text)
    TIM3_ETR                                 0x080015b9   Thumb Code   158  timer.o(.text)
    TIM3_IRQHandler                          0x08001657   Thumb Code    42  timer.o(.text)
    TIM6_Int_Init                            0x08001681   Thumb Code    90  timer.o(.text)
    TIM6_IRQHandler                          0x080016db   Thumb Code   132  timer.o(.text)
    Tim5_Int_Init                            0x0800175f   Thumb Code    82  timer.o(.text)
    TIM7_Set                                 0x080017d9   Thumb Code    34  usart3.o(.text)
    USART3_IRQHandler                        0x080017fb   Thumb Code    84  usart3.o(.text)
    TIM7_Init                                0x0800184f   Thumb Code    82  usart3.o(.text)
    UART_DMA_Config                          0x080018a1   Thumb Code    72  usart3.o(.text)
    USART3_Init                              0x080018e9   Thumb Code   208  usart3.o(.text)
    UART_DMA_Enable                          0x080019b9   Thumb Code    32  usart3.o(.text)
    u2_printf                                0x080019d9   Thumb Code    56  usart3.o(.text)
    TIM7_IRQHandler                          0x08001a11   Thumb Code    40  usart3.o(.text)
    TIM7_SetARR                              0x08001a39   Thumb Code    36  usart3.o(.text)
    Usart_SendStr_length                     0x08001a7b   Thumb Code    32  usart3.o(.text)
    Usart_SendString                         0x08001a9b   Thumb Code    28  usart3.o(.text)
    ClearRAM                                 0x08001ab7   Thumb Code    18  usart3.o(.text)
    CAN_Mode_Init                            0x08001ae5   Thumb Code   200  can.o(.text)
    Can_Send_Msg                             0x08001bad   Thumb Code   104  can.o(.text)
    Can_Receive_Msg                          0x08001c15   Thumb Code    56  can.o(.text)
    InPut_Init                               0x08001c55   Thumb Code    74  gpio.o(.text)
    GPIO_Scan                                0x08001c9f   Thumb Code    52  gpio.o(.text)
    KEY_Scan                                 0x08001cd3   Thumb Code   184  gpio.o(.text)
    Adc_Init                                 0x08001d9d   Thumb Code   110  adc.o(.text)
    Get_Adc                                  0x08001e0b   Thumb Code    46  adc.o(.text)
    Get_Adc_Average                          0x08001e39   Thumb Code    46  adc.o(.text)
    delay_init                               0x08001e6d   Thumb Code    50  delay.o(.text)
    delay_us                                 0x08001e9f   Thumb Code    72  delay.o(.text)
    delay_ms                                 0x08001ee7   Thumb Code    72  delay.o(.text)
    _sys_exit                                0x08001f41   Thumb Code     4  usart.o(.text)
    fputc                                    0x08001f45   Thumb Code    24  usart.o(.text)
    uart_init                                0x08001f5d   Thumb Code   152  usart.o(.text)
    USART1_IRQHandler                        0x08001ff5   Thumb Code   122  usart.o(.text)
    Reset_Handler                            0x08002081   Thumb Code     8  startup_stm32f10x_hd.o(.text)
    ADC1_2_IRQHandler                        0x0800209b   Thumb Code     0  startup_stm32f10x_hd.o(.text)
    ADC3_IRQHandler                          0x0800209b   Thumb Code     0  startup_stm32f10x_hd.o(.text)
    CAN1_RX1_IRQHandler                      0x0800209b   Thumb Code     0  startup_stm32f10x_hd.o(.text)
    CAN1_SCE_IRQHandler                      0x0800209b   Thumb Code     0  startup_stm32f10x_hd.o(.text)
    DMA1_Channel1_IRQHandler                 0x0800209b   Thumb Code     0  startup_stm32f10x_hd.o(.text)
    DMA1_Channel2_IRQHandler                 0x0800209b   Thumb Code     0  startup_stm32f10x_hd.o(.text)
    DMA1_Channel3_IRQHandler                 0x0800209b   Thumb Code     0  startup_stm32f10x_hd.o(.text)
    DMA1_Channel4_IRQHandler                 0x0800209b   Thumb Code     0  startup_stm32f10x_hd.o(.text)
    DMA1_Channel5_IRQHandler                 0x0800209b   Thumb Code     0  startup_stm32f10x_hd.o(.text)
    DMA1_Channel6_IRQHandler                 0x0800209b   Thumb Code     0  startup_stm32f10x_hd.o(.text)
    DMA1_Channel7_IRQHandler                 0x0800209b   Thumb Code     0  startup_stm32f10x_hd.o(.text)
    DMA2_Channel1_IRQHandler                 0x0800209b   Thumb Code     0  startup_stm32f10x_hd.o(.text)
    DMA2_Channel2_IRQHandler                 0x0800209b   Thumb Code     0  startup_stm32f10x_hd.o(.text)
    DMA2_Channel3_IRQHandler                 0x0800209b   Thumb Code     0  startup_stm32f10x_hd.o(.text)
    DMA2_Channel4_5_IRQHandler               0x0800209b   Thumb Code     0  startup_stm32f10x_hd.o(.text)
    EXTI0_IRQHandler                         0x0800209b   Thumb Code     0  startup_stm32f10x_hd.o(.text)
    EXTI15_10_IRQHandler                     0x0800209b   Thumb Code     0  startup_stm32f10x_hd.o(.text)
    EXTI1_IRQHandler                         0x0800209b   Thumb Code     0  startup_stm32f10x_hd.o(.text)
    EXTI2_IRQHandler                         0x0800209b   Thumb Code     0  startup_stm32f10x_hd.o(.text)
    EXTI3_IRQHandler                         0x0800209b   Thumb Code     0  startup_stm32f10x_hd.o(.text)
    EXTI4_IRQHandler                         0x0800209b   Thumb Code     0  startup_stm32f10x_hd.o(.text)
    EXTI9_5_IRQHandler                       0x0800209b   Thumb Code     0  startup_stm32f10x_hd.o(.text)
    FLASH_IRQHandler                         0x0800209b   Thumb Code     0  startup_stm32f10x_hd.o(.text)
    FSMC_IRQHandler                          0x0800209b   Thumb Code     0  startup_stm32f10x_hd.o(.text)
    I2C1_ER_IRQHandler                       0x0800209b   Thumb Code     0  startup_stm32f10x_hd.o(.text)
    I2C1_EV_IRQHandler                       0x0800209b   Thumb Code     0  startup_stm32f10x_hd.o(.text)
    I2C2_ER_IRQHandler                       0x0800209b   Thumb Code     0  startup_stm32f10x_hd.o(.text)
    I2C2_EV_IRQHandler                       0x0800209b   Thumb Code     0  startup_stm32f10x_hd.o(.text)
    PVD_IRQHandler                           0x0800209b   Thumb Code     0  startup_stm32f10x_hd.o(.text)
    RCC_IRQHandler                           0x0800209b   Thumb Code     0  startup_stm32f10x_hd.o(.text)
    RTCAlarm_IRQHandler                      0x0800209b   Thumb Code     0  startup_stm32f10x_hd.o(.text)
    SDIO_IRQHandler                          0x0800209b   Thumb Code     0  startup_stm32f10x_hd.o(.text)
    SPI1_IRQHandler                          0x0800209b   Thumb Code     0  startup_stm32f10x_hd.o(.text)
    SPI2_IRQHandler                          0x0800209b   Thumb Code     0  startup_stm32f10x_hd.o(.text)
    SPI3_IRQHandler                          0x0800209b   Thumb Code     0  startup_stm32f10x_hd.o(.text)
    TAMPER_IRQHandler                        0x0800209b   Thumb Code     0  startup_stm32f10x_hd.o(.text)
    TIM1_BRK_IRQHandler                      0x0800209b   Thumb Code     0  startup_stm32f10x_hd.o(.text)
    TIM1_CC_IRQHandler                       0x0800209b   Thumb Code     0  startup_stm32f10x_hd.o(.text)
    TIM1_TRG_COM_IRQHandler                  0x0800209b   Thumb Code     0  startup_stm32f10x_hd.o(.text)
    TIM1_UP_IRQHandler                       0x0800209b   Thumb Code     0  startup_stm32f10x_hd.o(.text)
    TIM2_IRQHandler                          0x0800209b   Thumb Code     0  startup_stm32f10x_hd.o(.text)
    TIM8_BRK_IRQHandler                      0x0800209b   Thumb Code     0  startup_stm32f10x_hd.o(.text)
    TIM8_CC_IRQHandler                       0x0800209b   Thumb Code     0  startup_stm32f10x_hd.o(.text)
    TIM8_TRG_COM_IRQHandler                  0x0800209b   Thumb Code     0  startup_stm32f10x_hd.o(.text)
    TIM8_UP_IRQHandler                       0x0800209b   Thumb Code     0  startup_stm32f10x_hd.o(.text)
    UART5_IRQHandler                         0x0800209b   Thumb Code     0  startup_stm32f10x_hd.o(.text)
    USART2_IRQHandler                        0x0800209b   Thumb Code     0  startup_stm32f10x_hd.o(.text)
    USBWakeUp_IRQHandler                     0x0800209b   Thumb Code     0  startup_stm32f10x_hd.o(.text)
    USB_HP_CAN1_TX_IRQHandler                0x0800209b   Thumb Code     0  startup_stm32f10x_hd.o(.text)
    USB_LP_CAN1_RX0_IRQHandler               0x0800209b   Thumb Code     0  startup_stm32f10x_hd.o(.text)
    WWDG_IRQHandler                          0x0800209b   Thumb Code     0  startup_stm32f10x_hd.o(.text)
    __user_initial_stackheap                 0x0800209d   Thumb Code     0  startup_stm32f10x_hd.o(.text)
    NVIC_PriorityGroupConfig                 0x080020c1   Thumb Code    10  misc.o(.text)
    NVIC_Init                                0x080020cb   Thumb Code   100  misc.o(.text)
    NVIC_SetVectorTable                      0x0800212f   Thumb Code    14  misc.o(.text)
    NVIC_SystemLPConfig                      0x0800213d   Thumb Code    34  misc.o(.text)
    SysTick_CLKSourceConfig                  0x0800215f   Thumb Code    40  misc.o(.text)
    BKP_DeInit                               0x0800219d   Thumb Code    16  stm32f10x_bkp.o(.text)
    BKP_TamperPinLevelConfig                 0x080021ad   Thumb Code     6  stm32f10x_bkp.o(.text)
    BKP_TamperPinCmd                         0x080021b3   Thumb Code     8  stm32f10x_bkp.o(.text)
    BKP_ITConfig                             0x080021bb   Thumb Code     8  stm32f10x_bkp.o(.text)
    BKP_RTCOutputConfig                      0x080021c3   Thumb Code    22  stm32f10x_bkp.o(.text)
    BKP_SetRTCCalibrationValue               0x080021d9   Thumb Code    22  stm32f10x_bkp.o(.text)
    BKP_WriteBackupRegister                  0x080021ef   Thumb Code    24  stm32f10x_bkp.o(.text)
    BKP_ReadBackupRegister                   0x08002207   Thumb Code    26  stm32f10x_bkp.o(.text)
    BKP_GetFlagStatus                        0x08002221   Thumb Code    10  stm32f10x_bkp.o(.text)
    BKP_ClearFlag                            0x0800222b   Thumb Code    18  stm32f10x_bkp.o(.text)
    BKP_GetITStatus                          0x0800223d   Thumb Code    10  stm32f10x_bkp.o(.text)
    BKP_ClearITPendingBit                    0x08002247   Thumb Code    18  stm32f10x_bkp.o(.text)
    GPIO_DeInit                              0x08002261   Thumb Code   172  stm32f10x_gpio.o(.text)
    GPIO_AFIODeInit                          0x0800230d   Thumb Code    20  stm32f10x_gpio.o(.text)
    GPIO_Init                                0x08002321   Thumb Code   278  stm32f10x_gpio.o(.text)
    GPIO_StructInit                          0x08002437   Thumb Code    16  stm32f10x_gpio.o(.text)
    GPIO_ReadInputDataBit                    0x08002447   Thumb Code    18  stm32f10x_gpio.o(.text)
    GPIO_ReadInputData                       0x08002459   Thumb Code     8  stm32f10x_gpio.o(.text)
    GPIO_ReadOutputDataBit                   0x08002461   Thumb Code    18  stm32f10x_gpio.o(.text)
    GPIO_ReadOutputData                      0x08002473   Thumb Code     8  stm32f10x_gpio.o(.text)
    GPIO_SetBits                             0x0800247b   Thumb Code     4  stm32f10x_gpio.o(.text)
    GPIO_ResetBits                           0x0800247f   Thumb Code     4  stm32f10x_gpio.o(.text)
    GPIO_WriteBit                            0x08002483   Thumb Code    10  stm32f10x_gpio.o(.text)
    GPIO_Write                               0x0800248d   Thumb Code     4  stm32f10x_gpio.o(.text)
    GPIO_PinLockConfig                       0x08002491   Thumb Code    18  stm32f10x_gpio.o(.text)
    GPIO_EventOutputConfig                   0x080024a3   Thumb Code    26  stm32f10x_gpio.o(.text)
    GPIO_EventOutputCmd                      0x080024bd   Thumb Code     6  stm32f10x_gpio.o(.text)
    GPIO_PinRemapConfig                      0x080024c3   Thumb Code   138  stm32f10x_gpio.o(.text)
    GPIO_EXTILineConfig                      0x0800254d   Thumb Code    66  stm32f10x_gpio.o(.text)
    GPIO_ETH_MediaInterfaceConfig            0x0800258f   Thumb Code     8  stm32f10x_gpio.o(.text)
    PWR_DeInit                               0x080025bd   Thumb Code    22  stm32f10x_pwr.o(.text)
    PWR_BackupAccessCmd                      0x080025d3   Thumb Code     6  stm32f10x_pwr.o(.text)
    PWR_PVDCmd                               0x080025d9   Thumb Code     6  stm32f10x_pwr.o(.text)
    PWR_PVDLevelConfig                       0x080025df   Thumb Code    18  stm32f10x_pwr.o(.text)
    PWR_WakeUpPinCmd                         0x080025f1   Thumb Code     8  stm32f10x_pwr.o(.text)
    PWR_EnterSTOPMode                        0x080025f9   Thumb Code    54  stm32f10x_pwr.o(.text)
    PWR_EnterSTANDBYMode                     0x0800262f   Thumb Code    42  stm32f10x_pwr.o(.text)
    PWR_GetFlagStatus                        0x08002659   Thumb Code    20  stm32f10x_pwr.o(.text)
    PWR_ClearFlag                            0x0800266d   Thumb Code    14  stm32f10x_pwr.o(.text)
    RCC_DeInit                               0x08002689   Thumb Code    64  stm32f10x_rcc.o(.text)
    RCC_HSEConfig                            0x080026c9   Thumb Code    70  stm32f10x_rcc.o(.text)
    RCC_GetFlagStatus                        0x0800270f   Thumb Code    56  stm32f10x_rcc.o(.text)
    RCC_WaitForHSEStartUp                    0x08002747   Thumb Code    56  stm32f10x_rcc.o(.text)
    RCC_AdjustHSICalibrationValue            0x0800277f   Thumb Code    20  stm32f10x_rcc.o(.text)
    RCC_HSICmd                               0x08002793   Thumb Code     6  stm32f10x_rcc.o(.text)
    RCC_PLLConfig                            0x08002799   Thumb Code    24  stm32f10x_rcc.o(.text)
    RCC_PLLCmd                               0x080027b1   Thumb Code     6  stm32f10x_rcc.o(.text)
    RCC_SYSCLKConfig                         0x080027b7   Thumb Code    18  stm32f10x_rcc.o(.text)
    RCC_GetSYSCLKSource                      0x080027c9   Thumb Code    10  stm32f10x_rcc.o(.text)
    RCC_HCLKConfig                           0x080027d3   Thumb Code    18  stm32f10x_rcc.o(.text)
    RCC_PCLK1Config                          0x080027e5   Thumb Code    18  stm32f10x_rcc.o(.text)
    RCC_PCLK2Config                          0x080027f7   Thumb Code    20  stm32f10x_rcc.o(.text)
    RCC_ITConfig                             0x0800280b   Thumb Code    26  stm32f10x_rcc.o(.text)
    RCC_USBCLKConfig                         0x08002825   Thumb Code     8  stm32f10x_rcc.o(.text)
    RCC_ADCCLKConfig                         0x0800282d   Thumb Code    18  stm32f10x_rcc.o(.text)
    RCC_LSEConfig                            0x0800283f   Thumb Code    50  stm32f10x_rcc.o(.text)
    RCC_LSICmd                               0x08002871   Thumb Code     6  stm32f10x_rcc.o(.text)
    RCC_RTCCLKConfig                         0x08002877   Thumb Code    12  stm32f10x_rcc.o(.text)
    RCC_RTCCLKCmd                            0x08002883   Thumb Code     8  stm32f10x_rcc.o(.text)
    RCC_GetClocksFreq                        0x0800288b   Thumb Code   192  stm32f10x_rcc.o(.text)
    RCC_AHBPeriphClockCmd                    0x0800294b   Thumb Code    26  stm32f10x_rcc.o(.text)
    RCC_APB2PeriphClockCmd                   0x08002965   Thumb Code    26  stm32f10x_rcc.o(.text)
    RCC_APB1PeriphClockCmd                   0x0800297f   Thumb Code    26  stm32f10x_rcc.o(.text)
    RCC_APB2PeriphResetCmd                   0x08002999   Thumb Code    26  stm32f10x_rcc.o(.text)
    RCC_APB1PeriphResetCmd                   0x080029b3   Thumb Code    26  stm32f10x_rcc.o(.text)
    RCC_BackupResetCmd                       0x080029cd   Thumb Code     8  stm32f10x_rcc.o(.text)
    RCC_ClockSecuritySystemCmd               0x080029d5   Thumb Code     6  stm32f10x_rcc.o(.text)
    RCC_MCOConfig                            0x080029db   Thumb Code     6  stm32f10x_rcc.o(.text)
    RCC_ClearFlag                            0x080029e1   Thumb Code    14  stm32f10x_rcc.o(.text)
    RCC_GetITStatus                          0x080029ef   Thumb Code    20  stm32f10x_rcc.o(.text)
    RCC_ClearITPendingBit                    0x08002a03   Thumb Code     6  stm32f10x_rcc.o(.text)
    USART_DeInit                             0x08002a2d   Thumb Code   134  stm32f10x_usart.o(.text)
    USART_Init                               0x08002ab3   Thumb Code   210  stm32f10x_usart.o(.text)
    USART_StructInit                         0x08002b85   Thumb Code    24  stm32f10x_usart.o(.text)
    USART_ClockInit                          0x08002b9d   Thumb Code    34  stm32f10x_usart.o(.text)
    USART_ClockStructInit                    0x08002bbf   Thumb Code    12  stm32f10x_usart.o(.text)
    USART_Cmd                                0x08002bcb   Thumb Code    24  stm32f10x_usart.o(.text)
    USART_ITConfig                           0x08002be3   Thumb Code    74  stm32f10x_usart.o(.text)
    USART_DMACmd                             0x08002c2d   Thumb Code    18  stm32f10x_usart.o(.text)
    USART_SetAddress                         0x08002c3f   Thumb Code    18  stm32f10x_usart.o(.text)
    USART_WakeUpConfig                       0x08002c51   Thumb Code    18  stm32f10x_usart.o(.text)
    USART_ReceiverWakeUpCmd                  0x08002c63   Thumb Code    24  stm32f10x_usart.o(.text)
    USART_LINBreakDetectLengthConfig         0x08002c7b   Thumb Code    18  stm32f10x_usart.o(.text)
    USART_LINCmd                             0x08002c8d   Thumb Code    24  stm32f10x_usart.o(.text)
    USART_SendData                           0x08002ca5   Thumb Code     8  stm32f10x_usart.o(.text)
    USART_ReceiveData                        0x08002cad   Thumb Code    10  stm32f10x_usart.o(.text)
    USART_SendBreak                          0x08002cb7   Thumb Code    10  stm32f10x_usart.o(.text)
    USART_SetGuardTime                       0x08002cc1   Thumb Code    16  stm32f10x_usart.o(.text)
    USART_SetPrescaler                       0x08002cd1   Thumb Code    16  stm32f10x_usart.o(.text)
    USART_SmartCardCmd                       0x08002ce1   Thumb Code    24  stm32f10x_usart.o(.text)
    USART_SmartCardNACKCmd                   0x08002cf9   Thumb Code    24  stm32f10x_usart.o(.text)
    USART_HalfDuplexCmd                      0x08002d11   Thumb Code    24  stm32f10x_usart.o(.text)
    USART_OverSampling8Cmd                   0x08002d29   Thumb Code    22  stm32f10x_usart.o(.text)
    USART_OneBitMethodCmd                    0x08002d3f   Thumb Code    24  stm32f10x_usart.o(.text)
    USART_IrDAConfig                         0x08002d57   Thumb Code    18  stm32f10x_usart.o(.text)
    USART_IrDACmd                            0x08002d69   Thumb Code    24  stm32f10x_usart.o(.text)
    USART_GetFlagStatus                      0x08002d81   Thumb Code    26  stm32f10x_usart.o(.text)
    USART_ClearFlag                          0x08002d9b   Thumb Code    18  stm32f10x_usart.o(.text)
    USART_GetITStatus                        0x08002dad   Thumb Code    84  stm32f10x_usart.o(.text)
    USART_ClearITPendingBit                  0x08002e01   Thumb Code    52  stm32f10x_usart.o(.text)
    RTC_ITConfig                             0x08002e35   Thumb Code    26  stm32f10x_rtc.o(.text)
    RTC_EnterConfigMode                      0x08002e4f   Thumb Code    18  stm32f10x_rtc.o(.text)
    RTC_ExitConfigMode                       0x08002e61   Thumb Code    20  stm32f10x_rtc.o(.text)
    RTC_GetCounter                           0x08002e75   Thumb Code    18  stm32f10x_rtc.o(.text)
    RTC_SetCounter                           0x08002e87   Thumb Code    26  stm32f10x_rtc.o(.text)
    RTC_SetPrescaler                         0x08002ea1   Thumb Code    28  stm32f10x_rtc.o(.text)
    RTC_SetAlarm                             0x08002ebd   Thumb Code    26  stm32f10x_rtc.o(.text)
    RTC_GetDivider                           0x08002ed7   Thumb Code    22  stm32f10x_rtc.o(.text)
    RTC_WaitForLastTask                      0x08002eed   Thumb Code    18  stm32f10x_rtc.o(.text)
    RTC_WaitForSynchro                       0x08002eff   Thumb Code    36  stm32f10x_rtc.o(.text)
    RTC_GetFlagStatus                        0x08002f23   Thumb Code    22  stm32f10x_rtc.o(.text)
    RTC_ClearFlag                            0x08002f39   Thumb Code    16  stm32f10x_rtc.o(.text)
    RTC_GetITStatus                          0x08002f49   Thumb Code    32  stm32f10x_rtc.o(.text)
    RTC_ClearITPendingBit                    0x08002f69   Thumb Code    16  stm32f10x_rtc.o(.text)
    TIM_DeInit                               0x08002f7d   Thumb Code   424  stm32f10x_tim.o(.text)
    TIM_TimeBaseInit                         0x08003125   Thumb Code   122  stm32f10x_tim.o(.text)
    TIM_OC1Init                              0x0800319f   Thumb Code   132  stm32f10x_tim.o(.text)
    TIM_OC2Init                              0x08003223   Thumb Code   154  stm32f10x_tim.o(.text)
    TIM_OC3Init                              0x080032bd   Thumb Code   150  stm32f10x_tim.o(.text)
    TIM_OC4Init                              0x08003353   Thumb Code   182  stm32f10x_tim.o(.text)
    TIM_SetIC4Prescaler                      0x08003409   Thumb Code    26  stm32f10x_tim.o(.text)
    TIM_SetIC3Prescaler                      0x080034a5   Thumb Code    18  stm32f10x_tim.o(.text)
    TIM_SetIC2Prescaler                      0x08003531   Thumb Code    26  stm32f10x_tim.o(.text)
    TIM_SetIC1Prescaler                      0x080035cd   Thumb Code    18  stm32f10x_tim.o(.text)
    TIM_ICInit                               0x0800364b   Thumb Code   150  stm32f10x_tim.o(.text)
    TIM_PWMIConfig                           0x080036e1   Thumb Code   124  stm32f10x_tim.o(.text)
    TIM_BDTRConfig                           0x0800375d   Thumb Code    32  stm32f10x_tim.o(.text)
    TIM_TimeBaseStructInit                   0x0800377d   Thumb Code    18  stm32f10x_tim.o(.text)
    TIM_OCStructInit                         0x0800378f   Thumb Code    20  stm32f10x_tim.o(.text)
    TIM_ICStructInit                         0x080037a3   Thumb Code    18  stm32f10x_tim.o(.text)
    TIM_BDTRStructInit                       0x080037b5   Thumb Code    40  stm32f10x_tim.o(.text)
    TIM_Cmd                                  0x080037dd   Thumb Code    24  stm32f10x_tim.o(.text)
    TIM_CtrlPWMOutputs                       0x080037f5   Thumb Code    30  stm32f10x_tim.o(.text)
    TIM_ITConfig                             0x08003813   Thumb Code    18  stm32f10x_tim.o(.text)
    TIM_GenerateEvent                        0x08003825   Thumb Code     4  stm32f10x_tim.o(.text)
    TIM_DMAConfig                            0x08003829   Thumb Code    10  stm32f10x_tim.o(.text)
    TIM_DMACmd                               0x08003833   Thumb Code    18  stm32f10x_tim.o(.text)
    TIM_InternalClockConfig                  0x08003845   Thumb Code    12  stm32f10x_tim.o(.text)
    TIM_SelectInputTrigger                   0x08003851   Thumb Code    18  stm32f10x_tim.o(.text)
    TIM_ITRxExternalClockConfig              0x08003863   Thumb Code    24  stm32f10x_tim.o(.text)
    TIM_TIxExternalClockConfig               0x0800387b   Thumb Code    62  stm32f10x_tim.o(.text)
    TIM_ETRConfig                            0x080038b9   Thumb Code    28  stm32f10x_tim.o(.text)
    TIM_ETRClockMode1Config                  0x080038d5   Thumb Code    54  stm32f10x_tim.o(.text)
    TIM_ETRClockMode2Config                  0x0800390b   Thumb Code    32  stm32f10x_tim.o(.text)
    TIM_PrescalerConfig                      0x0800392b   Thumb Code     6  stm32f10x_tim.o(.text)
    TIM_CounterModeConfig                    0x08003931   Thumb Code    18  stm32f10x_tim.o(.text)
    TIM_EncoderInterfaceConfig               0x08003943   Thumb Code    66  stm32f10x_tim.o(.text)
    TIM_ForcedOC1Config                      0x08003985   Thumb Code    18  stm32f10x_tim.o(.text)
    TIM_ForcedOC2Config                      0x08003997   Thumb Code    26  stm32f10x_tim.o(.text)
    TIM_ForcedOC3Config                      0x080039b1   Thumb Code    18  stm32f10x_tim.o(.text)
    TIM_ForcedOC4Config                      0x080039c3   Thumb Code    26  stm32f10x_tim.o(.text)
    TIM_ARRPreloadConfig                     0x080039dd   Thumb Code    24  stm32f10x_tim.o(.text)
    TIM_SelectCOM                            0x080039f5   Thumb Code    24  stm32f10x_tim.o(.text)
    TIM_SelectCCDMA                          0x08003a0d   Thumb Code    24  stm32f10x_tim.o(.text)
    TIM_CCPreloadControl                     0x08003a25   Thumb Code    24  stm32f10x_tim.o(.text)
    TIM_OC1PreloadConfig                     0x08003a3d   Thumb Code    18  stm32f10x_tim.o(.text)
    TIM_OC2PreloadConfig                     0x08003a4f   Thumb Code    26  stm32f10x_tim.o(.text)
    TIM_OC3PreloadConfig                     0x08003a69   Thumb Code    18  stm32f10x_tim.o(.text)
    TIM_OC4PreloadConfig                     0x08003a7b   Thumb Code    26  stm32f10x_tim.o(.text)
    TIM_OC1FastConfig                        0x08003a95   Thumb Code    18  stm32f10x_tim.o(.text)
    TIM_OC2FastConfig                        0x08003aa7   Thumb Code    26  stm32f10x_tim.o(.text)
    TIM_OC3FastConfig                        0x08003ac1   Thumb Code    18  stm32f10x_tim.o(.text)
    TIM_OC4FastConfig                        0x08003ad3   Thumb Code    26  stm32f10x_tim.o(.text)
    TIM_ClearOC1Ref                          0x08003aed   Thumb Code    18  stm32f10x_tim.o(.text)
    TIM_ClearOC2Ref                          0x08003aff   Thumb Code    24  stm32f10x_tim.o(.text)
    TIM_ClearOC3Ref                          0x08003b17   Thumb Code    18  stm32f10x_tim.o(.text)
    TIM_ClearOC4Ref                          0x08003b29   Thumb Code    24  stm32f10x_tim.o(.text)
    TIM_OC1PolarityConfig                    0x08003b41   Thumb Code    18  stm32f10x_tim.o(.text)
    TIM_OC1NPolarityConfig                   0x08003b53   Thumb Code    18  stm32f10x_tim.o(.text)
    TIM_OC2PolarityConfig                    0x08003b65   Thumb Code    26  stm32f10x_tim.o(.text)
    TIM_OC2NPolarityConfig                   0x08003b7f   Thumb Code    26  stm32f10x_tim.o(.text)
    TIM_OC3PolarityConfig                    0x08003b99   Thumb Code    26  stm32f10x_tim.o(.text)
    TIM_OC3NPolarityConfig                   0x08003bb3   Thumb Code    26  stm32f10x_tim.o(.text)
    TIM_OC4PolarityConfig                    0x08003bcd   Thumb Code    26  stm32f10x_tim.o(.text)
    TIM_CCxCmd                               0x08003be7   Thumb Code    30  stm32f10x_tim.o(.text)
    TIM_CCxNCmd                              0x08003c05   Thumb Code    30  stm32f10x_tim.o(.text)
    TIM_SelectOCxM                           0x08003c23   Thumb Code    82  stm32f10x_tim.o(.text)
    TIM_UpdateDisableConfig                  0x08003c75   Thumb Code    24  stm32f10x_tim.o(.text)
    TIM_UpdateRequestConfig                  0x08003c8d   Thumb Code    24  stm32f10x_tim.o(.text)
    TIM_SelectHallSensor                     0x08003ca5   Thumb Code    24  stm32f10x_tim.o(.text)
    TIM_SelectOnePulseMode                   0x08003cbd   Thumb Code    18  stm32f10x_tim.o(.text)
    TIM_SelectOutputTrigger                  0x08003ccf   Thumb Code    18  stm32f10x_tim.o(.text)
    TIM_SelectSlaveMode                      0x08003ce1   Thumb Code    18  stm32f10x_tim.o(.text)
    TIM_SelectMasterSlaveMode                0x08003cf3   Thumb Code    18  stm32f10x_tim.o(.text)
    TIM_SetCounter                           0x08003d05   Thumb Code     4  stm32f10x_tim.o(.text)
    TIM_SetAutoreload                        0x08003d09   Thumb Code     4  stm32f10x_tim.o(.text)
    TIM_SetCompare1                          0x08003d0d   Thumb Code     4  stm32f10x_tim.o(.text)
    TIM_SetCompare2                          0x08003d11   Thumb Code     4  stm32f10x_tim.o(.text)
    TIM_SetCompare3                          0x08003d15   Thumb Code     4  stm32f10x_tim.o(.text)
    TIM_SetCompare4                          0x08003d19   Thumb Code     6  stm32f10x_tim.o(.text)
    TIM_SetClockDivision                     0x08003d1f   Thumb Code    18  stm32f10x_tim.o(.text)
    TIM_GetCapture1                          0x08003d31   Thumb Code     6  stm32f10x_tim.o(.text)
    TIM_GetCapture2                          0x08003d37   Thumb Code     6  stm32f10x_tim.o(.text)
    TIM_GetCapture3                          0x08003d3d   Thumb Code     6  stm32f10x_tim.o(.text)
    TIM_GetCapture4                          0x08003d43   Thumb Code     8  stm32f10x_tim.o(.text)
    TIM_GetCounter                           0x08003d4b   Thumb Code     6  stm32f10x_tim.o(.text)
    TIM_GetPrescaler                         0x08003d51   Thumb Code     6  stm32f10x_tim.o(.text)
    TIM_GetFlagStatus                        0x08003d57   Thumb Code    18  stm32f10x_tim.o(.text)
    TIM_ClearFlag                            0x08003d69   Thumb Code     6  stm32f10x_tim.o(.text)
    TIM_GetITStatus                          0x08003d6f   Thumb Code    34  stm32f10x_tim.o(.text)
    TIM_ClearITPendingBit                    0x08003d91   Thumb Code     6  stm32f10x_tim.o(.text)
    DMA_DeInit                               0x08003d99   Thumb Code   324  stm32f10x_dma.o(.text)
    DMA_Init                                 0x08003edd   Thumb Code    60  stm32f10x_dma.o(.text)
    DMA_StructInit                           0x08003f19   Thumb Code    26  stm32f10x_dma.o(.text)
    DMA_Cmd                                  0x08003f33   Thumb Code    24  stm32f10x_dma.o(.text)
    DMA_ITConfig                             0x08003f4b   Thumb Code    18  stm32f10x_dma.o(.text)
    DMA_SetCurrDataCounter                   0x08003f5d   Thumb Code     4  stm32f10x_dma.o(.text)
    DMA_GetCurrDataCounter                   0x08003f61   Thumb Code     8  stm32f10x_dma.o(.text)
    DMA_GetFlagStatus                        0x08003f69   Thumb Code    40  stm32f10x_dma.o(.text)
    DMA_ClearFlag                            0x08003f91   Thumb Code    22  stm32f10x_dma.o(.text)
    DMA_GetITStatus                          0x08003fa7   Thumb Code    40  stm32f10x_dma.o(.text)
    DMA_ClearITPendingBit                    0x08003fcf   Thumb Code    22  stm32f10x_dma.o(.text)
    CAN_DeInit                               0x08003fed   Thumb Code    50  stm32f10x_can.o(.text)
    CAN_Init                                 0x0800401f   Thumb Code   276  stm32f10x_can.o(.text)
    CAN_FilterInit                           0x08004133   Thumb Code   258  stm32f10x_can.o(.text)
    CAN_StructInit                           0x08004235   Thumb Code    32  stm32f10x_can.o(.text)
    CAN_SlaveStartBank                       0x08004255   Thumb Code    48  stm32f10x_can.o(.text)
    CAN_DBGFreeze                            0x08004285   Thumb Code    22  stm32f10x_can.o(.text)
    CAN_TTComModeCmd                         0x0800429b   Thumb Code   118  stm32f10x_can.o(.text)
    CAN_Transmit                             0x08004311   Thumb Code   304  stm32f10x_can.o(.text)
    CAN_TransmitStatus                       0x08004441   Thumb Code   138  stm32f10x_can.o(.text)
    CAN_CancelTransmit                       0x080044cb   Thumb Code    48  stm32f10x_can.o(.text)
    CAN_Receive                              0x080044fb   Thumb Code   240  stm32f10x_can.o(.text)
    CAN_FIFORelease                          0x080045eb   Thumb Code    22  stm32f10x_can.o(.text)
    CAN_MessagePending                       0x08004601   Thumb Code    30  stm32f10x_can.o(.text)
    CAN_OperatingModeRequest                 0x0800461f   Thumb Code   162  stm32f10x_can.o(.text)
    CAN_Sleep                                0x080046c1   Thumb Code    30  stm32f10x_can.o(.text)
    CAN_WakeUp                               0x080046df   Thumb Code    48  stm32f10x_can.o(.text)
    CAN_GetLastErrorCode                     0x0800470f   Thumb Code    12  stm32f10x_can.o(.text)
    CAN_GetReceiveErrorCounter               0x0800471b   Thumb Code    10  stm32f10x_can.o(.text)
    CAN_GetLSBTransmitErrorCounter           0x08004725   Thumb Code    12  stm32f10x_can.o(.text)
    CAN_ITConfig                             0x08004731   Thumb Code    18  stm32f10x_can.o(.text)
    CAN_GetFlagStatus                        0x08004743   Thumb Code   120  stm32f10x_can.o(.text)
    CAN_ClearFlag                            0x080047bb   Thumb Code    52  stm32f10x_can.o(.text)
    CAN_GetITStatus                          0x08004801   Thumb Code   310  stm32f10x_can.o(.text)
    CAN_ClearITPendingBit                    0x08004937   Thumb Code   162  stm32f10x_can.o(.text)
    ADC_DeInit                               0x080049dd   Thumb Code    78  stm32f10x_adc.o(.text)
    ADC_Init                                 0x08004a2b   Thumb Code    70  stm32f10x_adc.o(.text)
    ADC_StructInit                           0x08004a71   Thumb Code    18  stm32f10x_adc.o(.text)
    ADC_Cmd                                  0x08004a83   Thumb Code    22  stm32f10x_adc.o(.text)
    ADC_DMACmd                               0x08004a99   Thumb Code    22  stm32f10x_adc.o(.text)
    ADC_ITConfig                             0x08004aaf   Thumb Code    24  stm32f10x_adc.o(.text)
    ADC_ResetCalibration                     0x08004ac7   Thumb Code    10  stm32f10x_adc.o(.text)
    ADC_GetResetCalibrationStatus            0x08004ad1   Thumb Code    20  stm32f10x_adc.o(.text)
    ADC_StartCalibration                     0x08004ae5   Thumb Code    10  stm32f10x_adc.o(.text)
    ADC_GetCalibrationStatus                 0x08004aef   Thumb Code    20  stm32f10x_adc.o(.text)
    ADC_SoftwareStartConvCmd                 0x08004b03   Thumb Code    22  stm32f10x_adc.o(.text)
    ADC_GetSoftwareStartConvStatus           0x08004b19   Thumb Code    20  stm32f10x_adc.o(.text)
    ADC_DiscModeChannelCountConfig           0x08004b2d   Thumb Code    24  stm32f10x_adc.o(.text)
    ADC_DiscModeCmd                          0x08004b45   Thumb Code    22  stm32f10x_adc.o(.text)
    ADC_RegularChannelConfig                 0x08004b5b   Thumb Code   184  stm32f10x_adc.o(.text)
    ADC_ExternalTrigConvCmd                  0x08004c13   Thumb Code    22  stm32f10x_adc.o(.text)
    ADC_GetConversionValue                   0x08004c29   Thumb Code     8  stm32f10x_adc.o(.text)
    ADC_GetDualModeConversionValue           0x08004c31   Thumb Code     8  stm32f10x_adc.o(.text)
    ADC_AutoInjectedConvCmd                  0x08004c39   Thumb Code    22  stm32f10x_adc.o(.text)
    ADC_InjectedDiscModeCmd                  0x08004c4f   Thumb Code    22  stm32f10x_adc.o(.text)
    ADC_ExternalTrigInjectedConvConfig       0x08004c65   Thumb Code    16  stm32f10x_adc.o(.text)
    ADC_ExternalTrigInjectedConvCmd          0x08004c75   Thumb Code    22  stm32f10x_adc.o(.text)
    ADC_SoftwareStartInjectedConvCmd         0x08004c8b   Thumb Code    22  stm32f10x_adc.o(.text)
    ADC_GetSoftwareStartInjectedConvCmdStatus 0x08004ca1   Thumb Code    20  stm32f10x_adc.o(.text)
    ADC_InjectedChannelConfig                0x08004cb5   Thumb Code   130  stm32f10x_adc.o(.text)
    ADC_InjectedSequencerLengthConfig        0x08004d37   Thumb Code    24  stm32f10x_adc.o(.text)
    ADC_SetInjectedOffset                    0x08004d4f   Thumb Code    20  stm32f10x_adc.o(.text)
    ADC_GetInjectedConversionValue           0x08004d63   Thumb Code    28  stm32f10x_adc.o(.text)
    ADC_AnalogWatchdogCmd                    0x08004d7f   Thumb Code    16  stm32f10x_adc.o(.text)
    ADC_AnalogWatchdogThresholdsConfig       0x08004d8f   Thumb Code     6  stm32f10x_adc.o(.text)
    ADC_AnalogWatchdogSingleChannelConfig    0x08004d95   Thumb Code    16  stm32f10x_adc.o(.text)
    ADC_TempSensorVrefintCmd                 0x08004da5   Thumb Code    64  stm32f10x_adc.o(.text)
    ADC_GetFlagStatus                        0x08004de5   Thumb Code    18  stm32f10x_adc.o(.text)
    ADC_ClearFlag                            0x08004df7   Thumb Code     6  stm32f10x_adc.o(.text)
    ADC_GetITStatus                          0x08004dfd   Thumb Code    36  stm32f10x_adc.o(.text)
    ADC_ClearITPendingBit                    0x08004e21   Thumb Code    10  stm32f10x_adc.o(.text)
    usmart_sys_cmd_exe                       0x08004e2d   Thumb Code  1554  usmart.o(.text)
    usmart_reset_runtime                     0x0800543f   Thumb Code    38  usmart.o(.text)
    usmart_get_runtime                       0x08005465   Thumb Code    60  usmart.o(.text)
    TIM4_IRQHandler                          0x080054a1   Thumb Code    46  usmart.o(.text)
    Timer4_Init                              0x080054cf   Thumb Code    88  usmart.o(.text)
    usmart_init                              0x08005527   Thumb Code    36  usmart.o(.text)
    usmart_cmd_rec                           0x0800554b   Thumb Code   170  usmart.o(.text)
    usmart_exe                               0x080055f5   Thumb Code   870  usmart.o(.text)
    usmart_scan                              0x0800595b   Thumb Code   120  usmart.o(.text)
    read_addr                                0x080059d3   Thumb Code     6  usmart.o(.text)
    write_addr                               0x080059d9   Thumb Code     4  usmart.o(.text)
    usmart_strcmp                            0x08005a65   Thumb Code    34  usmart_str.o(.text)
    usmart_strcopy                           0x08005a87   Thumb Code    22  usmart_str.o(.text)
    usmart_strlen                            0x08005a9d   Thumb Code    24  usmart_str.o(.text)
    usmart_pow                               0x08005ab5   Thumb Code    22  usmart_str.o(.text)
    usmart_str2num                           0x08005acb   Thumb Code   202  usmart_str.o(.text)
    usmart_get_cmdname                       0x08005b95   Thumb Code    54  usmart_str.o(.text)
    usmart_search_nextc                      0x08005bcb   Thumb Code    22  usmart_str.o(.text)
    usmart_get_fname                         0x08005be1   Thumb Code   440  usmart_str.o(.text)
    usmart_get_aparm                         0x08005d99   Thumb Code   200  usmart_str.o(.text)
    usmart_get_parmpos                       0x08005e61   Thumb Code    26  usmart_str.o(.text)
    usmart_get_fparam                        0x08005e7b   Thumb Code   262  usmart_str.o(.text)
    displayIcon                              0x08005f8d   Thumb Code    86  displaylcd.o(.text)
    LCD_Clear                                0x08005fe3   Thumb Code    40  displaylcd.o(.text)
    displayChinese_16x16                     0x0800600b   Thumb Code   220  displaylcd.o(.text)
    displayWeekday                           0x080060e7   Thumb Code   186  displaylcd.o(.text)
    displayEmpty                             0x080061a1   Thumb Code   124  displaylcd.o(.text)
    WeekYearday                              0x0800621d   Thumb Code    88  displaylcd.o(.text)
    showMainMenu                             0x08006275   Thumb Code   770  displaylcd.o(.text)
    MENU_processing                          0x080065c9   Thumb Code  2140  menu.o(.text)
    TIM5_IRQHandler                          0x08006e25   Thumb Code   174  menu.o(.text)
    __use_no_semihosting                     0x08006ed9   Thumb Code     2  use_no_semi_2.o(.text)
    __c89vsprintf                            0x08006edd   Thumb Code    32  c89vsprintf.o(.text)
    __2printf                                0x08006f01   Thumb Code    20  __2printf.o(.text)
    __2sprintf                               0x08006f19   Thumb Code    38  __2sprintf.o(.text)
    _printf_pre_padding                      0x08006f45   Thumb Code    44  _printf_pad.o(.text)
    _printf_post_padding                     0x08006f71   Thumb Code    34  _printf_pad.o(.text)
    _printf_str                              0x08006f93   Thumb Code    82  _printf_str.o(.text)
    _printf_int_dec                          0x08006fe5   Thumb Code   104  _printf_dec.o(.text)
    _printf_longlong_hex                     0x0800705d   Thumb Code    86  _printf_hex_int_ll_ptr.o(.text)
    _printf_int_hex                          0x080070b3   Thumb Code    28  _printf_hex_int_ll_ptr.o(.text)
    _printf_ll_hex                           0x080070cf   Thumb Code    12  _printf_hex_int_ll_ptr.o(.text)
    _printf_hex_ptr                          0x080070db   Thumb Code    18  _printf_hex_int_ll_ptr.o(.text)
    __printf                                 0x080070f1   Thumb Code   388  __printf_flags_ss_wp.o(.text)
    strlen                                   0x08007279   Thumb Code    62  strlen.o(.text)
    __aeabi_memcpy                           0x080072b7   Thumb Code     0  rt_memcpy_v6.o(.text)
    __rt_memcpy                              0x080072b7   Thumb Code   138  rt_memcpy_v6.o(.text)
    _memcpy_lastbytes                        0x0800731d   Thumb Code     0  rt_memcpy_v6.o(.text)
    __aeabi_memset                           0x08007341   Thumb Code    16  aeabi_memset.o(.text)
    __use_two_region_memory                  0x08007351   Thumb Code     2  heapauxi.o(.text)
    __rt_heap_escrow$2region                 0x08007353   Thumb Code     2  heapauxi.o(.text)
    __rt_heap_expand$2region                 0x08007355   Thumb Code     2  heapauxi.o(.text)
    __I$use$semihosting                      0x08007357   Thumb Code     0  use_no_semi.o(.text)
    __use_no_semihosting_swi                 0x08007357   Thumb Code     2  use_no_semi.o(.text)
    _printf_truncate_signed                  0x08007359   Thumb Code    18  _printf_truncate.o(.text)
    _printf_truncate_unsigned                0x0800736b   Thumb Code    18  _printf_truncate.o(.text)
    _printf_int_common                       0x0800737d   Thumb Code   178  _printf_intcommon.o(.text)
    _printf_charcount                        0x0800742f   Thumb Code    40  _printf_charcount.o(.text)
    _printf_char_common                      0x08007463   Thumb Code    32  _printf_char_common.o(.text)
    _sputc                                   0x08007489   Thumb Code    10  _sputc.o(.text)
    _printf_cs_common                        0x08007493   Thumb Code    20  _printf_char.o(.text)
    _printf_char                             0x080074a7   Thumb Code    16  _printf_char.o(.text)
    _printf_string                           0x080074b7   Thumb Code     8  _printf_char.o(.text)
    _printf_char_file                        0x080074c1   Thumb Code    32  _printf_char_file.o(.text)
    _printf_wctomb                           0x080074e5   Thumb Code   182  _printf_wctomb.o(.text)
    _printf_longlong_dec                     0x080075a1   Thumb Code   108  _printf_longlong_dec.o(.text)
    _printf_longlong_oct                     0x0800761d   Thumb Code    66  _printf_oct_int_ll.o(.text)
    _printf_int_oct                          0x0800765f   Thumb Code    24  _printf_oct_int_ll.o(.text)
    _printf_ll_oct                           0x08007677   Thumb Code    12  _printf_oct_int_ll.o(.text)
    __aeabi_memcpy4                          0x0800768d   Thumb Code     0  rt_memcpy_w.o(.text)
    __aeabi_memcpy8                          0x0800768d   Thumb Code     0  rt_memcpy_w.o(.text)
    __rt_memcpy_w                            0x0800768d   Thumb Code   100  rt_memcpy_w.o(.text)
    _memcpy_lastbytes_aligned                0x080076d5   Thumb Code     0  rt_memcpy_w.o(.text)
    __aeabi_memclr                           0x080076f1   Thumb Code     0  rt_memclr.o(.text)
    __rt_memclr                              0x080076f1   Thumb Code    68  rt_memclr.o(.text)
    _memset                                  0x080076f5   Thumb Code     0  rt_memclr.o(.text)
    _ll_udiv10                               0x08007735   Thumb Code   138  lludiv10.o(.text)
    __lib_sel_fp_printf                      0x080077bf   Thumb Code     2  _printf_fp_dec.o(.text)
    _printf_fp_dec_real                      0x08007971   Thumb Code   620  _printf_fp_dec.o(.text)
    _printf_lcs_common                       0x08007bdd   Thumb Code    20  _printf_wchar.o(.text)
    _printf_wchar                            0x08007bf1   Thumb Code    16  _printf_wchar.o(.text)
    _printf_wstring                          0x08007c01   Thumb Code     8  _printf_wchar.o(.text)
    ferror                                   0x08007c09   Thumb Code     8  ferror.o(.text)
    _wcrtomb                                 0x08007c11   Thumb Code    64  _wcrtomb.o(.text)
    __aeabi_memclr4                          0x08007c51   Thumb Code     0  rt_memclr_w.o(.text)
    __aeabi_memclr8                          0x08007c51   Thumb Code     0  rt_memclr_w.o(.text)
    __rt_memclr_w                            0x08007c51   Thumb Code    78  rt_memclr_w.o(.text)
    _memset_w                                0x08007c55   Thumb Code     0  rt_memclr_w.o(.text)
    __user_setup_stackheap                   0x08007c9f   Thumb Code    74  sys_stackheap_outer.o(.text)
    __rt_ctype_table                         0x08007ce9   Thumb Code    16  rt_ctype_table.o(.text)
    __rt_locale                              0x08007cf9   Thumb Code     8  rt_locale_intlibspace.o(.text)
    _printf_fp_infnan                        0x08007d01   Thumb Code   112  _printf_fp_infnan.o(.text)
    _btod_etento                             0x08007d81   Thumb Code   224  bigflt0.o(.text)
    exit                                     0x08007e65   Thumb Code    18  exit.o(.text)
    __user_libspace                          0x08007e79   Thumb Code     8  libspace.o(.text)
    __user_perproc_libspace                  0x08007e79   Thumb Code     0  libspace.o(.text)
    __user_perthread_libspace                0x08007e79   Thumb Code     0  libspace.o(.text)
    strcmp                                   0x08007e81   Thumb Code   128  strcmpv7m.o(.text)
    _btod_d2e                                0x08007f01   Thumb Code    62  btod.o(CL$$btod_d2e)
    _d2e_denorm_low                          0x08007f3f   Thumb Code    70  btod.o(CL$$btod_d2e_denorm_low)
    _d2e_norm_op1                            0x08007f85   Thumb Code    96  btod.o(CL$$btod_d2e_norm_op1)
    __btod_div_common                        0x08007fe5   Thumb Code   696  btod.o(CL$$btod_div_common)
    _e2e                                     0x0800831d   Thumb Code   220  btod.o(CL$$btod_e2e)
    _btod_ediv                               0x080083f9   Thumb Code    42  btod.o(CL$$btod_ediv)
    _btod_emul                               0x08008423   Thumb Code    42  btod.o(CL$$btod_emul)
    __btod_mult_common                       0x0800844d   Thumb Code   580  btod.o(CL$$btod_mult_common)
    __ARM_fpclassify                         0x08008691   Thumb Code    40  fpclassify.o(i.__ARM_fpclassify)
    _is_digit                                0x080086b9   Thumb Code    14  __printf_wp.o(i._is_digit)
    _get_lc_numeric                          0x080086c9   Thumb Code    44  lc_numeric_c.o(locale$$code)
    _get_lc_ctype                            0x080086f5   Thumb Code    44  lc_ctype_c.o(locale$$code)
    _printf_fp_dec                           0x08008721   Thumb Code     4  printf1.o(x$fpl$printf1)
    __I$use$fp                               0x08008724   Number         0  usenofp.o(x$fpl$usenofp)
    table_week                               0x08008724   Data          12  rtc.o(.constdata)
    mon_table                                0x08008730   Data          12  rtc.o(.constdata)
    asc2_1206                                0x0800873c   Data        1140  st7567a.o(.constdata)
    asc2_1608                                0x08008bb0   Data        1520  st7567a.o(.constdata)
    asc2_2412                                0x080091a0   Data        3420  st7567a.o(.constdata)
    Region$$Table$$Base                      0x0800a0a4   Number         0  anon$$obj.o(Region$$Table)
    Region$$Table$$Limit                     0x0800a0c4   Number         0  anon$$obj.o(Region$$Table)
    __ctype                                  0x0800a0ed   Data           0  lc_ctype_c.o(locale$$data)
    SystemCoreClock                          0x20000000   Data           4  system_stm32f10x.o(.data)
    AHBPrescTable                            0x20000004   Data          16  system_stm32f10x.o(.data)
    out_line                                 0x20000016   Data           4  printer.o(.data)
    reg_num_china                            0x2000001a   Data          12  printer.o(.data)
    USART4_RX_STA                            0x20000026   Data           2  printer.o(.data)
    flag                                     0x20000028   Data           1  printer.o(.data)
    distance                                 0x2000002c   Data           4  timer.o(.data)
    pulse_counter_2                          0x20000030   Data           2  timer.o(.data)
    pulse_counter_1                          0x20000032   Data           2  timer.o(.data)
    velocity                                 0x20000034   Data           4  timer.o(.data)
    impulse_ratio                            0x20000038   Data           4  timer.o(.data)
    USART3_RX_STA                            0x2000003c   Data           2  usart3.o(.data)
    __stdout                                 0x20000044   Data           4  usart.o(.data)
    USART_RX_STA                             0x20000048   Data           2  usart.o(.data)
    sys_cmd_tab                              0x20000060   Data          28  usmart.o(.data)
    usmart_nametab                           0x2000007c   Data          40  usmart_config.o(.data)
    usmart_dev                               0x200000a4   Data         244  usmart_config.o(.data)
    icon_test                                0x20000198   Data          32  displaylcd.o(.data)
    icon_4G_3bars                            0x200001b8   Data          32  displaylcd.o(.data)
    icon_4G_2bars                            0x200001d8   Data          32  displaylcd.o(.data)
    icon_4G_1bar                             0x200001f8   Data          32  displaylcd.o(.data)
    icon_beidou                              0x20000218   Data          32  displaylcd.o(.data)
    icon_ppl                                 0x20000238   Data          32  displaylcd.o(.data)
    icon_camera                              0x20000258   Data          32  displaylcd.o(.data)
    icon_SD                                  0x20000278   Data          32  displaylcd.o(.data)
    icon_charged                             0x20000298   Data          32  displaylcd.o(.data)
    icon_battery                             0x200002b8   Data          32  displaylcd.o(.data)
    icon_abnormalSpeed                       0x200002d8   Data          32  displaylcd.o(.data)
    Chinese_car_plate                        0x200002f8   Data         288  displaylcd.o(.data)
    vehicle_driver_info                      0x20000418   Data         192  displaylcd.o(.data)
    overTimeDriveRecord                      0x200004d8   Data         216  displaylcd.o(.data)
    pulseRatio                               0x200005b0   Data          96  displaylcd.o(.data)
    hello                                    0x20000610   Data          48  displaylcd.o(.data)
    over_speed                               0x20000640   Data          96  displaylcd.o(.data)
    abnormal_speed                           0x200006a0   Data          96  displaylcd.o(.data)
    weekday_array                            0x20000700   Data         288  displaylcd.o(.data)
    car_plate_color                          0x20000820   Data         240  displaylcd.o(.data)
    car_plate_province                       0x20000910   Data         792  displaylcd.o(.data)
    car_IO_status                            0x20000c28   Data         384  displaylcd.o(.data)
    weekday                                  0x20000da8   Data           4  displaylcd.o(.data)
    time_h                                   0x20000dac   Data           4  displaylcd.o(.data)
    time_m                                   0x20000db0   Data           4  displaylcd.o(.data)
    time_s                                   0x20000db4   Data           4  displaylcd.o(.data)
    page                                     0x20000db8   Data           4  menu.o(.data)
    page_min                                 0x20000dbc   Data           4  menu.o(.data)
    page_max                                 0x20000dc0   Data           4  menu.o(.data)
    page_status                              0x20000dc4   Data           4  menu.o(.data)
    page1_row_min                            0x20000dc8   Data           1  menu.o(.data)
    page1_row                                0x20000dc9   Data           1  menu.o(.data)
    page1_row_max                            0x20000dca   Data           1  menu.o(.data)
    page2_row_min                            0x20000dcb   Data           1  menu.o(.data)
    page2_row                                0x20000dcc   Data           1  menu.o(.data)
    page2_row_max                            0x20000dcd   Data           1  menu.o(.data)
    page3_row_min                            0x20000dce   Data           1  menu.o(.data)
    page3_row                                0x20000dcf   Data           1  menu.o(.data)
    page3_row_max                            0x20000dd0   Data           1  menu.o(.data)
    time_1ms                                 0x20000dd2   Data           2  menu.o(.data)
    confirmed_pressed                        0x20000dd4   Data           2  menu.o(.data)
    key_text                                 0x20000dd6   Data           1  menu.o(.data)
    calendar                                 0x20000dd8   Data          10  rtc.o(.bss)
    USART4_RX_BUF                            0x20000de2   Data         200  printer.o(.bss)
    car_info                                 0x20000eb7   Data          34  timer.o(.bss)
    USART3_TX_BUF                            0x20000ee0   Data        5120  usart3.o(.bss)
    USART3_RX_BUF                            0x200022e0   Data        5120  usart3.o(.bss)
    USART_RX_BUF                             0x200036e0   Data         200  usart.o(.bss)
    icon_empty                               0x200037a8   Data          32  displaylcd.o(.bss)
    empty                                    0x200037c8   Data          96  displaylcd.o(.bss)
    screen_clear                             0x20003828   Data          32  displaylcd.o(.bss)
    display_string                           0x20003848   Data         100  displaylcd.o(.bss)
    printString                              0x200038ac   Data         100  menu.o(.bss)
    __libspace_start                         0x20003910   Data          96  libspace.o(.bss)
    __temporary_stack_top$libspace           0x20003970   Data           0  libspace.o(.bss)



==============================================================================

Memory Map of the image

  Image Entry point : 0x08000131

  Load Region LR_IROM1 (Base: 0x08000000, Size: 0x0000afc8, Max: 0x00080000, ABSOLUTE, COMPRESSED[0x0000ab28])

    Execution Region ER_IROM1 (Exec base: 0x08000000, Load base: 0x08000000, Size: 0x0000a1f0, Max: 0x00080000, ABSOLUTE)

    Exec Addr    Load Addr    Size         Type   Attr      Idx    E Section Name        Object

    0x08000000   0x08000000   0x00000130   Data   RO          476    RESET               startup_stm32f10x_hd.o
    0x08000130   0x08000130   0x00000008   Code   RO          789  * !!!main             c_w.l(__main.o)
    0x08000138   0x08000138   0x00000034   Code   RO         1060    !!!scatter          c_w.l(__scatter.o)
    0x0800016c   0x0800016c   0x00000064   Code   RO         1058    !!dclz77c           c_w.l(__dclz77c.o)
    0x080001d0   0x080001d0   0x0000001c   Code   RO         1062    !!handler_zi        c_w.l(__scatter_zi.o)
    0x080001ec   0x080001ec   0x00000000   Code   RO          780    .ARM.Collect$$_printf_percent$$00000000  c_w.l(_printf_percent.o)
    0x080001ec   0x080001ec   0x00000006   Code   RO          819    .ARM.Collect$$_printf_percent$$00000001  c_w.l(_printf_n.o)
    0x080001f2   0x080001f2   0x00000006   Code   RO          820    .ARM.Collect$$_printf_percent$$00000002  c_w.l(_printf_p.o)
    0x080001f8   0x080001f8   0x00000006   Code   RO          823    .ARM.Collect$$_printf_percent$$00000003  c_w.l(_printf_f.o)
    0x080001fe   0x080001fe   0x00000006   Code   RO          824    .ARM.Collect$$_printf_percent$$00000004  c_w.l(_printf_e.o)
    0x08000204   0x08000204   0x00000006   Code   RO          825    .ARM.Collect$$_printf_percent$$00000005  c_w.l(_printf_g.o)
    0x0800020a   0x0800020a   0x00000006   Code   RO          826    .ARM.Collect$$_printf_percent$$00000006  c_w.l(_printf_a.o)
    0x08000210   0x08000210   0x0000000a   Code   RO          831    .ARM.Collect$$_printf_percent$$00000007  c_w.l(_printf_ll.o)
    0x0800021a   0x0800021a   0x00000006   Code   RO          822    .ARM.Collect$$_printf_percent$$00000008  c_w.l(_printf_i.o)
    0x08000220   0x08000220   0x00000006   Code   RO          778    .ARM.Collect$$_printf_percent$$00000009  c_w.l(_printf_d.o)
    0x08000226   0x08000226   0x00000006   Code   RO          779    .ARM.Collect$$_printf_percent$$0000000A  c_w.l(_printf_u.o)
    0x0800022c   0x0800022c   0x00000006   Code   RO          821    .ARM.Collect$$_printf_percent$$0000000B  c_w.l(_printf_o.o)
    0x08000232   0x08000232   0x00000006   Code   RO          777    .ARM.Collect$$_printf_percent$$0000000C  c_w.l(_printf_x.o)
    0x08000238   0x08000238   0x00000006   Code   RO          828    .ARM.Collect$$_printf_percent$$0000000D  c_w.l(_printf_lli.o)
    0x0800023e   0x0800023e   0x00000006   Code   RO          829    .ARM.Collect$$_printf_percent$$0000000E  c_w.l(_printf_lld.o)
    0x08000244   0x08000244   0x00000006   Code   RO          830    .ARM.Collect$$_printf_percent$$0000000F  c_w.l(_printf_llu.o)
    0x0800024a   0x0800024a   0x00000006   Code   RO          835    .ARM.Collect$$_printf_percent$$00000010  c_w.l(_printf_llo.o)
    0x08000250   0x08000250   0x00000006   Code   RO          836    .ARM.Collect$$_printf_percent$$00000011  c_w.l(_printf_llx.o)
    0x08000256   0x08000256   0x0000000a   Code   RO          832    .ARM.Collect$$_printf_percent$$00000012  c_w.l(_printf_l.o)
    0x08000260   0x08000260   0x00000006   Code   RO          775    .ARM.Collect$$_printf_percent$$00000013  c_w.l(_printf_c.o)
    0x08000266   0x08000266   0x00000006   Code   RO          776    .ARM.Collect$$_printf_percent$$00000014  c_w.l(_printf_s.o)
    0x0800026c   0x0800026c   0x00000006   Code   RO          833    .ARM.Collect$$_printf_percent$$00000015  c_w.l(_printf_lc.o)
    0x08000272   0x08000272   0x00000006   Code   RO          834    .ARM.Collect$$_printf_percent$$00000016  c_w.l(_printf_ls.o)
    0x08000278   0x08000278   0x00000004   Code   RO          827    .ARM.Collect$$_printf_percent$$00000017  c_w.l(_printf_percent_end.o)
    0x0800027c   0x0800027c   0x00000002   Code   RO          920    .ARM.Collect$$libinit$$00000000  c_w.l(libinit.o)
    0x0800027e   0x0800027e   0x00000000   Code   RO          937    .ARM.Collect$$libinit$$00000002  c_w.l(libinit2.o)
    0x0800027e   0x0800027e   0x00000000   Code   RO          939    .ARM.Collect$$libinit$$00000004  c_w.l(libinit2.o)
    0x0800027e   0x0800027e   0x00000000   Code   RO          942    .ARM.Collect$$libinit$$0000000A  c_w.l(libinit2.o)
    0x0800027e   0x0800027e   0x00000000   Code   RO          944    .ARM.Collect$$libinit$$0000000C  c_w.l(libinit2.o)
    0x0800027e   0x0800027e   0x00000000   Code   RO          946    .ARM.Collect$$libinit$$0000000E  c_w.l(libinit2.o)
    0x0800027e   0x0800027e   0x00000006   Code   RO          947    .ARM.Collect$$libinit$$0000000F  c_w.l(libinit2.o)
    0x08000284   0x08000284   0x00000000   Code   RO          949    .ARM.Collect$$libinit$$00000011  c_w.l(libinit2.o)
    0x08000284   0x08000284   0x0000000c   Code   RO          950    .ARM.Collect$$libinit$$00000012  c_w.l(libinit2.o)
    0x08000290   0x08000290   0x00000000   Code   RO          951    .ARM.Collect$$libinit$$00000013  c_w.l(libinit2.o)
    0x08000290   0x08000290   0x00000000   Code   RO          953    .ARM.Collect$$libinit$$00000015  c_w.l(libinit2.o)
    0x08000290   0x08000290   0x0000000a   Code   RO          954    .ARM.Collect$$libinit$$00000016  c_w.l(libinit2.o)
    0x0800029a   0x0800029a   0x00000000   Code   RO          955    .ARM.Collect$$libinit$$00000017  c_w.l(libinit2.o)
    0x0800029a   0x0800029a   0x00000000   Code   RO          957    .ARM.Collect$$libinit$$00000019  c_w.l(libinit2.o)
    0x0800029a   0x0800029a   0x00000000   Code   RO          959    .ARM.Collect$$libinit$$0000001B  c_w.l(libinit2.o)
    0x0800029a   0x0800029a   0x00000000   Code   RO          961    .ARM.Collect$$libinit$$0000001D  c_w.l(libinit2.o)
    0x0800029a   0x0800029a   0x00000000   Code   RO          963    .ARM.Collect$$libinit$$0000001F  c_w.l(libinit2.o)
    0x0800029a   0x0800029a   0x00000000   Code   RO          965    .ARM.Collect$$libinit$$00000021  c_w.l(libinit2.o)
    0x0800029a   0x0800029a   0x00000000   Code   RO          967    .ARM.Collect$$libinit$$00000023  c_w.l(libinit2.o)
    0x0800029a   0x0800029a   0x00000000   Code   RO          969    .ARM.Collect$$libinit$$00000025  c_w.l(libinit2.o)
    0x0800029a   0x0800029a   0x00000000   Code   RO          973    .ARM.Collect$$libinit$$0000002C  c_w.l(libinit2.o)
    0x0800029a   0x0800029a   0x00000000   Code   RO          975    .ARM.Collect$$libinit$$0000002E  c_w.l(libinit2.o)
    0x0800029a   0x0800029a   0x00000000   Code   RO          977    .ARM.Collect$$libinit$$00000030  c_w.l(libinit2.o)
    0x0800029a   0x0800029a   0x00000000   Code   RO          979    .ARM.Collect$$libinit$$00000032  c_w.l(libinit2.o)
    0x0800029a   0x0800029a   0x00000002   Code   RO          980    .ARM.Collect$$libinit$$00000033  c_w.l(libinit2.o)
    0x0800029c   0x0800029c   0x00000002   Code   RO          998    .ARM.Collect$$libshutdown$$00000000  c_w.l(libshutdown.o)
    0x0800029e   0x0800029e   0x00000000   Code   RO         1008    .ARM.Collect$$libshutdown$$00000002  c_w.l(libshutdown2.o)
    0x0800029e   0x0800029e   0x00000000   Code   RO         1010    .ARM.Collect$$libshutdown$$00000004  c_w.l(libshutdown2.o)
    0x0800029e   0x0800029e   0x00000000   Code   RO         1012    .ARM.Collect$$libshutdown$$00000006  c_w.l(libshutdown2.o)
    0x0800029e   0x0800029e   0x00000000   Code   RO         1015    .ARM.Collect$$libshutdown$$00000009  c_w.l(libshutdown2.o)
    0x0800029e   0x0800029e   0x00000000   Code   RO         1018    .ARM.Collect$$libshutdown$$0000000C  c_w.l(libshutdown2.o)
    0x0800029e   0x0800029e   0x00000000   Code   RO         1020    .ARM.Collect$$libshutdown$$0000000E  c_w.l(libshutdown2.o)
    0x0800029e   0x0800029e   0x00000000   Code   RO         1023    .ARM.Collect$$libshutdown$$00000011  c_w.l(libshutdown2.o)
    0x0800029e   0x0800029e   0x00000002   Code   RO         1024    .ARM.Collect$$libshutdown$$00000012  c_w.l(libshutdown2.o)
    0x080002a0   0x080002a0   0x00000000   Code   RO          793    .ARM.Collect$$rtentry$$00000000  c_w.l(__rtentry.o)
    0x080002a0   0x080002a0   0x00000000   Code   RO          844    .ARM.Collect$$rtentry$$00000002  c_w.l(__rtentry2.o)
    0x080002a0   0x080002a0   0x00000006   Code   RO          856    .ARM.Collect$$rtentry$$00000004  c_w.l(__rtentry4.o)
    0x080002a6   0x080002a6   0x00000000   Code   RO          846    .ARM.Collect$$rtentry$$00000009  c_w.l(__rtentry2.o)
    0x080002a6   0x080002a6   0x00000004   Code   RO          847    .ARM.Collect$$rtentry$$0000000A  c_w.l(__rtentry2.o)
    0x080002aa   0x080002aa   0x00000000   Code   RO          849    .ARM.Collect$$rtentry$$0000000C  c_w.l(__rtentry2.o)
    0x080002aa   0x080002aa   0x00000008   Code   RO          850    .ARM.Collect$$rtentry$$0000000D  c_w.l(__rtentry2.o)
    0x080002b2   0x080002b2   0x00000002   Code   RO          929    .ARM.Collect$$rtexit$$00000000  c_w.l(rtexit.o)
    0x080002b4   0x080002b4   0x00000000   Code   RO          982    .ARM.Collect$$rtexit$$00000002  c_w.l(rtexit2.o)
    0x080002b4   0x080002b4   0x00000004   Code   RO          983    .ARM.Collect$$rtexit$$00000003  c_w.l(rtexit2.o)
    0x080002b8   0x080002b8   0x00000006   Code   RO          984    .ARM.Collect$$rtexit$$00000004  c_w.l(rtexit2.o)
    0x080002be   0x080002be   0x00000002   PAD
    0x080002c0   0x080002c0   0x000001f8   Code   RO            1    .text               main.o
    0x080004b8   0x080004b8   0x0000001a   Code   RO          174    .text               stm32f10x_it.o
    0x080004d2   0x080004d2   0x00000002   PAD
    0x080004d4   0x080004d4   0x000001e0   Code   RO          215    .text               system_stm32f10x.o
    0x080006b4   0x080006b4   0x00000480   Code   RO          233    .text               rtc.o
    0x08000b34   0x08000b34   0x0000017a   Code   RO          257    .text               24cxx.o
    0x08000cae   0x08000cae   0x00000002   PAD
    0x08000cb0   0x08000cb0   0x00000288   Code   RO          275    .text               myiic.o
    0x08000f38   0x08000f38   0x00000480   Code   RO          287    .text               st7567a.o
    0x080013b8   0x080013b8   0x00000200   Code   RO          306    .text               printer.o
    0x080015b8   0x080015b8   0x00000220   Code   RO          328    .text               timer.o
    0x080017d8   0x080017d8   0x0000030c   Code   RO          347    .text               usart3.o
    0x08001ae4   0x08001ae4   0x00000170   Code   RO          373    .text               can.o
    0x08001c54   0x08001c54   0x00000148   Code   RO          385    .text               gpio.o
    0x08001d9c   0x08001d9c   0x000000d0   Code   RO          398    .text               adc.o
    0x08001e6c   0x08001e6c   0x000000d4   Code   RO          410    .text               delay.o
    0x08001f40   0x08001f40   0x00000140   Code   RO          441    .text               usart.o
    0x08002080   0x08002080   0x00000040   Code   RO          477    .text               startup_stm32f10x_hd.o
    0x080020c0   0x080020c0   0x000000dc   Code   RO          481    .text               misc.o
    0x0800219c   0x0800219c   0x000000c4   Code   RO          493    .text               stm32f10x_bkp.o
    0x08002260   0x08002260   0x0000035c   Code   RO          517    .text               stm32f10x_gpio.o
    0x080025bc   0x080025bc   0x000000cc   Code   RO          529    .text               stm32f10x_pwr.o
    0x08002688   0x08002688   0x000003a4   Code   RO          541    .text               stm32f10x_rcc.o
    0x08002a2c   0x08002a2c   0x00000408   Code   RO          555    .text               stm32f10x_usart.o
    0x08002e34   0x08002e34   0x00000148   Code   RO          567    .text               stm32f10x_rtc.o
    0x08002f7c   0x08002f7c   0x00000e1a   Code   RO          579    .text               stm32f10x_tim.o
    0x08003d96   0x08003d96   0x00000002   PAD
    0x08003d98   0x08003d98   0x00000254   Code   RO          591    .text               stm32f10x_dma.o
    0x08003fec   0x08003fec   0x000009f0   Code   RO          603    .text               stm32f10x_can.o
    0x080049dc   0x080049dc   0x0000044e   Code   RO          615    .text               stm32f10x_adc.o
    0x08004e2a   0x08004e2a   0x00000002   PAD
    0x08004e2c   0x08004e2c   0x00000c38   Code   RO          627    .text               usmart.o
    0x08005a64   0x08005a64   0x00000528   Code   RO          656    .text               usmart_str.o
    0x08005f8c   0x08005f8c   0x0000063c   Code   RO          668    .text               displaylcd.o
    0x080065c8   0x080065c8   0x00000910   Code   RO          688    .text               menu.o
    0x08006ed8   0x08006ed8   0x00000002   Code   RO          714    .text               c_w.l(use_no_semi_2.o)
    0x08006eda   0x08006eda   0x00000002   PAD
    0x08006edc   0x08006edc   0x00000024   Code   RO          716    .text               c_w.l(c89vsprintf.o)
    0x08006f00   0x08006f00   0x00000018   Code   RO          718    .text               c_w.l(__2printf.o)
    0x08006f18   0x08006f18   0x0000002c   Code   RO          720    .text               c_w.l(__2sprintf.o)
    0x08006f44   0x08006f44   0x0000004e   Code   RO          728    .text               c_w.l(_printf_pad.o)
    0x08006f92   0x08006f92   0x00000052   Code   RO          730    .text               c_w.l(_printf_str.o)
    0x08006fe4   0x08006fe4   0x00000078   Code   RO          732    .text               c_w.l(_printf_dec.o)
    0x0800705c   0x0800705c   0x00000094   Code   RO          752    .text               c_w.l(_printf_hex_int_ll_ptr.o)
    0x080070f0   0x080070f0   0x00000188   Code   RO          772    .text               c_w.l(__printf_flags_ss_wp.o)
    0x08007278   0x08007278   0x0000003e   Code   RO          781    .text               c_w.l(strlen.o)
    0x080072b6   0x080072b6   0x0000008a   Code   RO          783    .text               c_w.l(rt_memcpy_v6.o)
    0x08007340   0x08007340   0x00000010   Code   RO          785    .text               c_w.l(aeabi_memset.o)
    0x08007350   0x08007350   0x00000006   Code   RO          787    .text               c_w.l(heapauxi.o)
    0x08007356   0x08007356   0x00000002   Code   RO          791    .text               c_w.l(use_no_semi.o)
    0x08007358   0x08007358   0x00000024   Code   RO          794    .text               c_w.l(_printf_truncate.o)
    0x0800737c   0x0800737c   0x000000b2   Code   RO          796    .text               c_w.l(_printf_intcommon.o)
    0x0800742e   0x0800742e   0x00000028   Code   RO          798    .text               c_w.l(_printf_charcount.o)
    0x08007456   0x08007456   0x00000002   PAD
    0x08007458   0x08007458   0x00000030   Code   RO          800    .text               c_w.l(_printf_char_common.o)
    0x08007488   0x08007488   0x0000000a   Code   RO          802    .text               c_w.l(_sputc.o)
    0x08007492   0x08007492   0x0000002c   Code   RO          804    .text               c_w.l(_printf_char.o)
    0x080074be   0x080074be   0x00000002   PAD
    0x080074c0   0x080074c0   0x00000024   Code   RO          806    .text               c_w.l(_printf_char_file.o)
    0x080074e4   0x080074e4   0x000000bc   Code   RO          808    .text               c_w.l(_printf_wctomb.o)
    0x080075a0   0x080075a0   0x0000007c   Code   RO          811    .text               c_w.l(_printf_longlong_dec.o)
    0x0800761c   0x0800761c   0x00000070   Code   RO          817    .text               c_w.l(_printf_oct_int_ll.o)
    0x0800768c   0x0800768c   0x00000064   Code   RO          837    .text               c_w.l(rt_memcpy_w.o)
    0x080076f0   0x080076f0   0x00000044   Code   RO          839    .text               c_w.l(rt_memclr.o)
    0x08007734   0x08007734   0x0000008a   Code   RO          858    .text               c_w.l(lludiv10.o)
    0x080077be   0x080077be   0x0000041e   Code   RO          860    .text               c_w.l(_printf_fp_dec.o)
    0x08007bdc   0x08007bdc   0x0000002c   Code   RO          864    .text               c_w.l(_printf_wchar.o)
    0x08007c08   0x08007c08   0x00000008   Code   RO          866    .text               c_w.l(ferror.o)
    0x08007c10   0x08007c10   0x00000040   Code   RO          870    .text               c_w.l(_wcrtomb.o)
    0x08007c50   0x08007c50   0x0000004e   Code   RO          872    .text               c_w.l(rt_memclr_w.o)
    0x08007c9e   0x08007c9e   0x0000004a   Code   RO          874    .text               c_w.l(sys_stackheap_outer.o)
    0x08007ce8   0x08007ce8   0x00000010   Code   RO          876    .text               c_w.l(rt_ctype_table.o)
    0x08007cf8   0x08007cf8   0x00000008   Code   RO          881    .text               c_w.l(rt_locale_intlibspace.o)
    0x08007d00   0x08007d00   0x00000080   Code   RO          883    .text               c_w.l(_printf_fp_infnan.o)
    0x08007d80   0x08007d80   0x000000e4   Code   RO          885    .text               c_w.l(bigflt0.o)
    0x08007e64   0x08007e64   0x00000012   Code   RO          913    .text               c_w.l(exit.o)
    0x08007e76   0x08007e76   0x00000002   PAD
    0x08007e78   0x08007e78   0x00000008   Code   RO          926    .text               c_w.l(libspace.o)
    0x08007e80   0x08007e80   0x00000080   Code   RO          934    .text               c_w.l(strcmpv7m.o)
    0x08007f00   0x08007f00   0x0000003e   Code   RO          888    CL$$btod_d2e        c_w.l(btod.o)
    0x08007f3e   0x08007f3e   0x00000046   Code   RO          890    CL$$btod_d2e_denorm_low  c_w.l(btod.o)
    0x08007f84   0x08007f84   0x00000060   Code   RO          889    CL$$btod_d2e_norm_op1  c_w.l(btod.o)
    0x08007fe4   0x08007fe4   0x00000338   Code   RO          898    CL$$btod_div_common  c_w.l(btod.o)
    0x0800831c   0x0800831c   0x000000dc   Code   RO          895    CL$$btod_e2e        c_w.l(btod.o)
    0x080083f8   0x080083f8   0x0000002a   Code   RO          892    CL$$btod_ediv       c_w.l(btod.o)
    0x08008422   0x08008422   0x0000002a   Code   RO          891    CL$$btod_emul       c_w.l(btod.o)
    0x0800844c   0x0800844c   0x00000244   Code   RO          897    CL$$btod_mult_common  c_w.l(btod.o)
    0x08008690   0x08008690   0x00000028   Code   RO          924    i.__ARM_fpclassify  m_ws.l(fpclassify.o)
    0x080086b8   0x080086b8   0x0000000e   Code   RO          765    i._is_digit         c_w.l(__printf_wp.o)
    0x080086c6   0x080086c6   0x00000002   PAD
    0x080086c8   0x080086c8   0x0000002c   Code   RO          911    locale$$code        c_w.l(lc_numeric_c.o)
    0x080086f4   0x080086f4   0x0000002c   Code   RO          932    locale$$code        c_w.l(lc_ctype_c.o)
    0x08008720   0x08008720   0x00000004   Code   RO          841    x$fpl$printf1       fz_ws.l(printf1.o)
    0x08008724   0x08008724   0x00000000   Code   RO          923    x$fpl$usenofp       fz_ws.l(usenofp.o)
    0x08008724   0x08008724   0x00000018   Data   RO          235    .constdata          rtc.o
    0x0800873c   0x0800873c   0x000017c0   Data   RO          288    .constdata          st7567a.o
    0x08009efc   0x08009efc   0x00000028   Data   RO          753    .constdata          c_w.l(_printf_hex_int_ll_ptr.o)
    0x08009f24   0x08009f24   0x00000011   Data   RO          773    .constdata          c_w.l(__printf_flags_ss_wp.o)
    0x08009f35   0x08009f35   0x00000003   PAD
    0x08009f38   0x08009f38   0x00000008   Data   RO          809    .constdata          c_w.l(_printf_wctomb.o)
    0x08009f40   0x08009f40   0x00000094   Data   RO          886    .constdata          c_w.l(bigflt0.o)
    0x08009fd4   0x08009fd4   0x00000028   Data   RO          628    .conststring        usmart.o
    0x08009ffc   0x08009ffc   0x000000a7   Data   RO          643    .conststring        usmart_config.o
    0x0800a0a3   0x0800a0a3   0x00000001   PAD
    0x0800a0a4   0x0800a0a4   0x00000020   Data   RO         1056    Region$$Table       anon$$obj.o
    0x0800a0c4   0x0800a0c4   0x0000001c   Data   RO          910    locale$$data        c_w.l(lc_numeric_c.o)
    0x0800a0e0   0x0800a0e0   0x00000110   Data   RO          931    locale$$data        c_w.l(lc_ctype_c.o)


    Execution Region RW_IRAM1 (Exec base: 0x20000000, Load base: 0x0800a1f0, Size: 0x00003f70, Max: 0x00010000, ABSOLUTE, COMPRESSED[0x00000938])

    Exec Addr    Load Addr    Size         Type   Attr      Idx    E Section Name        Object

    0x20000000   COMPRESSED   0x00000014   Data   RW          216    .data               system_stm32f10x.o
    0x20000014   COMPRESSED   0x00000002   Data   RW          236    .data               rtc.o
    0x20000016   COMPRESSED   0x00000014   Data   RW          308    .data               printer.o
    0x2000002a   COMPRESSED   0x00000002   PAD
    0x2000002c   COMPRESSED   0x00000010   Data   RW          330    .data               timer.o
    0x2000003c   COMPRESSED   0x00000002   Data   RW          349    .data               usart3.o
    0x2000003e   COMPRESSED   0x00000001   Data   RW          386    .data               gpio.o
    0x2000003f   COMPRESSED   0x00000001   PAD
    0x20000040   COMPRESSED   0x00000004   Data   RW          411    .data               delay.o
    0x20000044   COMPRESSED   0x00000006   Data   RW          443    .data               usart.o
    0x2000004a   COMPRESSED   0x00000014   Data   RW          542    .data               stm32f10x_rcc.o
    0x2000005e   COMPRESSED   0x00000002   PAD
    0x20000060   COMPRESSED   0x0000001c   Data   RW          629    .data               usmart.o
    0x2000007c   COMPRESSED   0x0000011c   Data   RW          644    .data               usmart_config.o
    0x20000198   COMPRESSED   0x00000c20   Data   RW          670    .data               displaylcd.o
    0x20000db8   COMPRESSED   0x0000001f   Data   RW          690    .data               menu.o
    0x20000dd7   COMPRESSED   0x00000001   PAD
    0x20000dd8        -       0x0000000a   Zero   RW          234    .bss                rtc.o
    0x20000de2        -       0x000000d5   Zero   RW          307    .bss                printer.o
    0x20000eb7        -       0x00000022   Zero   RW          329    .bss                timer.o
    0x20000ed9   COMPRESSED   0x00000007   PAD
    0x20000ee0        -       0x00002800   Zero   RW          348    .bss                usart3.o
    0x200036e0        -       0x000000c8   Zero   RW          442    .bss                usart.o
    0x200037a8        -       0x00000104   Zero   RW          669    .bss                displaylcd.o
    0x200038ac        -       0x00000064   Zero   RW          689    .bss                menu.o
    0x20003910        -       0x00000060   Zero   RW          927    .bss                c_w.l(libspace.o)
    0x20003970        -       0x00000200   Zero   RW          475    HEAP                startup_stm32f10x_hd.o
    0x20003b70        -       0x00000400   Zero   RW          474    STACK               startup_stm32f10x_hd.o


==============================================================================

Image component sizes


      Code (inc. data)   RO Data    RW Data    ZI Data      Debug   Object Name

       378          0          0          0          0       2778   24cxx.o
       208          6          0          0          0       1075   adc.o
       368          8          0          0          0       2089   can.o
       212         18          0          4          0       1019   delay.o
      1596        164          0       3104        260       5686   displaylcd.o
       328         18          0          1          0       1008   gpio.o
       504        116          0          0          0     282451   main.o
      2320        246          0         31        100       3105   menu.o
       220         22          0          0          0       1777   misc.o
       648         12          0          0          0       1864   myiic.o
       512         34          0         20        213       3384   printer.o
      1152         60         24          2         10       4582   rtc.o
      1152         20       6080          0          0       4170   st7567a.o
        64         26        304          0       1536        788   startup_stm32f10x_hd.o
      1102         26          0          0          0      11017   stm32f10x_adc.o
       196          8          0          0          0       3472   stm32f10x_bkp.o
      2544         38          0          0          0       8004   stm32f10x_can.o
       596          8          0          0          0       4338   stm32f10x_dma.o
       860         38          0          0          0       5709   stm32f10x_gpio.o
        26          0          0          0          0       1166   stm32f10x_it.o
       204         14          0          0          0       1943   stm32f10x_pwr.o
       932         36          0         20          0       8872   stm32f10x_rcc.o
       328          4          0          0          0       2710   stm32f10x_rtc.o
      3610         88          0          0          0      22816   stm32f10x_tim.o
      1032         22          0          0          0       8432   stm32f10x_usart.o
         0          0          0          0          0         32   sys.o
       480         38          0         20          0       1703   system_stm32f10x.o
       544         40          0         16         34       2102   timer.o
       320         18          0          6        200       3098   usart.o
       780         28          0          2      10240       4820   usart3.o
      3128       1288         40         28          0       4338   usmart.o
         0          0        167        284          0       1564   usmart_config.o
      1320         12          0          0          0       5201   usmart_str.o

    ----------------------------------------------------------------------
     27672       2456       6648       3544      12600     417113   Object Totals
         0          0         32          0          0          0   (incl. Generated)
         8          0          1          6          7          0   (incl. Padding)

    ----------------------------------------------------------------------

      Code (inc. data)   RO Data    RW Data    ZI Data      Debug   Library Member Name

        24          4          0          0          0         84   __2printf.o
        44          6          0          0          0         84   __2sprintf.o
       100          0          0          0          0          0   __dclz77c.o
         8          0          0          0          0         68   __main.o
       392          4         17          0          0         92   __printf_flags_ss_wp.o
        14          0          0          0          0         68   __printf_wp.o
         0          0          0          0          0          0   __rtentry.o
        12          0          0          0          0          0   __rtentry2.o
         6          0          0          0          0          0   __rtentry4.o
        52          8          0          0          0          0   __scatter.o
        28          0          0          0          0          0   __scatter_zi.o
         6          0          0          0          0          0   _printf_a.o
         6          0          0          0          0          0   _printf_c.o
        44          0          0          0          0        108   _printf_char.o
        48          6          0          0          0         96   _printf_char_common.o
        36          4          0          0          0         80   _printf_char_file.o
        40          0          0          0          0         68   _printf_charcount.o
         6          0          0          0          0          0   _printf_d.o
       120         16          0          0          0         92   _printf_dec.o
         6          0          0          0          0          0   _printf_e.o
         6          0          0          0          0          0   _printf_f.o
      1054          0          0          0          0        216   _printf_fp_dec.o
       128         16          0          0          0         84   _printf_fp_infnan.o
         6          0          0          0          0          0   _printf_g.o
       148          4         40          0          0        160   _printf_hex_int_ll_ptr.o
         6          0          0          0          0          0   _printf_i.o
       178          0          0          0          0         88   _printf_intcommon.o
        10          0          0          0          0          0   _printf_l.o
         6          0          0          0          0          0   _printf_lc.o
        10          0          0          0          0          0   _printf_ll.o
         6          0          0          0          0          0   _printf_lld.o
         6          0          0          0          0          0   _printf_lli.o
         6          0          0          0          0          0   _printf_llo.o
         6          0          0          0          0          0   _printf_llu.o
         6          0          0          0          0          0   _printf_llx.o
       124         16          0          0          0         92   _printf_longlong_dec.o
         6          0          0          0          0          0   _printf_ls.o
         6          0          0          0          0          0   _printf_n.o
         6          0          0          0          0          0   _printf_o.o
       112         10          0          0          0        124   _printf_oct_int_ll.o
         6          0          0          0          0          0   _printf_p.o
        78          0          0          0          0        108   _printf_pad.o
         0          0          0          0          0          0   _printf_percent.o
         4          0          0          0          0          0   _printf_percent_end.o
         6          0          0          0          0          0   _printf_s.o
        82          0          0          0          0         80   _printf_str.o
        36          0          0          0          0         84   _printf_truncate.o
         6          0          0          0          0          0   _printf_u.o
        44          0          0          0          0        108   _printf_wchar.o
       188          6          8          0          0         92   _printf_wctomb.o
         6          0          0          0          0          0   _printf_x.o
        10          0          0          0          0         68   _sputc.o
        64          0          0          0          0         92   _wcrtomb.o
        16          0          0          0          0         68   aeabi_memset.o
       228          4        148          0          0         96   bigflt0.o
      1936        128          0          0          0        672   btod.o
        36          4          0          0          0         76   c89vsprintf.o
        18          0          0          0          0         80   exit.o
         8          0          0          0          0         68   ferror.o
         6          0          0          0          0        152   heapauxi.o
        44         10        272          0          0         76   lc_ctype_c.o
        44         10         28          0          0         76   lc_numeric_c.o
         2          0          0          0          0          0   libinit.o
        30          0          0          0          0          0   libinit2.o
         2          0          0          0          0          0   libshutdown.o
         2          0          0          0          0          0   libshutdown2.o
         8          4          0          0         96         68   libspace.o
       138          0          0          0          0         80   lludiv10.o
        16          4          0          0          0         76   rt_ctype_table.o
         8          4          0          0          0         68   rt_locale_intlibspace.o
        68          0          0          0          0         68   rt_memclr.o
        78          0          0          0          0         80   rt_memclr_w.o
       138          0          0          0          0         68   rt_memcpy_v6.o
       100          0          0          0          0         80   rt_memcpy_w.o
         2          0          0          0          0          0   rtexit.o
        10          0          0          0          0          0   rtexit2.o
       128          0          0          0          0         68   strcmpv7m.o
        62          0          0          0          0         76   strlen.o
        74          0          0          0          0         80   sys_stackheap_outer.o
         2          0          0          0          0         68   use_no_semi.o
         2          0          0          0          0         68   use_no_semi_2.o
         4          0          0          0          0         68   printf1.o
         0          0          0          0          0          0   usenofp.o
        40          0          0          0          0         68   fpclassify.o

    ----------------------------------------------------------------------
      6620        268        516          0         96       4684   Library Totals
        12          0          3          0          0          0   (incl. Padding)

    ----------------------------------------------------------------------

      Code (inc. data)   RO Data    RW Data    ZI Data      Debug   Library Name

      6564        268        513          0         96       4548   c_w.l
         4          0          0          0          0         68   fz_ws.l
        40          0          0          0          0         68   m_ws.l

    ----------------------------------------------------------------------
      6620        268        516          0         96       4684   Library Totals

    ----------------------------------------------------------------------

==============================================================================


      Code (inc. data)   RO Data    RW Data    ZI Data      Debug   

     34292       2724       7164       3544      12696     416229   Grand Totals
     34292       2724       7164       2360      12696     416229   ELF Image Totals (compressed)
     34292       2724       7164       2360          0          0   ROM Totals

==============================================================================

    Total RO  Size (Code + RO Data)                41456 (  40.48kB)
    Total RW  Size (RW Data + ZI Data)             16240 (  15.86kB)
    Total ROM Size (Code + RO Data + RW Data)      43816 (  42.79kB)

==============================================================================

