Component: ARM Compiler 5.06 update 7 (build 960) Tool: armlink [4d3601]

==============================================================================

Section Cross References

    main.o(.text) refers to _printf_percent.o(.ARM.Collect$$_printf_percent$$00000000) for _printf_percent
    main.o(.text) refers to _printf_c.o(.ARM.Collect$$_printf_percent$$00000013) for _printf_c
    main.o(.text) refers to _printf_str.o(.text) for _printf_str
    main.o(.text) refers to delay.o(.text) for delay_init
    main.o(.text) refers to misc.o(.text) for NVIC_PriorityGroupConfig
    main.o(.text) refers to usart.o(.text) for uart_init
    main.o(.text) refers to __2printf.o(.text) for __2printf
    main.o(.text) refers to usart3.o(.text) for USART3_Init
    main.o(.text) refers to timer.o(.text) for TIM3_ETR
    main.o(.text) refers to st7567a.o(.text) for LcdInitial
    main.o(.text) refers to 24cxx.o(.text) for AT24CXX_Init
    main.o(.text) refers to printer.o(.text) for printer_init
    main.o(.text) refers to can.o(.text) for CAN_Mode_Init
    main.o(.text) refers to gpio.o(.text) for InPut_Init
    main.o(.text) refers to rtc.o(.text) for RTC_Init
    main.o(.text) refers to displaylcd.o(.text) for showMainMenu
    main.o(.text) refers to timer.o(.data) for impulse_ratio
    main.o(.text) refers to timer.o(.bss) for car_info
    main.o(.text) refers to system_stm32f10x.o(.data) for SystemCoreClock
    main.o(.text) refers to usmart_config.o(.data) for usmart_dev
    main.o(.text) refers to rtc.o(.bss) for calendar
    main.o(.text) refers to usart3.o(.data) for USART3_RX_STA
    main.o(.text) refers to usart3.o(.bss) for USART3_RX_BUF
    system_stm32f10x.o(.text) refers to system_stm32f10x.o(.data) for SystemCoreClock
    displaylcd.o(.text) refers to _printf_pad.o(.text) for _printf_pre_padding
    displaylcd.o(.text) refers to _printf_percent.o(.ARM.Collect$$_printf_percent$$00000000) for _printf_percent
    displaylcd.o(.text) refers to _printf_d.o(.ARM.Collect$$_printf_percent$$00000009) for _printf_d
    displaylcd.o(.text) refers to _printf_dec.o(.text) for _printf_int_dec
    displaylcd.o(.text) refers to st7567a.o(.text) for SendCmdByte
    displaylcd.o(.text) refers to __2printf.o(.text) for __2printf
    displaylcd.o(.text) refers to __2sprintf.o(.text) for __2sprintf
    displaylcd.o(.text) refers to st7567a.o(.data) for weekday_array
    displaylcd.o(.text) refers to rtc.o(.bss) for calendar
    displaylcd.o(.text) refers to displaylcd.o(.data) for weekday
    displaylcd.o(.text) refers to displaylcd.o(.bss) for display_string
    rtc.o(.text) refers to _printf_percent.o(.ARM.Collect$$_printf_percent$$00000000) for _printf_percent
    rtc.o(.text) refers to _printf_d.o(.ARM.Collect$$_printf_percent$$00000009) for _printf_d
    rtc.o(.text) refers to _printf_dec.o(.text) for _printf_int_dec
    rtc.o(.text) refers to misc.o(.text) for NVIC_Init
    rtc.o(.text) refers to stm32f10x_rtc.o(.text) for RTC_GetCounter
    rtc.o(.text) refers to stm32f10x_rcc.o(.text) for RCC_APB1PeriphClockCmd
    rtc.o(.text) refers to stm32f10x_pwr.o(.text) for PWR_BackupAccessCmd
    rtc.o(.text) refers to stm32f10x_bkp.o(.text) for BKP_ReadBackupRegister
    rtc.o(.text) refers to delay.o(.text) for delay_ms
    rtc.o(.text) refers to __2printf.o(.text) for __2printf
    rtc.o(.text) refers to rtc.o(.constdata) for table_week
    rtc.o(.text) refers to rtc.o(.data) for daycnt
    rtc.o(.text) refers to rtc.o(.bss) for calendar
    24cxx.o(.text) refers to myiic.o(.text) for IIC_Init
    24cxx.o(.text) refers to delay.o(.text) for delay_ms
    myiic.o(.text) refers to stm32f10x_rcc.o(.text) for RCC_APB2PeriphClockCmd
    myiic.o(.text) refers to stm32f10x_gpio.o(.text) for GPIO_Init
    myiic.o(.text) refers to delay.o(.text) for delay_us
    st7567a.o(.text) refers to stm32f10x_gpio.o(.text) for GPIO_SetBits
    st7567a.o(.text) refers to stm32f10x_rcc.o(.text) for RCC_APB2PeriphClockCmd
    st7567a.o(.text) refers to st7567a.o(.constdata) for asc2_2412
    st7567a.o(.text) refers to st7567a.o(.data) for Hzk1
    printer.o(.text) refers to stm32f10x_usart.o(.text) for USART_GetFlagStatus
    printer.o(.text) refers to stm32f10x_rcc.o(.text) for RCC_APB1PeriphClockCmd
    printer.o(.text) refers to stm32f10x_gpio.o(.text) for GPIO_Init
    printer.o(.text) refers to misc.o(.text) for NVIC_Init
    printer.o(.text) refers to rt_memcpy_v6.o(.text) for __aeabi_memcpy
    printer.o(.text) refers to aeabi_memset.o(.text) for __aeabi_memset
    printer.o(.text) refers to printer.o(.data) for i
    printer.o(.text) refers to printer.o(.bss) for rebuf
    timer.o(.text) refers to stm32f10x_rcc.o(.text) for RCC_APB1PeriphClockCmd
    timer.o(.text) refers to stm32f10x_gpio.o(.text) for GPIO_Init
    timer.o(.text) refers to stm32f10x_tim.o(.text) for TIM_TimeBaseInit
    timer.o(.text) refers to misc.o(.text) for NVIC_Init
    timer.o(.text) refers to timer.o(.data) for distance
[...]
    _printf_g                                0x080001fd   Thumb Code     0  _printf_g.o(.ARM.Collect$$_printf_percent$$00000005)
    _printf_a                                0x08000203   Thumb Code     0  _printf_a.o(.ARM.Collect$$_printf_percent$$00000006)
    _printf_ll                               0x08000209   Thumb Code     0  _printf_ll.o(.ARM.Collect$$_printf_percent$$00000007)
    _printf_i                                0x08000213   Thumb Code     0  _printf_i.o(.ARM.Collect$$_printf_percent$$00000008)
    _printf_d                                0x08000219   Thumb Code     0  _printf_d.o(.ARM.Collect$$_printf_percent$$00000009)
    _printf_u                                0x0800021f   Thumb Code     0  _printf_u.o(.ARM.Collect$$_printf_percent$$0000000A)
    _printf_o                                0x08000225   Thumb Code     0  _printf_o.o(.ARM.Collect$$_printf_percent$$0000000B)
    _printf_x                                0x0800022b   Thumb Code     0  _printf_x.o(.ARM.Collect$$_printf_percent$$0000000C)
    _printf_lli                              0x08000231   Thumb Code     0  _printf_lli.o(.ARM.Collect$$_printf_percent$$0000000D)
    _printf_lld                              0x08000237   Thumb Code     0  _printf_lld.o(.ARM.Collect$$_printf_percent$$0000000E)
    _printf_llu                              0x0800023d   Thumb Code     0  _printf_llu.o(.ARM.Collect$$_printf_percent$$0000000F)
    _printf_llo                              0x08000243   Thumb Code     0  _printf_llo.o(.ARM.Collect$$_printf_percent$$00000010)
    _printf_llx                              0x08000249   Thumb Code     0  _printf_llx.o(.ARM.Collect$$_printf_percent$$00000011)
    _printf_l                                0x0800024f   Thumb Code     0  _printf_l.o(.ARM.Collect$$_printf_percent$$00000012)
    _printf_c                                0x08000259   Thumb Code     0  _printf_c.o(.ARM.Collect$$_printf_percent$$00000013)
    _printf_s                                0x0800025f   Thumb Code     0  _printf_s.o(.ARM.Collect$$_printf_percent$$00000014)
    _printf_lc                               0x08000265   Thumb Code     0  _printf_lc.o(.ARM.Collect$$_printf_percent$$00000015)
    _printf_ls                               0x0800026b   Thumb Code     0  _printf_ls.o(.ARM.Collect$$_printf_percent$$00000016)
    _printf_percent_end                      0x08000271   Thumb Code     0  _printf_percent_end.o(.ARM.Collect$$_printf_percent$$00000017)
    __rt_lib_init                            0x08000275   Thumb Code     0  libinit.o(.ARM.Collect$$libinit$$00000000)
    __rt_lib_init_fp_1                       0x08000277   Thumb Code     0  libinit2.o(.ARM.Collect$$libinit$$00000002)
    __rt_lib_init_heap_1                     0x08000277   Thumb Code     0  libinit2.o(.ARM.Collect$$libinit$$0000000A)
    __rt_lib_init_lc_common                  0x08000277   Thumb Code     0  libinit2.o(.ARM.Collect$$libinit$$0000000F)
    __rt_lib_init_preinit_1                  0x08000277   Thumb Code     0  libinit2.o(.ARM.Collect$$libinit$$00000004)
    __rt_lib_init_rand_1                     0x08000277   Thumb Code     0  libinit2.o(.ARM.Collect$$libinit$$0000000E)
    __rt_lib_init_user_alloc_1               0x08000277   Thumb Code     0  libinit2.o(.ARM.Collect$$libinit$$0000000C)
    __rt_lib_init_lc_collate_1               0x0800027d   Thumb Code     0  libinit2.o(.ARM.Collect$$libinit$$00000011)
    __rt_lib_init_lc_ctype_2                 0x0800027d   Thumb Code     0  libinit2.o(.ARM.Collect$$libinit$$00000012)
    __rt_lib_init_lc_ctype_1                 0x08000289   Thumb Code     0  libinit2.o(.ARM.Collect$$libinit$$00000013)
    __rt_lib_init_lc_monetary_1              0x08000289   Thumb Code     0  libinit2.o(.ARM.Collect$$libinit$$00000015)
    __rt_lib_init_lc_numeric_2               0x08000289   Thumb Code     0  libinit2.o(.ARM.Collect$$libinit$$00000016)
    __rt_lib_init_alloca_1                   0x08000293   Thumb Code     0  libinit2.o(.ARM.Collect$$libinit$$0000002E)
    __rt_lib_init_argv_1                     0x08000293   Thumb Code     0  libinit2.o(.ARM.Collect$$libinit$$0000002C)
    __rt_lib_init_atexit_1                   0x08000293   Thumb Code     0  libinit2.o(.ARM.Collect$$libinit$$0000001B)
    __rt_lib_init_clock_1                    0x08000293   Thumb Code     0  libinit2.o(.ARM.Collect$$libinit$$00000021)
    __rt_lib_init_cpp_1                      0x08000293   Thumb Code     0  libinit2.o(.ARM.Collect$$libinit$$00000032)
    __rt_lib_init_exceptions_1               0x08000293   Thumb Code     0  libinit2.o(.ARM.Collect$$libinit$$00000030)
    __rt_lib_init_fp_trap_1                  0x08000293   Thumb Code     0  libinit2.o(.ARM.Collect$$libinit$$0000001F)
    __rt_lib_init_getenv_1                   0x08000293   Thumb Code     0  libinit2.o(.ARM.Collect$$libinit$$00000023)
    __rt_lib_init_lc_numeric_1               0x08000293   Thumb Code     0  libinit2.o(.ARM.Collect$$libinit$$00000017)
    __rt_lib_init_lc_time_1                  0x08000293   Thumb Code     0  libinit2.o(.ARM.Collect$$libinit$$00000019)
    __rt_lib_init_return                     0x08000293   Thumb Code     0  libinit2.o(.ARM.Collect$$libinit$$00000033)
    __rt_lib_init_signal_1                   0x08000293   Thumb Code     0  libinit2.o(.ARM.Collect$$libinit$$0000001D)
    __rt_lib_init_stdio_1                    0x08000293   Thumb Code     0  libinit2.o(.ARM.Collect$$libinit$$00000025)
    __rt_lib_shutdown                        0x08000295   Thumb Code     0  libshutdown.o(.ARM.Collect$$libshutdown$$00000000)
    __rt_lib_shutdown_cpp_1                  0x08000297   Thumb Code     0  libshutdown2.o(.ARM.Collect$$libshutdown$$00000004)
    __rt_lib_shutdown_fini_1                 0x08000297   Thumb Code     0  libshutdown2.o(.ARM.Collect$$libshutdown$$00000002)
    __rt_lib_shutdown_fp_trap_1              0x08000297   Thumb Code     0  libshutdown2.o(.ARM.Collect$$libshutdown$$00000009)
    __rt_lib_shutdown_heap_1                 0x08000297   Thumb Code     0  libshutdown2.o(.ARM.Collect$$libshutdown$$00000011)
    __rt_lib_shutdown_return                 0x08000297   Thumb Code     0  libshutdown2.o(.ARM.Collect$$libshutdown$$00000012)
    __rt_lib_shutdown_signal_1               0x08000297   Thumb Code     0  libshutdown2.o(.ARM.Collect$$libshutdown$$0000000C)
    __rt_lib_shutdown_stdio_1                0x08000297   Thumb Code     0  libshutdown2.o(.ARM.Collect$$libshutdown$$00000006)
    __rt_lib_shutdown_user_alloc_1           0x08000297   Thumb Code     0  libshutdown2.o(.ARM.Collect$$libshutdown$$0000000E)
    __rt_entry                               0x08000299   Thumb Code     0  __rtentry.o(.ARM.Collect$$rtentry$$00000000)
    __rt_entry_presh_1                       0x08000299   Thumb Code     0  __rtentry2.o(.ARM.Collect$$rtentry$$00000002)
    __rt_entry_sh                            0x08000299   Thumb Code     0  __rtentry4.o(.ARM.Collect$$rtentry$$00000004)
    __rt_entry_li                            0x0800029f   Thumb Code     0  __rtentry2.o(.ARM.Collect$$rtentry$$0000000A)
    __rt_entry_postsh_1                      0x0800029f   Thumb Code     0  __rtentry2.o(.ARM.Collect$$rtentry$$00000009)
    __rt_entry_main                          0x080002a3   Thumb Code     0  __rtentry2.o(.ARM.Collect$$rtentry$$0000000D)
    __rt_entry_postli_1                      0x080002a3   Thumb Code     0  __rtentry2.o(.ARM.Collect$$rtentry$$0000000C)
    __rt_exit                                0x080002ab   Thumb Code     0  rtexit.o(.ARM.Collect$$rtexit$$00000000)
    __rt_exit_ls                             0x080002ad   Thumb Code     0  rtexit2.o(.ARM.Collect$$rtexit$$00000003)
    __rt_exit_prels_1                        0x080002ad   Thumb Code     0  rtexit2.o(.ARM.Collect$$rtexit$$00000002)
    __rt_exit_exit                           0x080002b1   Thumb Code     0  rtexit2.o(.ARM.Collect$$rtexit$$00000004)
    main                                     0x080002b9   Thumb Code   334  main.o(.text)
    NMI_Handler                              0x08000455   Thumb Code     2  stm32f10x_it.o(.text)
    HardFault_Handler                        0x08000457   Thumb Code     4  stm32f10x_it.o(.text)
    MemManage_Handler                        0x0800045b   Thumb Code     4  stm32f10x_it.o(.text)
    BusFault_Handler                         0x0800045f   Thumb Code     4  stm32f10x_it.o(.text)
    UsageFault_Handler                       0x08000463   Thumb Code     4  stm32f10x_it.o(.text)
    SVC_Handler                              0x08000467   Thumb Code     2  stm32f10x_it.o(.text)
    DebugMon_Handler                         0x08000469   Thumb Code     2  stm32f10x_it.o(.text)
    PendSV_Handler                           0x0800046b   Thumb Code     2  stm32f10x_it.o(.text)
    SysTick_Handler                          0x0800046d   Thumb Code     2  stm32f10x_it.o(.text)
    SystemInit                               0x0800054f   Thumb Code    78  system_stm32f10x.o(.text)
    SystemCoreClockUpdate                    0x0800059d   Thumb Code   142  system_stm32f10x.o(.text)
    displayWeekday                           0x08000651   Thumb Code   186  displaylcd.o(.text)
    displayChineseBreak                      0x0800070b   Thumb Code   124  displaylcd.o(.text)
    displayIcon                              0x08000787   Thumb Code    86  displaylcd.o(.text)
    WeekYearday                              0x080007dd   Thumb Code    88  displaylcd.o(.text)
    showMainMenu                             0x08000835   Thumb Code   240  displaylcd.o(.text)
    displayChineseSpeed                      0x08000925   Thumb Code   124  displaylcd.o(.text)
    RTC_Get_Week                             0x08000a3d   Thumb Code   116  rtc.o(.text)
    Is_Leap_Year                             0x08000ab1   Thumb Code    58  rtc.o(.text)
    RTC_Get                                  0x08000aeb   Thumb Code   240  rtc.o(.text)
    RTC_Set                                  0x08000bdb   Thumb Code   184  rtc.o(.text)
    RTC_Init                                 0x08000c93   Thumb Code   202  rtc.o(.text)
    RTC_IRQHandler                           0x08000d5d   Thumb Code    76  rtc.o(.text)
    RTC_Alarm_Set                            0x08000da9   Thumb Code   184  rtc.o(.text)
    AT24CXX_Init                             0x08000e9d   Thumb Code     8  24cxx.o(.text)
    AT24CXX_ReadOneByte                      0x08000ea5   Thumb Code    88  24cxx.o(.text)
    AT24CXX_WriteOneByte                     0x08000efd   Thumb Code    80  24cxx.o(.text)
    AT24CXX_WriteLenByte                     0x08000f4d   Thumb Code    42  24cxx.o(.text)
    AT24CXX_ReadLenByte                      0x08000f77   Thumb Code    44  24cxx.o(.text)
    AT24CXX_Check                            0x08000fa3   Thumb Code    46  24cxx.o(.text)
    AT24CXX_Read                             0x08000fd1   Thumb Code    34  24cxx.o(.text)
    AT24CXX_Write                            0x08000ff3   Thumb Code    36  24cxx.o(.text)
    IIC_Init                                 0x08001019   Thumb Code    76  myiic.o(.text)
    IIC_Start                                0x08001065   Thumb Code    64  myiic.o(.text)
    IIC_Stop                                 0x080010a5   Thumb Code    66  myiic.o(.text)
    IIC_Wait_Ack                             0x080010e7   Thumb Code    86  myiic.o(.text)
    IIC_Ack                                  0x0800113d   Thumb Code    70  myiic.o(.text)
    IIC_NAck                                 0x08001183   Thumb Code    70  myiic.o(.text)
    IIC_Send_Byte                            0x080011c9   Thumb Code   104  myiic.o(.text)
    IIC_Read_Byte                            0x08001231   Thumb Code   100  myiic.o(.text)
    DelayXms                                 0x080012a1   Thumb Code    30  st7567a.o(.text)
    DelayXus                                 0x080012bf   Thumb Code    14  st7567a.o(.text)
    SendByte                                 0x080012cd   Thumb Code    74  st7567a.o(.text)
    SendCmdWord                              0x08001317   Thumb Code    68  st7567a.o(.text)
    SendCmdByte                              0x0800135b   Thumb Code    36  st7567a.o(.text)
    SendDataByte                             0x0800137f   Thumb Code    36  st7567a.o(.text)
    LcdReset                                 0x080013a3   Thumb Code    54  st7567a.o(.text)
    LcdFill                                  0x080013d9   Thumb Code    86  st7567a.o(.text)
    dispchar                                 0x0800142f   Thumb Code   438  st7567a.o(.text)
    ShowString                               0x080015e5   Thumb Code   156  st7567a.o(.text)
    LcdInitial                               0x08001681   Thumb Code   252  st7567a.o(.text)
    UART4_send_byte                          0x0800177d   Thumb Code    26  printer.o(.text)
    printer_send_cmd                         0x08001797   Thumb Code    28  printer.o(.text)
    printer_init                             0x080017b3   Thumb Code   158  printer.o(.text)
    UART4_IRQHandler                         0x08001851   Thumb Code   130  printer.o(.text)
    CHeck                                    0x080018d3   Thumb Code    76  printer.o(.text)
    printer_info_init                        0x0800191f   Thumb Code    48  printer.o(.text)
    print_empty_line                         0x0800194f   Thumb Code    12  printer.o(.text)
    TIM3_ETR                                 0x0800197d   Thumb Code   158  timer.o(.text)
    TIM3_IRQHandler                          0x08001a1b   Thumb Code    42  timer.o(.text)
    TIM6_Int_Init                            0x08001a45   Thumb Code    90  timer.o(.text)
    TIM6_IRQHandler                          0x08001a9f   Thumb Code   132  timer.o(.text)
    TIM7_Set                                 0x08001b49   Thumb Code    34  usart3.o(.text)
    USART3_IRQHandler                        0x08001b6b   Thumb Code    84  usart3.o(.text)
    TIM7_Init                                0x08001bbf   Thumb Code    82  usart3.o(.text)
    UART_DMA_Config                          0x08001c11   Thumb Code    72  usart3.o(.text)
    USART3_Init                              0x08001c59   Thumb Code   208  usart3.o(.text)
    UART_DMA_Enable                          0x08001d29   Thumb Code    32  usart3.o(.text)
    u2_printf                                0x08001d49   Thumb Code    56  usart3.o(.text)
    TIM7_IRQHandler                          0x08001d81   Thumb Code    40  usart3.o(.text)
    TIM7_SetARR                              0x08001da9   Thumb Code    36  usart3.o(.text)
    Usart_SendStr_length                     0x08001deb   Thumb Code    32  usart3.o(.text)
    Usart_SendString                         0x08001e0b   Thumb Code    28  usart3.o(.text)
    ClearRAM                                 0x08001e27   Thumb Code    18  usart3.o(.text)
    CAN_Mode_Init                            0x08001e55   Thumb Code   200  can.o(.text)
    Can_Send_Msg                             0x08001f1d   Thumb Code   104  can.o(.text)
    Can_Receive_Msg                          0x08001f85   Thumb Code    56  can.o(.text)
    InPut_Init                               0x08001fc5   Thumb Code    32  gpio.o(.text)
    GPIO_Scan                                0x08001fe5   Thumb Code    52  gpio.o(.text)
    delay_init                               0x0800201d   Thumb Code    50  delay.o(.text)
    delay_us                                 0x0800204f   Thumb Code    72  delay.o(.text)
    delay_ms                                 0x08002097   Thumb Code    72  delay.o(.text)
    _sys_exit                                0x080020f1   Thumb Code     4  usart.o(.text)
    fputc                                    0x080020f5   Thumb Code    24  usart.o(.text)
    uart_init                                0x0800210d   Thumb Code   152  usart.o(.text)
    USART1_IRQHandler                        0x080021a5   Thumb Code   122  usart.o(.text)
    Reset_Handler                            0x08002231   Thumb Code     8  startup_stm32f10x_hd.o(.text)
    ADC1_2_IRQHandler                        0x0800224b   Thumb Code     0  startup_stm32f10x_hd.o(.text)
    ADC3_IRQHandler                          0x0800224b   Thumb Code     0  startup_stm32f10x_hd.o(.text)
    CAN1_RX1_IRQHandler                      0x0800224b   Thumb Code     0  startup_stm32f10x_hd.o(.text)
    CAN1_SCE_IRQHandler                      0x0800224b   Thumb Code     0  startup_stm32f10x_hd.o(.text)
    DMA1_Channel1_IRQHandler                 0x0800224b   Thumb Code     0  startup_stm32f10x_hd.o(.text)
    DMA1_Channel2_IRQHandler                 0x0800224b   Thumb Code     0  startup_stm32f10x_hd.o(.text)
    DMA1_Channel3_IRQHandler                 0x0800224b   Thumb Code     0  startup_stm32f10x_hd.o(.text)
    DMA1_Channel4_IRQHandler                 0x0800224b   Thumb Code     0  startup_stm32f10x_hd.o(.text)
    DMA1_Channel5_IRQHandler                 0x0800224b   Thumb Code     0  startup_stm32f10x_hd.o(.text)
    DMA1_Channel6_IRQHandler                 0x0800224b   Thumb Code     0  startup_stm32f10x_hd.o(.text)
    DMA1_Channel7_IRQHandler                 0x0800224b   Thumb Code     0  startup_stm32f10x_hd.o(.text)
    DMA2_Channel1_IRQHandler                 0x0800224b   Thumb Code     0  startup_stm32f10x_hd.o(.text)
    DMA2_Channel2_IRQHandler                 0x0800224b   Thumb Code     0  startup_stm32f10x_hd.o(.text)
    DMA2_Channel3_IRQHandler                 0x0800224b   Thumb Code     0  startup_stm32f10x_hd.o(.text)
    DMA2_Channel4_5_IRQHandler               0x0800224b   Thumb Code     0  startup_stm32f10x_hd.o(.text)
    EXTI0_IRQHandler                         0x0800224b   Thumb Code     0  startup_stm32f10x_hd.o(.text)
    EXTI15_10_IRQHandler                     0x0800224b   Thumb Code     0  startup_stm32f10x_hd.o(.text)
    EXTI1_IRQHandler                         0x0800224b   Thumb Code     0  startup_stm32f10x_hd.o(.text)
    EXTI2_IRQHandler                         0x0800224b   Thumb Code     0  startup_stm32f10x_hd.o(.text)
    EXTI3_IRQHandler                         0x0800224b   Thumb Code     0  startup_stm32f10x_hd.o(.text)
    EXTI4_IRQHandler                         0x0800224b   Thumb Code     0  startup_stm32f10x_hd.o(.text)
    EXTI9_5_IRQHandler                       0x0800224b   Thumb Code     0  startup_stm32f10x_hd.o(.text)
    FLASH_IRQHandler                         0x0800224b   Thumb Code     0  startup_stm32f10x_hd.o(.text)
    FSMC_IRQHandler                          0x0800224b   Thumb Code     0  startup_stm32f10x_hd.o(.text)
    I2C1_ER_IRQHandler                       0x0800224b   Thumb Code     0  startup_stm32f10x_hd.o(.text)
    I2C1_EV_IRQHandler                       0x0800224b   Thumb Code     0  startup_stm32f10x_hd.o(.text)
    I2C2_ER_IRQHandler                       0x0800224b   Thumb Code     0  startup_stm32f10x_hd.o(.text)
    I2C2_EV_IRQHandler                       0x0800224b   Thumb Code     0  startup_stm32f10x_hd.o(.text)
    PVD_IRQHandler                           0x0800224b   Thumb Code     0  startup_stm32f10x_hd.o(.text)
    RCC_IRQHandler                           0x0800224b   Thumb Code     0  startup_stm32f10x_hd.o(.text)
    RTCAlarm_IRQHandler                      0x0800224b   Thumb Code     0  startup_stm32f10x_hd.o(.text)
    SDIO_IRQHandler                          0x0800224b   Thumb Code     0  startup_stm32f10x_hd.o(.text)
    SPI1_IRQHandler                          0x0800224b   Thumb Code     0  startup_stm32f10x_hd.o(.text)
    SPI2_IRQHandler                          0x0800224b   Thumb Code     0  startup_stm32f10x_hd.o(.text)
    SPI3_IRQHandler                          0x0800224b   Thumb Code     0  startup_stm32f10x_hd.o(.text)
    TAMPER_IRQHandler                        0x0800224b   Thumb Code     0  startup_stm32f10x_hd.o(.text)
    TIM1_BRK_IRQHandler                      0x0800224b   Thumb Code     0  startup_stm32f10x_hd.o(.text)
    TIM1_CC_IRQHandler                       0x0800224b   Thumb Code     0  startup_stm32f10x_hd.o(.text)
    TIM1_TRG_COM_IRQHandler                  0x0800224b   Thumb Code     0  startup_stm32f10x_hd.o(.text)
    TIM1_UP_IRQHandler                       0x0800224b   Thumb Code     0  startup_stm32f10x_hd.o(.text)
    TIM2_IRQHandler                          0x0800224b   Thumb Code     0  startup_stm32f10x_hd.o(.text)
    TIM5_IRQHandler                          0x0800224b   Thumb Code     0  startup_stm32f10x_hd.o(.text)
    TIM8_BRK_IRQHandler                      0x0800224b   Thumb Code     0  startup_stm32f10x_hd.o(.text)
    TIM8_CC_IRQHandler                       0x0800224b   Thumb Code     0  startup_stm32f10x_hd.o(.text)
    TIM8_TRG_COM_IRQHandler                  0x0800224b   Thumb Code     0  startup_stm32f10x_hd.o(.text)
    TIM8_UP_IRQHandler                       0x0800224b   Thumb Code     0  startup_stm32f10x_hd.o(.text)
    UART5_IRQHandler                         0x0800224b   Thumb Code     0  startup_stm32f10x_hd.o(.text)
    USART2_IRQHandler                        0x0800224b   Thumb Code     0  startup_stm32f10x_hd.o(.text)
    USBWakeUp_IRQHandler                     0x0800224b   Thumb Code     0  startup_stm32f10x_hd.o(.text)
    USB_HP_CAN1_TX_IRQHandler                0x0800224b   Thumb Code     0  startup_stm32f10x_hd.o(.text)
    USB_LP_CAN1_RX0_IRQHandler               0x0800224b   Thumb Code     0  startup_stm32f10x_hd.o(.text)
    WWDG_IRQHandler                          0x0800224b   Thumb Code     0  startup_stm32f10x_hd.o(.text)
    __user_initial_stackheap                 0x0800224d   Thumb Code     0  startup_stm32f10x_hd.o(.text)
    NVIC_PriorityGroupConfig                 0x08002271   Thumb Code    10  misc.o(.text)
    NVIC_Init                                0x0800227b   Thumb Code   100  misc.o(.text)
    NVIC_SetVectorTable                      0x080022df   Thumb Code    14  misc.o(.text)
    NVIC_SystemLPConfig                      0x080022ed   Thumb Code    34  misc.o(.text)
    SysTick_CLKSourceConfig                  0x0800230f   Thumb Code    40  misc.o(.text)
    BKP_DeInit                               0x0800234d   Thumb Code    16  stm32f10x_bkp.o(.text)
    BKP_TamperPinLevelConfig                 0x0800235d   Thumb Code     6  stm32f10x_bkp.o(.text)
    BKP_TamperPinCmd                         0x08002363   Thumb Code     8  stm32f10x_bkp.o(.text)
    BKP_ITConfig                             0x0800236b   Thumb Code     8  stm32f10x_bkp.o(.text)
    BKP_RTCOutputConfig                      0x08002373   Thumb Code    22  stm32f10x_bkp.o(.text)
    BKP_SetRTCCalibrationValue               0x08002389   Thumb Code    22  stm32f10x_bkp.o(.text)
    BKP_WriteBackupRegister                  0x0800239f   Thumb Code    24  stm32f10x_bkp.o(.text)
    BKP_ReadBackupRegister                   0x080023b7   Thumb Code    26  stm32f10x_bkp.o(.text)
    BKP_GetFlagStatus                        0x080023d1   Thumb Code    10  stm32f10x_bkp.o(.text)
    BKP_ClearFlag                            0x080023db   Thumb Code    18  stm32f10x_bkp.o(.text)
    BKP_GetITStatus                          0x080023ed   Thumb Code    10  stm32f10x_bkp.o(.text)
    BKP_ClearITPendingBit                    0x080023f7   Thumb Code    18  stm32f10x_bkp.o(.text)
    GPIO_DeInit                              0x08002411   Thumb Code   172  stm32f10x_gpio.o(.text)
    GPIO_AFIODeInit                          0x080024bd   Thumb Code    20  stm32f10x_gpio.o(.text)
    GPIO_Init                                0x080024d1   Thumb Code   278  stm32f10x_gpio.o(.text)
    GPIO_StructInit                          0x080025e7   Thumb Code    16  stm32f10x_gpio.o(.text)
    GPIO_ReadInputDataBit                    0x080025f7   Thumb Code    18  stm32f10x_gpio.o(.text)
    GPIO_ReadInputData                       0x08002609   Thumb Code     8  stm32f10x_gpio.o(.text)
    GPIO_ReadOutputDataBit                   0x08002611   Thumb Code    18  stm32f10x_gpio.o(.text)
    GPIO_ReadOutputData                      0x08002623   Thumb Code     8  stm32f10x_gpio.o(.text)
    GPIO_SetBits                             0x0800262b   Thumb Code     4  stm32f10x_gpio.o(.text)
    GPIO_ResetBits                           0x0800262f   Thumb Code     4  stm32f10x_gpio.o(.text)
    GPIO_WriteBit                            0x08002633   Thumb Code    10  stm32f10x_gpio.o(.text)
    GPIO_Write                               0x0800263d   Thumb Code     4  stm32f10x_gpio.o(.text)
    GPIO_PinLockConfig                       0x08002641   Thumb Code    18  stm32f10x_gpio.o(.text)
    GPIO_EventOutputConfig                   0x08002653   Thumb Code    26  stm32f10x_gpio.o(.text)
    GPIO_EventOutputCmd                      0x0800266d   Thumb Code     6  stm32f10x_gpio.o(.text)
    GPIO_PinRemapConfig                      0x08002673   Thumb Code   138  stm32f10x_gpio.o(.text)
    GPIO_EXTILineConfig                      0x080026fd   Thumb Code    66  stm32f10x_gpio.o(.text)
    GPIO_ETH_MediaInterfaceConfig            0x0800273f   Thumb Code     8  stm32f10x_gpio.o(.text)
    PWR_DeInit                               0x0800276d   Thumb Code    22  stm32f10x_pwr.o(.text)
    PWR_BackupAccessCmd                      0x08002783   Thumb Code     6  stm32f10x_pwr.o(.text)
    PWR_PVDCmd                               0x08002789   Thumb Code     6  stm32f10x_pwr.o(.text)
    PWR_PVDLevelConfig                       0x0800278f   Thumb Code    18  stm32f10x_pwr.o(.text)
    PWR_WakeUpPinCmd                         0x080027a1   Thumb Code     8  stm32f10x_pwr.o(.text)
    PWR_EnterSTOPMode                        0x080027a9   Thumb Code    54  stm32f10x_pwr.o(.text)
    PWR_EnterSTANDBYMode                     0x080027df   Thumb Code    42  stm32f10x_pwr.o(.text)
    PWR_GetFlagStatus                        0x08002809   Thumb Code    20  stm32f10x_pwr.o(.text)
    PWR_ClearFlag                            0x0800281d   Thumb Code    14  stm32f10x_pwr.o(.text)
    RCC_DeInit                               0x08002839   Thumb Code    64  stm32f10x_rcc.o(.text)
    RCC_HSEConfig                            0x08002879   Thumb Code    70  stm32f10x_rcc.o(.text)
    RCC_GetFlagStatus                        0x080028bf   Thumb Code    56  stm32f10x_rcc.o(.text)
    RCC_WaitForHSEStartUp                    0x080028f7   Thumb Code    56  stm32f10x_rcc.o(.text)
    RCC_AdjustHSICalibrationValue            0x0800292f   Thumb Code    20  stm32f10x_rcc.o(.text)
    RCC_HSICmd                               0x08002943   Thumb Code     6  stm32f10x_rcc.o(.text)
    RCC_PLLConfig                            0x08002949   Thumb Code    24  stm32f10x_rcc.o(.text)
    RCC_PLLCmd                               0x08002961   Thumb Code     6  stm32f10x_rcc.o(.text)
    RCC_SYSCLKConfig                         0x08002967   Thumb Code    18  stm32f10x_rcc.o(.text)
    RCC_GetSYSCLKSource                      0x08002979   Thumb Code    10  stm32f10x_rcc.o(.text)
    RCC_HCLKConfig                           0x08002983   Thumb Code    18  stm32f10x_rcc.o(.text)
    RCC_PCLK1Config                          0x08002995   Thumb Code    18  stm32f10x_rcc.o(.text)
    RCC_PCLK2Config                          0x080029a7   Thumb Code    20  stm32f10x_rcc.o(.text)
    RCC_ITConfig                             0x080029bb   Thumb Code    26  stm32f10x_rcc.o(.text)
    RCC_USBCLKConfig                         0x080029d5   Thumb Code     8  stm32f10x_rcc.o(.text)
    RCC_ADCCLKConfig                         0x080029dd   Thumb Code    18  stm32f10x_rcc.o(.text)
    RCC_LSEConfig                            0x080029ef   Thumb Code    50  stm32f10x_rcc.o(.text)
    RCC_LSICmd                               0x08002a21   Thumb Code     6  stm32f10x_rcc.o(.text)
    RCC_RTCCLKConfig                         0x08002a27   Thumb Code    12  stm32f10x_rcc.o(.text)
    RCC_RTCCLKCmd                            0x08002a33   Thumb Code     8  stm32f10x_rcc.o(.text)
    RCC_GetClocksFreq                        0x08002a3b   Thumb Code   192  stm32f10x_rcc.o(.text)
    RCC_AHBPeriphClockCmd                    0x08002afb   Thumb Code    26  stm32f10x_rcc.o(.text)
    RCC_APB2PeriphClockCmd                   0x08002b15   Thumb Code    26  stm32f10x_rcc.o(.text)
    RCC_APB1PeriphClockCmd                   0x08002b2f   Thumb Code    26  stm32f10x_rcc.o(.text)
    RCC_APB2PeriphResetCmd                   0x08002b49   Thumb Code    26  stm32f10x_rcc.o(.text)
    RCC_APB1PeriphResetCmd                   0x08002b63   Thumb Code    26  stm32f10x_rcc.o(.text)
    RCC_BackupResetCmd                       0x08002b7d   Thumb Code     8  stm32f10x_rcc.o(.text)
    RCC_ClockSecuritySystemCmd               0x08002b85   Thumb Code     6  stm32f10x_rcc.o(.text)
    RCC_MCOConfig                            0x08002b8b   Thumb Code     6  stm32f10x_rcc.o(.text)
    RCC_ClearFlag                            0x08002b91   Thumb Code    14  stm32f10x_rcc.o(.text)
    RCC_GetITStatus                          0x08002b9f   Thumb Code    20  stm32f10x_rcc.o(.text)
    RCC_ClearITPendingBit                    0x08002bb3   Thumb Code     6  stm32f10x_rcc.o(.text)
    USART_DeInit                             0x08002bdd   Thumb Code   134  stm32f10x_usart.o(.text)
    USART_Init                               0x08002c63   Thumb Code   210  stm32f10x_usart.o(.text)
    USART_StructInit                         0x08002d35   Thumb Code    24  stm32f10x_usart.o(.text)
    USART_ClockInit                          0x08002d4d   Thumb Code    34  stm32f10x_usart.o(.text)
    USART_ClockStructInit                    0x08002d6f   Thumb Code    12  stm32f10x_usart.o(.text)
    USART_Cmd                                0x08002d7b   Thumb Code    24  stm32f10x_usart.o(.text)
    USART_ITConfig                           0x08002d93   Thumb Code    74  stm32f10x_usart.o(.text)
    USART_DMACmd                             0x08002ddd   Thumb Code    18  stm32f10x_usart.o(.text)
    USART_SetAddress                         0x08002def   Thumb Code    18  stm32f10x_usart.o(.text)
    USART_WakeUpConfig                       0x08002e01   Thumb Code    18  stm32f10x_usart.o(.text)
    USART_ReceiverWakeUpCmd                  0x08002e13   Thumb Code    24  stm32f10x_usart.o(.text)
    USART_LINBreakDetectLengthConfig         0x08002e2b   Thumb Code    18  stm32f10x_usart.o(.text)
    USART_LINCmd                             0x08002e3d   Thumb Code    24  stm32f10x_usart.o(.text)
    USART_SendData                           0x08002e55   Thumb Code     8  stm32f10x_usart.o(.text)
    USART_ReceiveData                        0x08002e5d   Thumb Code    10  stm32f10x_usart.o(.text)
    USART_SendBreak                          0x08002e67   Thumb Code    10  stm32f10x_usart.o(.text)
    USART_SetGuardTime                       0x08002e71   Thumb Code    16  stm32f10x_usart.o(.text)
    USART_SetPrescaler                       0x08002e81   Thumb Code    16  stm32f10x_usart.o(.text)
    USART_SmartCardCmd                       0x08002e91   Thumb Code    24  stm32f10x_usart.o(.text)
    USART_SmartCardNACKCmd                   0x08002ea9   Thumb Code    24  stm32f10x_usart.o(.text)
    USART_HalfDuplexCmd                      0x08002ec1   Thumb Code    24  stm32f10x_usart.o(.text)
    USART_OverSampling8Cmd                   0x08002ed9   Thumb Code    22  stm32f10x_usart.o(.text)
    USART_OneBitMethodCmd                    0x08002eef   Thumb Code    24  stm32f10x_usart.o(.text)
    USART_IrDAConfig                         0x08002f07   Thumb Code    18  stm32f10x_usart.o(.text)
    USART_IrDACmd                            0x08002f19   Thumb Code    24  stm32f10x_usart.o(.text)
    USART_GetFlagStatus                      0x08002f31   Thumb Code    26  stm32f10x_usart.o(.text)
    USART_ClearFlag                          0x08002f4b   Thumb Code    18  stm32f10x_usart.o(.text)
    USART_GetITStatus                        0x08002f5d   Thumb Code    84  stm32f10x_usart.o(.text)
    USART_ClearITPendingBit                  0x08002fb1   Thumb Code    52  stm32f10x_usart.o(.text)
    RTC_ITConfig                             0x08002fe5   Thumb Code    26  stm32f10x_rtc.o(.text)
    RTC_EnterConfigMode                      0x08002fff   Thumb Code    18  stm32f10x_rtc.o(.text)
    RTC_ExitConfigMode                       0x08003011   Thumb Code    20  stm32f10x_rtc.o(.text)
    RTC_GetCounter                           0x08003025   Thumb Code    18  stm32f10x_rtc.o(.text)
    RTC_SetCounter                           0x08003037   Thumb Code    26  stm32f10x_rtc.o(.text)
    RTC_SetPrescaler                         0x08003051   Thumb Code    28  stm32f10x_rtc.o(.text)
    RTC_SetAlarm                             0x0800306d   Thumb Code    26  stm32f10x_rtc.o(.text)
    RTC_GetDivider                           0x08003087   Thumb Code    22  stm32f10x_rtc.o(.text)
    RTC_WaitForLastTask                      0x0800309d   Thumb Code    18  stm32f10x_rtc.o(.text)
    RTC_WaitForSynchro                       0x080030af   Thumb Code    36  stm32f10x_rtc.o(.text)
    RTC_GetFlagStatus                        0x080030d3   Thumb Code    22  stm32f10x_rtc.o(.text)
    RTC_ClearFlag                            0x080030e9   Thumb Code    16  stm32f10x_rtc.o(.text)
    RTC_GetITStatus                          0x080030f9   Thumb Code    32  stm32f10x_rtc.o(.text)
    RTC_ClearITPendingBit                    0x08003119   Thumb Code    16  stm32f10x_rtc.o(.text)
    TIM_DeInit                               0x0800312d   Thumb Code   424  stm32f10x_tim.o(.text)
    TIM_TimeBaseInit                         0x080032d5   Thumb Code   122  stm32f10x_tim.o(.text)
    TIM_OC1Init                              0x0800334f   Thumb Code   132  stm32f10x_tim.o(.text)
    TIM_OC2Init                              0x080033d3   Thumb Code   154  stm32f10x_tim.o(.text)
    TIM_OC3Init                              0x0800346d   Thumb Code   150  stm32f10x_tim.o(.text)
    TIM_OC4Init                              0x08003503   Thumb Code   182  stm32f10x_tim.o(.text)
    TIM_SetIC4Prescaler                      0x080035b9   Thumb Code    26  stm32f10x_tim.o(.text)
    TIM_SetIC3Prescaler                      0x08003655   Thumb Code    18  stm32f10x_tim.o(.text)
    TIM_SetIC2Prescaler                      0x080036e1   Thumb Code    26  stm32f10x_tim.o(.text)
    TIM_SetIC1Prescaler                      0x0800377d   Thumb Code    18  stm32f10x_tim.o(.text)
    TIM_ICInit                               0x080037fb   Thumb Code   150  stm32f10x_tim.o(.text)
    TIM_PWMIConfig                           0x08003891   Thumb Code   124  stm32f10x_tim.o(.text)
    TIM_BDTRConfig                           0x0800390d   Thumb Code    32  stm32f10x_tim.o(.text)
    TIM_TimeBaseStructInit                   0x0800392d   Thumb Code    18  stm32f10x_tim.o(.text)
    TIM_OCStructInit                         0x0800393f   Thumb Code    20  stm32f10x_tim.o(.text)
    TIM_ICStructInit                         0x08003953   Thumb Code    18  stm32f10x_tim.o(.text)
    TIM_BDTRStructInit                       0x08003965   Thumb Code    40  stm32f10x_tim.o(.text)
    TIM_Cmd                                  0x0800398d   Thumb Code    24  stm32f10x_tim.o(.text)
    TIM_CtrlPWMOutputs                       0x080039a5   Thumb Code    30  stm32f10x_tim.o(.text)
    TIM_ITConfig                             0x080039c3   Thumb Code    18  stm32f10x_tim.o(.text)
    TIM_GenerateEvent                        0x080039d5   Thumb Code     4  stm32f10x_tim.o(.text)
    TIM_DMAConfig                            0x080039d9   Thumb Code    10  stm32f10x_tim.o(.text)
    TIM_DMACmd                               0x080039e3   Thumb Code    18  stm32f10x_tim.o(.text)
    TIM_InternalClockConfig                  0x080039f5   Thumb Code    12  stm32f10x_tim.o(.text)
    TIM_SelectInputTrigger                   0x08003a01   Thumb Code    18  stm32f10x_tim.o(.text)
    TIM_ITRxExternalClockConfig              0x08003a13   Thumb Code    24  stm32f10x_tim.o(.text)
    TIM_TIxExternalClockConfig               0x08003a2b   Thumb Code    62  stm32f10x_tim.o(.text)
    TIM_ETRConfig                            0x08003a69   Thumb Code    28  stm32f10x_tim.o(.text)
    TIM_ETRClockMode1Config                  0x08003a85   Thumb Code    54  stm32f10x_tim.o(.text)
    TIM_ETRClockMode2Config                  0x08003abb   Thumb Code    32  stm32f10x_tim.o(.text)
    TIM_PrescalerConfig                      0x08003adb   Thumb Code     6  stm32f10x_tim.o(.text)
    TIM_CounterModeConfig                    0x08003ae1   Thumb Code    18  stm32f10x_tim.o(.text)
    TIM_EncoderInterfaceConfig               0x08003af3   Thumb Code    66  stm32f10x_tim.o(.text)
    TIM_ForcedOC1Config                      0x08003b35   Thumb Code    18  stm32f10x_tim.o(.text)
    TIM_ForcedOC2Config                      0x08003b47   Thumb Code    26  stm32f10x_tim.o(.text)
    TIM_ForcedOC3Config                      0x08003b61   Thumb Code    18  stm32f10x_tim.o(.text)
    TIM_ForcedOC4Config                      0x08003b73   Thumb Code    26  stm32f10x_tim.o(.text)
    TIM_ARRPreloadConfig                     0x08003b8d   Thumb Code    24  stm32f10x_tim.o(.text)
    TIM_SelectCOM                            0x08003ba5   Thumb Code    24  stm32f10x_tim.o(.text)
    TIM_SelectCCDMA                          0x08003bbd   Thumb Code    24  stm32f10x_tim.o(.text)
    TIM_CCPreloadControl                     0x08003bd5   Thumb Code    24  stm32f10x_tim.o(.text)
    TIM_OC1PreloadConfig                     0x08003bed   Thumb Code    18  stm32f10x_tim.o(.text)
    TIM_OC2PreloadConfig                     0x08003bff   Thumb Code    26  stm32f10x_tim.o(.text)
    TIM_OC3PreloadConfig                     0x08003c19   Thumb Code    18  stm32f10x_tim.o(.text)
    TIM_OC4PreloadConfig                     0x08003c2b   Thumb Code    26  stm32f10x_tim.o(.text)
    TIM_OC1FastConfig                        0x08003c45   Thumb Code    18  stm32f10x_tim.o(.text)
    TIM_OC2FastConfig                        0x08003c57   Thumb Code    26  stm32f10x_tim.o(.text)
    TIM_OC3FastConfig                        0x08003c71   Thumb Code    18  stm32f10x_tim.o(.text)
    TIM_OC4FastConfig                        0x08003c83   Thumb Code    26  stm32f10x_tim.o(.text)
    TIM_ClearOC1Ref                          0x08003c9d   Thumb Code    18  stm32f10x_tim.o(.text)
    TIM_ClearOC2Ref                          0x08003caf   Thumb Code    24  stm32f10x_tim.o(.text)
    TIM_ClearOC3Ref                          0x08003cc7   Thumb Code    18  stm32f10x_tim.o(.text)
    TIM_ClearOC4Ref                          0x08003cd9   Thumb Code    24  stm32f10x_tim.o(.text)
    TIM_OC1PolarityConfig                    0x08003cf1   Thumb Code    18  stm32f10x_tim.o(.text)
    TIM_OC1NPolarityConfig                   0x08003d03   Thumb Code    18  stm32f10x_tim.o(.text)
    TIM_OC2PolarityConfig                    0x08003d15   Thumb Code    26  stm32f10x_tim.o(.text)
    TIM_OC2NPolarityConfig                   0x08003d2f   Thumb Code    26  stm32f10x_tim.o(.text)
    TIM_OC3PolarityConfig                    0x08003d49   Thumb Code    26  stm32f10x_tim.o(.text)
    TIM_OC3NPolarityConfig                   0x08003d63   Thumb Code    26  stm32f10x_tim.o(.text)
    TIM_OC4PolarityConfig                    0x08003d7d   Thumb Code    26  stm32f10x_tim.o(.text)
    TIM_CCxCmd                               0x08003d97   Thumb Code    30  stm32f10x_tim.o(.text)
    TIM_CCxNCmd                              0x08003db5   Thumb Code    30  stm32f10x_tim.o(.text)
    TIM_SelectOCxM                           0x08003dd3   Thumb Code    82  stm32f10x_tim.o(.text)
    TIM_UpdateDisableConfig                  0x08003e25   Thumb Code    24  stm32f10x_tim.o(.text)
    TIM_UpdateRequestConfig                  0x08003e3d   Thumb Code    24  stm32f10x_tim.o(.text)
    TIM_SelectHallSensor                     0x08003e55   Thumb Code    24  stm32f10x_tim.o(.text)
    TIM_SelectOnePulseMode                   0x08003e6d   Thumb Code    18  stm32f10x_tim.o(.text)
    TIM_SelectOutputTrigger                  0x08003e7f   Thumb Code    18  stm32f10x_tim.o(.text)
    TIM_SelectSlaveMode                      0x08003e91   Thumb Code    18  stm32f10x_tim.o(.text)
    TIM_SelectMasterSlaveMode                0x08003ea3   Thumb Code    18  stm32f10x_tim.o(.text)
    TIM_SetCounter                           0x08003eb5   Thumb Code     4  stm32f10x_tim.o(.text)
    TIM_SetAutoreload                        0x08003eb9   Thumb Code     4  stm32f10x_tim.o(.text)
    TIM_SetCompare1                          0x08003ebd   Thumb Code     4  stm32f10x_tim.o(.text)
    TIM_SetCompare2                          0x08003ec1   Thumb Code     4  stm32f10x_tim.o(.text)
    TIM_SetCompare3                          0x08003ec5   Thumb Code     4  stm32f10x_tim.o(.text)
    TIM_SetCompare4                          0x08003ec9   Thumb Code     6  stm32f10x_tim.o(.text)
    TIM_SetClockDivision                     0x08003ecf   Thumb Code    18  stm32f10x_tim.o(.text)
    TIM_GetCapture1                          0x08003ee1   Thumb Code     6  stm32f10x_tim.o(.text)
    TIM_GetCapture2                          0x08003ee7   Thumb Code     6  stm32f10x_tim.o(.text)
    TIM_GetCapture3                          0x08003eed   Thumb Code     6  stm32f10x_tim.o(.text)
    TIM_GetCapture4                          0x08003ef3   Thumb Code     8  stm32f10x_tim.o(.text)
    TIM_GetCounter                           0x08003efb   Thumb Code     6  stm32f10x_tim.o(.text)
    TIM_GetPrescaler                         0x08003f01   Thumb Code     6  stm32f10x_tim.o(.text)
    TIM_GetFlagStatus                        0x08003f07   Thumb Code    18  stm32f10x_tim.o(.text)
    TIM_ClearFlag                            0x08003f19   Thumb Code     6  stm32f10x_tim.o(.text)
    TIM_GetITStatus                          0x08003f1f   Thumb Code    34  stm32f10x_tim.o(.text)
    TIM_ClearITPendingBit                    0x08003f41   Thumb Code     6  stm32f10x_tim.o(.text)
    DMA_DeInit                               0x08003f49   Thumb Code   324  stm32f10x_dma.o(.text)
    DMA_Init                                 0x0800408d   Thumb Code    60  stm32f10x_dma.o(.text)
    DMA_StructInit                           0x080040c9   Thumb Code    26  stm32f10x_dma.o(.text)
    DMA_Cmd                                  0x080040e3   Thumb Code    24  stm32f10x_dma.o(.text)
    DMA_ITConfig                             0x080040fb   Thumb Code    18  stm32f10x_dma.o(.text)
    DMA_SetCurrDataCounter                   0x0800410d   Thumb Code     4  stm32f10x_dma.o(.text)
    DMA_GetCurrDataCounter                   0x08004111   Thumb Code     8  stm32f10x_dma.o(.text)
    DMA_GetFlagStatus                        0x08004119   Thumb Code    40  stm32f10x_dma.o(.text)
    DMA_ClearFlag                            0x08004141   Thumb Code    22  stm32f10x_dma.o(.text)
    DMA_GetITStatus                          0x08004157   Thumb Code    40  stm32f10x_dma.o(.text)
    DMA_ClearITPendingBit                    0x0800417f   Thumb Code    22  stm32f10x_dma.o(.text)
    CAN_DeInit                               0x0800419d   Thumb Code    50  stm32f10x_can.o(.text)
    CAN_Init                                 0x080041cf   Thumb Code   276  stm32f10x_can.o(.text)
    CAN_FilterInit                           0x080042e3   Thumb Code   258  stm32f10x_can.o(.text)
    CAN_StructInit                           0x080043e5   Thumb Code    32  stm32f10x_can.o(.text)
    CAN_SlaveStartBank                       0x08004405   Thumb Code    48  stm32f10x_can.o(.text)
    CAN_DBGFreeze                            0x08004435   Thumb Code    22  stm32f10x_can.o(.text)
    CAN_TTComModeCmd                         0x0800444b   Thumb Code   118  stm32f10x_can.o(.text)
    CAN_Transmit                             0x080044c1   Thumb Code   304  stm32f10x_can.o(.text)
    CAN_TransmitStatus                       0x080045f1   Thumb Code   138  stm32f10x_can.o(.text)
    CAN_CancelTransmit                       0x0800467b   Thumb Code    48  stm32f10x_can.o(.text)
    CAN_Receive                              0x080046ab   Thumb Code   240  stm32f10x_can.o(.text)
    CAN_FIFORelease                          0x0800479b   Thumb Code    22  stm32f10x_can.o(.text)
    CAN_MessagePending                       0x080047b1   Thumb Code    30  stm32f10x_can.o(.text)
    CAN_OperatingModeRequest                 0x080047cf   Thumb Code   162  stm32f10x_can.o(.text)
    CAN_Sleep                                0x08004871   Thumb Code    30  stm32f10x_can.o(.text)
    CAN_WakeUp                               0x0800488f   Thumb Code    48  stm32f10x_can.o(.text)
    CAN_GetLastErrorCode                     0x080048bf   Thumb Code    12  stm32f10x_can.o(.text)
    CAN_GetReceiveErrorCounter               0x080048cb   Thumb Code    10  stm32f10x_can.o(.text)
    CAN_GetLSBTransmitErrorCounter           0x080048d5   Thumb Code    12  stm32f10x_can.o(.text)
    CAN_ITConfig                             0x080048e1   Thumb Code    18  stm32f10x_can.o(.text)
    CAN_GetFlagStatus                        0x080048f3   Thumb Code   120  stm32f10x_can.o(.text)
    CAN_ClearFlag                            0x0800496b   Thumb Code    52  stm32f10x_can.o(.text)
    CAN_GetITStatus                          0x080049b1   Thumb Code   310  stm32f10x_can.o(.text)
    CAN_ClearITPendingBit                    0x08004ae7   Thumb Code   162  stm32f10x_can.o(.text)
    usmart_sys_cmd_exe                       0x08004b8d   Thumb Code  1554  usmart.o(.text)
    usmart_reset_runtime                     0x0800519f   Thumb Code    38  usmart.o(.text)
    usmart_get_runtime                       0x080051c5   Thumb Code    60  usmart.o(.text)
    TIM4_IRQHandler                          0x08005201   Thumb Code    46  usmart.o(.text)
    Timer4_Init                              0x0800522f   Thumb Code    88  usmart.o(.text)
    usmart_init                              0x08005287   Thumb Code    36  usmart.o(.text)
    usmart_cmd_rec                           0x080052ab   Thumb Code   170  usmart.o(.text)
    usmart_exe                               0x08005355   Thumb Code   870  usmart.o(.text)
    usmart_scan                              0x080056bb   Thumb Code   120  usmart.o(.text)
    read_addr                                0x08005733   Thumb Code     6  usmart.o(.text)
    write_addr                               0x08005739   Thumb Code     4  usmart.o(.text)
    usmart_strcmp                            0x080057c5   Thumb Code    34  usmart_str.o(.text)
    usmart_strcopy                           0x080057e7   Thumb Code    22  usmart_str.o(.text)
    usmart_strlen                            0x080057fd   Thumb Code    24  usmart_str.o(.text)
    usmart_pow                               0x08005815   Thumb Code    22  usmart_str.o(.text)
    usmart_str2num                           0x0800582b   Thumb Code   202  usmart_str.o(.text)
    usmart_get_cmdname                       0x080058f5   Thumb Code    54  usmart_str.o(.text)
    usmart_search_nextc                      0x0800592b   Thumb Code    22  usmart_str.o(.text)
    usmart_get_fname                         0x08005941   Thumb Code   440  usmart_str.o(.text)
    usmart_get_aparm                         0x08005af9   Thumb Code   200  usmart_str.o(.text)
    usmart_get_parmpos                       0x08005bc1   Thumb Code    26  usmart_str.o(.text)
    usmart_get_fparam                        0x08005bdb   Thumb Code   262  usmart_str.o(.text)
    __use_no_semihosting                     0x08005ced   Thumb Code     2  use_no_semi_2.o(.text)
    __c89vsprintf                            0x08005cf1   Thumb Code    32  c89vsprintf.o(.text)
    __2printf                                0x08005d15   Thumb Code    20  __2printf.o(.text)
    __2sprintf                               0x08005d2d   Thumb Code    38  __2sprintf.o(.text)
    _printf_pre_padding                      0x08005d59   Thumb Code    44  _printf_pad.o(.text)
    _printf_post_padding                     0x08005d85   Thumb Code    34  _printf_pad.o(.text)
    _printf_str                              0x08005da7   Thumb Code    82  _printf_str.o(.text)
    _printf_int_dec                          0x08005df9   Thumb Code   104  _printf_dec.o(.text)
    _printf_longlong_hex                     0x08005e71   Thumb Code    86  _printf_hex_int_ll_ptr.o(.text)
    _printf_int_hex                          0x08005ec7   Thumb Code    28  _printf_hex_int_ll_ptr.o(.text)
    _printf_ll_hex                           0x08005ee3   Thumb Code    12  _printf_hex_int_ll_ptr.o(.text)
    _printf_hex_ptr                          0x08005eef   Thumb Code    18  _printf_hex_int_ll_ptr.o(.text)
    __printf                                 0x08005f05   Thumb Code   388  __printf_flags_ss_wp.o(.text)
    strlen                                   0x0800608d   Thumb Code    62  strlen.o(.text)
    __aeabi_memcpy                           0x080060cb   Thumb Code     0  rt_memcpy_v6.o(.text)
    __rt_memcpy                              0x080060cb   Thumb Code   138  rt_memcpy_v6.o(.text)
    _memcpy_lastbytes                        0x08006131   Thumb Code     0  rt_memcpy_v6.o(.text)
    __aeabi_memset                           0x08006155   Thumb Code    16  aeabi_memset.o(.text)
    __use_two_region_memory                  0x08006165   Thumb Code     2  heapauxi.o(.text)
    __rt_heap_escrow$2region                 0x08006167   Thumb Code     2  heapauxi.o(.text)
    __rt_heap_expand$2region                 0x08006169   Thumb Code     2  heapauxi.o(.text)
    __I$use$semihosting                      0x0800616b   Thumb Code     0  use_no_semi.o(.text)
    __use_no_semihosting_swi                 0x0800616b   Thumb Code     2  use_no_semi.o(.text)
    _printf_truncate_signed                  0x0800616d   Thumb Code    18  _printf_truncate.o(.text)
    _printf_truncate_unsigned                0x0800617f   Thumb Code    18  _printf_truncate.o(.text)
    _printf_int_common                       0x08006191   Thumb Code   178  _printf_intcommon.o(.text)
    _printf_charcount                        0x08006243   Thumb Code    40  _printf_charcount.o(.text)
    _printf_char_common                      0x08006277   Thumb Code    32  _printf_char_common.o(.text)
    _sputc                                   0x0800629d   Thumb Code    10  _sputc.o(.text)
    _printf_cs_common                        0x080062a7   Thumb Code    20  _printf_char.o(.text)
    _printf_char                             0x080062bb   Thumb Code    16  _printf_char.o(.text)
    _printf_string                           0x080062cb   Thumb Code     8  _printf_char.o(.text)
    _printf_char_file                        0x080062d5   Thumb Code    32  _printf_char_file.o(.text)
    _printf_wctomb                           0x080062f9   Thumb Code   182  _printf_wctomb.o(.text)
    _printf_longlong_dec                     0x080063b5   Thumb Code   108  _printf_longlong_dec.o(.text)
    _printf_longlong_oct                     0x08006431   Thumb Code    66  _printf_oct_int_ll.o(.text)
    _printf_int_oct                          0x08006473   Thumb Code    24  _printf_oct_int_ll.o(.text)
    _printf_ll_oct                           0x0800648b   Thumb Code    12  _printf_oct_int_ll.o(.text)
    __aeabi_memcpy4                          0x080064a1   Thumb Code     0  rt_memcpy_w.o(.text)
    __aeabi_memcpy8                          0x080064a1   Thumb Code     0  rt_memcpy_w.o(.text)
    __rt_memcpy_w                            0x080064a1   Thumb Code   100  rt_memcpy_w.o(.text)
    _memcpy_lastbytes_aligned                0x080064e9   Thumb Code     0  rt_memcpy_w.o(.text)
    __aeabi_memclr                           0x08006505   Thumb Code     0  rt_memclr.o(.text)
    __rt_memclr                              0x08006505   Thumb Code    68  rt_memclr.o(.text)
    _memset                                  0x08006509   Thumb Code     0  rt_memclr.o(.text)
    _ll_udiv10                               0x08006549   Thumb Code   138  lludiv10.o(.text)
    __lib_sel_fp_printf                      0x080065d3   Thumb Code     2  _printf_fp_dec.o(.text)
    _printf_fp_dec_real                      0x08006785   Thumb Code   620  _printf_fp_dec.o(.text)
    _printf_lcs_common                       0x080069f1   Thumb Code    20  _printf_wchar.o(.text)
    _printf_wchar                            0x08006a05   Thumb Code    16  _printf_wchar.o(.text)
    _printf_wstring                          0x08006a15   Thumb Code     8  _printf_wchar.o(.text)
    ferror                                   0x08006a1d   Thumb Code     8  ferror.o(.text)
    _wcrtomb                                 0x08006a25   Thumb Code    64  _wcrtomb.o(.text)
    __aeabi_memclr4                          0x08006a65   Thumb Code     0  rt_memclr_w.o(.text)
    __aeabi_memclr8                          0x08006a65   Thumb Code     0  rt_memclr_w.o(.text)
    __rt_memclr_w                            0x08006a65   Thumb Code    78  rt_memclr_w.o(.text)
    _memset_w                                0x08006a69   Thumb Code     0  rt_memclr_w.o(.text)
    __user_setup_stackheap                   0x08006ab3   Thumb Code    74  sys_stackheap_outer.o(.text)
    __rt_ctype_table                         0x08006afd   Thumb Code    16  rt_ctype_table.o(.text)
    __rt_locale                              0x08006b0d   Thumb Code     8  rt_locale_intlibspace.o(.text)
    _printf_fp_infnan                        0x08006b15   Thumb Code   112  _printf_fp_infnan.o(.text)
    _btod_etento                             0x08006b95   Thumb Code   224  bigflt0.o(.text)
    exit                                     0x08006c79   Thumb Code    18  exit.o(.text)
    __user_libspace                          0x08006c8d   Thumb Code     8  libspace.o(.text)
    __user_perproc_libspace                  0x08006c8d   Thumb Code     0  libspace.o(.text)
    __user_perthread_libspace                0x08006c8d   Thumb Code     0  libspace.o(.text)
    strcmp                                   0x08006c95   Thumb Code   128  strcmpv7m.o(.text)
    _btod_d2e                                0x08006d15   Thumb Code    62  btod.o(CL$$btod_d2e)
    _d2e_denorm_low                          0x08006d53   Thumb Code    70  btod.o(CL$$btod_d2e_denorm_low)
    _d2e_norm_op1                            0x08006d99   Thumb Code    96  btod.o(CL$$btod_d2e_norm_op1)
    __btod_div_common                        0x08006df9   Thumb Code   696  btod.o(CL$$btod_div_common)
    _e2e                                     0x08007131   Thumb Code   220  btod.o(CL$$btod_e2e)
    _btod_ediv                               0x0800720d   Thumb Code    42  btod.o(CL$$btod_ediv)
    _btod_emul                               0x08007237   Thumb Code    42  btod.o(CL$$btod_emul)
    __btod_mult_common                       0x08007261   Thumb Code   580  btod.o(CL$$btod_mult_common)
    __ARM_fpclassify                         0x080074a5   Thumb Code    40  fpclassify.o(i.__ARM_fpclassify)
    _is_digit                                0x080074cd   Thumb Code    14  __printf_wp.o(i._is_digit)
    _get_lc_numeric                          0x080074dd   Thumb Code    44  lc_numeric_c.o(locale$$code)
    _get_lc_ctype                            0x08007509   Thumb Code    44  lc_ctype_c.o(locale$$code)
    _printf_fp_dec                           0x08007535   Thumb Code     4  printf1.o(x$fpl$printf1)
    __I$use$fp                               0x08007538   Number         0  usenofp.o(x$fpl$usenofp)
    table_week                               0x08007538   Data          12  rtc.o(.constdata)
    mon_table                                0x08007544   Data          12  rtc.o(.constdata)
    asc2_1206                                0x08007550   Data        1140  st7567a.o(.constdata)
    asc2_1608                                0x080079c4   Data        1520  st7567a.o(.constdata)
    asc2_2412                                0x08007fb4   Data        3420  st7567a.o(.constdata)
    Region$$Table$$Base                      0x08008eb8   Number         0  anon$$obj.o(Region$$Table)
    Region$$Table$$Limit                     0x08008ed8   Number         0  anon$$obj.o(Region$$Table)
    __ctype                                  0x08008f01   Data           0  lc_ctype_c.o(locale$$data)
    SystemCoreClock                          0x20000000   Data           4  system_stm32f10x.o(.data)
    AHBPrescTable                            0x20000004   Data          16  system_stm32f10x.o(.data)
    weekday                                  0x20000014   Data           4  displaylcd.o(.data)
    pai                                      0x2000001a   Data          32  st7567a.o(.data)
    xian                                     0x2000003a   Data          32  st7567a.o(.data)
    han                                      0x2000005a   Data          32  st7567a.o(.data)
    jie                                      0x2000007a   Data          32  st7567a.o(.data)
    you                                      0x2000009a   Data          32  st7567a.o(.data)
    dun                                      0x200000ba   Data          32  st7567a.o(.data)
    lu                                       0x200000da   Data          32  st7567a.o(.data)
    icon_test                                0x200000fa   Data          32  st7567a.o(.data)
    icon_4G                                  0x2000011a   Data          32  st7567a.o(.data)
    icon_beidou                              0x2000013a   Data          32  st7567a.o(.data)
    icon_ppl                                 0x2000015a   Data          32  st7567a.o(.data)
    icon_SD                                  0x2000017a   Data          32  st7567a.o(.data)
    icon_charged                             0x2000019a   Data          32  st7567a.o(.data)
    icon_battery                             0x200001ba   Data          32  st7567a.o(.data)
    need_break                               0x200001da   Data          96  st7567a.o(.data)
    over_speed                               0x2000023a   Data          96  st7567a.o(.data)
    weekday_array                            0x2000029a   Data         216  st7567a.o(.data)
    Hzk1                                     0x20000372   Data         352  st7567a.o(.data)
    out_line                                 0x200004d2   Data           4  printer.o(.data)
    reg_num_china                            0x200004d6   Data          12  printer.o(.data)
    USART4_RX_STA                            0x200004e2   Data           2  printer.o(.data)
    flag                                     0x200004e4   Data           1  printer.o(.data)
    distance                                 0x200004e8   Data           4  timer.o(.data)
    pluse_counter_2                          0x200004ec   Data           2  timer.o(.data)
    pluse_counter_1                          0x200004ee   Data           2  timer.o(.data)
    velocity                                 0x200004f0   Data           4  timer.o(.data)
    impulse_ratio                            0x200004f4   Data           4  timer.o(.data)
    USART3_RX_STA                            0x200004f8   Data           2  usart3.o(.data)
    __stdout                                 0x20000500   Data           4  usart.o(.data)
    USART_RX_STA                             0x20000504   Data           2  usart.o(.data)
    sys_cmd_tab                              0x2000051c   Data          28  usmart.o(.data)
    usmart_nametab                           0x20000538   Data          40  usmart_config.o(.data)
    usmart_dev                               0x20000560   Data         244  usmart_config.o(.data)
    display_string                           0x20000654   Data         100  displaylcd.o(.bss)
    calendar                                 0x200006b8   Data          10  rtc.o(.bss)
    USART4_RX_BUF                            0x200006c2   Data         200  printer.o(.bss)
    car_info                                 0x20000797   Data          33  timer.o(.bss)
    USART3_TX_BUF                            0x200007b8   Data        5120  usart3.o(.bss)
    USART3_RX_BUF                            0x20001bb8   Data        5120  usart3.o(.bss)
    USART_RX_BUF                             0x20002fb8   Data         200  usart.o(.bss)
    __libspace_start                         0x20003080   Data          96  libspace.o(.bss)
    __temporary_stack_top$libspace           0x200030e0   Data           0  libspace.o(.bss)



==============================================================================

Memory Map of the image

  Image Entry point : 0x08000131

  Load Region LR_IROM1 (Base: 0x08000000, Size: 0x00009658, Max: 0x00080000, ABSOLUTE, COMPRESSED[0x00009448])

    Execution Region ER_IROM1 (Exec base: 0x08000000, Load base: 0x08000000, Size: 0x00009004, Max: 0x00080000, ABSOLUTE)

    Exec Addr    Load Addr    Size         Type   Attr      Idx    E Section Name        Object

    0x08000000   0x08000000   0x00000130   Data   RO          473    RESET               startup_stm32f10x_hd.o
    0x08000130   0x08000130   0x00000008   Code   RO          730  * !!!main             c_w.l(__main.o)
    0x08000138   0x08000138   0x00000034   Code   RO         1001    !!!scatter          c_w.l(__scatter.o)
    0x0800016c   0x0800016c   0x0000005a   Code   RO          999    !!dczerorl2         c_w.l(__dczerorl2.o)
    0x080001c6   0x080001c6   0x00000002   PAD
    0x080001c8   0x080001c8   0x0000001c   Code   RO         1003    !!handler_zi        c_w.l(__scatter_zi.o)
    0x080001e4   0x080001e4   0x00000000   Code   RO          721    .ARM.Collect$$_printf_percent$$00000000  c_w.l(_printf_percent.o)
    0x080001e4   0x080001e4   0x00000006   Code   RO          760    .ARM.Collect$$_printf_percent$$00000001  c_w.l(_printf_n.o)
    0x080001ea   0x080001ea   0x00000006   Code   RO          761    .ARM.Collect$$_printf_percent$$00000002  c_w.l(_printf_p.o)
    0x080001f0   0x080001f0   0x00000006   Code   RO          764    .ARM.Collect$$_printf_percent$$00000003  c_w.l(_printf_f.o)
    0x080001f6   0x080001f6   0x00000006   Code   RO          765    .ARM.Collect$$_printf_percent$$00000004  c_w.l(_printf_e.o)
    0x080001fc   0x080001fc   0x00000006   Code   RO          766    .ARM.Collect$$_printf_percent$$00000005  c_w.l(_printf_g.o)
    0x08000202   0x08000202   0x00000006   Code   RO          767    .ARM.Collect$$_printf_percent$$00000006  c_w.l(_printf_a.o)
    0x08000208   0x08000208   0x0000000a   Code   RO          772    .ARM.Collect$$_printf_percent$$00000007  c_w.l(_printf_ll.o)
    0x08000212   0x08000212   0x00000006   Code   RO          763    .ARM.Collect$$_printf_percent$$00000008  c_w.l(_printf_i.o)
    0x08000218   0x08000218   0x00000006   Code   RO          719    .ARM.Collect$$_printf_percent$$00000009  c_w.l(_printf_d.o)
    0x0800021e   0x0800021e   0x00000006   Code   RO          720    .ARM.Collect$$_printf_percent$$0000000A  c_w.l(_printf_u.o)
    0x08000224   0x08000224   0x00000006   Code   RO          762    .ARM.Collect$$_printf_percent$$0000000B  c_w.l(_printf_o.o)
    0x0800022a   0x0800022a   0x00000006   Code   RO          718    .ARM.Collect$$_printf_percent$$0000000C  c_w.l(_printf_x.o)
    0x08000230   0x08000230   0x00000006   Code   RO          769    .ARM.Collect$$_printf_percent$$0000000D  c_w.l(_printf_lli.o)
    0x08000236   0x08000236   0x00000006   Code   RO          770    .ARM.Collect$$_printf_percent$$0000000E  c_w.l(_printf_lld.o)
    0x0800023c   0x0800023c   0x00000006   Code   RO          771    .ARM.Collect$$_printf_percent$$0000000F  c_w.l(_printf_llu.o)
    0x08000242   0x08000242   0x00000006   Code   RO          776    .ARM.Collect$$_printf_percent$$00000010  c_w.l(_printf_llo.o)
    0x08000248   0x08000248   0x00000006   Code   RO          777    .ARM.Collect$$_printf_percent$$00000011  c_w.l(_printf_llx.o)
    0x0800024e   0x0800024e   0x0000000a   Code   RO          773    .ARM.Collect$$_printf_percent$$00000012  c_w.l(_printf_l.o)
    0x08000258   0x08000258   0x00000006   Code   RO          716    .ARM.Collect$$_printf_percent$$00000013  c_w.l(_printf_c.o)
    0x0800025e   0x0800025e   0x00000006   Code   RO          717    .ARM.Collect$$_printf_percent$$00000014  c_w.l(_printf_s.o)
    0x08000264   0x08000264   0x00000006   Code   RO          774    .ARM.Collect$$_printf_percent$$00000015  c_w.l(_printf_lc.o)
    0x0800026a   0x0800026a   0x00000006   Code   RO          775    .ARM.Collect$$_printf_percent$$00000016  c_w.l(_printf_ls.o)
    0x08000270   0x08000270   0x00000004   Code   RO          768    .ARM.Collect$$_printf_percent$$00000017  c_w.l(_printf_percent_end.o)
    0x08000274   0x08000274   0x00000002   Code   RO          861    .ARM.Collect$$libinit$$00000000  c_w.l(libinit.o)
    0x08000276   0x08000276   0x00000000   Code   RO          878    .ARM.Collect$$libinit$$00000002  c_w.l(libinit2.o)
    0x08000276   0x08000276   0x00000000   Code   RO          880    .ARM.Collect$$libinit$$00000004  c_w.l(libinit2.o)
    0x08000276   0x08000276   0x00000000   Code   RO          883    .ARM.Collect$$libinit$$0000000A  c_w.l(libinit2.o)
    0x08000276   0x08000276   0x00000000   Code   RO          885    .ARM.Collect$$libinit$$0000000C  c_w.l(libinit2.o)
    0x08000276   0x08000276   0x00000000   Code   RO          887    .ARM.Collect$$libinit$$0000000E  c_w.l(libinit2.o)
    0x08000276   0x08000276   0x00000006   Code   RO          888    .ARM.Collect$$libinit$$0000000F  c_w.l(libinit2.o)
    0x0800027c   0x0800027c   0x00000000   Code   RO          890    .ARM.Collect$$libinit$$00000011  c_w.l(libinit2.o)
    0x0800027c   0x0800027c   0x0000000c   Code   RO          891    .ARM.Collect$$libinit$$00000012  c_w.l(libinit2.o)
    0x08000288   0x08000288   0x00000000   Code   RO          892    .ARM.Collect$$libinit$$00000013  c_w.l(libinit2.o)
    0x08000288   0x08000288   0x00000000   Code   RO          894    .ARM.Collect$$libinit$$00000015  c_w.l(libinit2.o)
    0x08000288   0x08000288   0x0000000a   Code   RO          895    .ARM.Collect$$libinit$$00000016  c_w.l(libinit2.o)
    0x08000292   0x08000292   0x00000000   Code   RO          896    .ARM.Collect$$libinit$$00000017  c_w.l(libinit2.o)
    0x08000292   0x08000292   0x00000000   Code   RO          898    .ARM.Collect$$libinit$$00000019  c_w.l(libinit2.o)
    0x08000292   0x08000292   0x00000000   Code   RO          900    .ARM.Collect$$libinit$$0000001B  c_w.l(libinit2.o)
    0x08000292   0x08000292   0x00000000   Code   RO          902    .ARM.Collect$$libinit$$0000001D  c_w.l(libinit2.o)
    0x08000292   0x08000292   0x00000000   Code   RO          904    .ARM.Collect$$libinit$$0000001F  c_w.l(libinit2.o)
    0x08000292   0x08000292   0x00000000   Code   RO          906    .ARM.Collect$$libinit$$00000021  c_w.l(libinit2.o)
    0x08000292   0x08000292   0x00000000   Code   RO          908    .ARM.Collect$$libinit$$00000023  c_w.l(libinit2.o)
    0x08000292   0x08000292   0x00000000   Code   RO          910    .ARM.Collect$$libinit$$00000025  c_w.l(libinit2.o)
    0x08000292   0x08000292   0x00000000   Code   RO          914    .ARM.Collect$$libinit$$0000002C  c_w.l(libinit2.o)
    0x08000292   0x08000292   0x00000000   Code   RO          916    .ARM.Collect$$libinit$$0000002E  c_w.l(libinit2.o)
    0x08000292   0x08000292   0x00000000   Code   RO          918    .ARM.Collect$$libinit$$00000030  c_w.l(libinit2.o)
    0x08000292   0x08000292   0x00000000   Code   RO          920    .ARM.Collect$$libinit$$00000032  c_w.l(libinit2.o)
    0x08000292   0x08000292   0x00000002   Code   RO          921    .ARM.Collect$$libinit$$00000033  c_w.l(libinit2.o)
    0x08000294   0x08000294   0x00000002   Code   RO          939    .ARM.Collect$$libshutdown$$00000000  c_w.l(libshutdown.o)
    0x08000296   0x08000296   0x00000000   Code   RO          949    .ARM.Collect$$libshutdown$$00000002  c_w.l(libshutdown2.o)
    0x08000296   0x08000296   0x00000000   Code   RO          951    .ARM.Collect$$libshutdown$$00000004  c_w.l(libshutdown2.o)
    0x08000296   0x08000296   0x00000000   Code   RO          953    .ARM.Collect$$libshutdown$$00000006  c_w.l(libshutdown2.o)
    0x08000296   0x08000296   0x00000000   Code   RO          956    .ARM.Collect$$libshutdown$$00000009  c_w.l(libshutdown2.o)
    0x08000296   0x08000296   0x00000000   Code   RO          959    .ARM.Collect$$libshutdown$$0000000C  c_w.l(libshutdown2.o)
    0x08000296   0x08000296   0x00000000   Code   RO          961    .ARM.Collect$$libshutdown$$0000000E  c_w.l(libshutdown2.o)
    0x08000296   0x08000296   0x00000000   Code   RO          964    .ARM.Collect$$libshutdown$$00000011  c_w.l(libshutdown2.o)
    0x08000296   0x08000296   0x00000002   Code   RO          965    .ARM.Collect$$libshutdown$$00000012  c_w.l(libshutdown2.o)
    0x08000298   0x08000298   0x00000000   Code   RO          734    .ARM.Collect$$rtentry$$00000000  c_w.l(__rtentry.o)
    0x08000298   0x08000298   0x00000000   Code   RO          785    .ARM.Collect$$rtentry$$00000002  c_w.l(__rtentry2.o)
    0x08000298   0x08000298   0x00000006   Code   RO          797    .ARM.Collect$$rtentry$$00000004  c_w.l(__rtentry4.o)
    0x0800029e   0x0800029e   0x00000000   Code   RO          787    .ARM.Collect$$rtentry$$00000009  c_w.l(__rtentry2.o)
    0x0800029e   0x0800029e   0x00000004   Code   RO          788    .ARM.Collect$$rtentry$$0000000A  c_w.l(__rtentry2.o)
    0x080002a2   0x080002a2   0x00000000   Code   RO          790    .ARM.Collect$$rtentry$$0000000C  c_w.l(__rtentry2.o)
    0x080002a2   0x080002a2   0x00000008   Code   RO          791    .ARM.Collect$$rtentry$$0000000D  c_w.l(__rtentry2.o)
    0x080002aa   0x080002aa   0x00000002   Code   RO          870    .ARM.Collect$$rtexit$$00000000  c_w.l(rtexit.o)
    0x080002ac   0x080002ac   0x00000000   Code   RO          923    .ARM.Collect$$rtexit$$00000002  c_w.l(rtexit2.o)
    0x080002ac   0x080002ac   0x00000004   Code   RO          924    .ARM.Collect$$rtexit$$00000003  c_w.l(rtexit2.o)
    0x080002b0   0x080002b0   0x00000006   Code   RO          925    .ARM.Collect$$rtexit$$00000004  c_w.l(rtexit2.o)
    0x080002b6   0x080002b6   0x00000002   PAD
    0x080002b8   0x080002b8   0x0000019c   Code   RO            1    .text               main.o
    0x08000454   0x08000454   0x0000001a   Code   RO          167    .text               stm32f10x_it.o
    0x0800046e   0x0800046e   0x00000002   PAD
    0x08000470   0x08000470   0x000001e0   Code   RO          208    .text               system_stm32f10x.o
    0x08000650   0x08000650   0x000003cc   Code   RO          226    .text               displaylcd.o
    0x08000a1c   0x08000a1c   0x00000480   Code   RO          242    .text               rtc.o
    0x08000e9c   0x08000e9c   0x0000017a   Code   RO          262    .text               24cxx.o
    0x08001016   0x08001016   0x00000002   PAD
    0x08001018   0x08001018   0x00000288   Code   RO          280    .text               myiic.o
    0x080012a0   0x080012a0   0x000004dc   Code   RO          292    .text               st7567a.o
    0x0800177c   0x0800177c   0x00000200   Code   RO          319    .text               printer.o
    0x0800197c   0x0800197c   0x000001cc   Code   RO          338    .text               timer.o
    0x08001b48   0x08001b48   0x0000030c   Code   RO          357    .text               usart3.o
    0x08001e54   0x08001e54   0x00000170   Code   RO          383    .text               can.o
    0x08001fc4   0x08001fc4   0x00000058   Code   RO          395    .text               gpio.o
    0x0800201c   0x0800201c   0x000000d4   Code   RO          407    .text               delay.o
    0x080020f0   0x080020f0   0x00000140   Code   RO          438    .text               usart.o
    0x08002230   0x08002230   0x00000040   Code   RO          474    .text               startup_stm32f10x_hd.o
    0x08002270   0x08002270   0x000000dc   Code   RO          478    .text               misc.o
    0x0800234c   0x0800234c   0x000000c4   Code   RO          490    .text               stm32f10x_bkp.o
    0x08002410   0x08002410   0x0000035c   Code   RO          514    .text               stm32f10x_gpio.o
    0x0800276c   0x0800276c   0x000000cc   Code   RO          526    .text               stm32f10x_pwr.o
    0x08002838   0x08002838   0x000003a4   Code   RO          538    .text               stm32f10x_rcc.o
    0x08002bdc   0x08002bdc   0x00000408   Code   RO          552    .text               stm32f10x_usart.o
    0x08002fe4   0x08002fe4   0x00000148   Code   RO          564    .text               stm32f10x_rtc.o
    0x0800312c   0x0800312c   0x00000e1a   Code   RO          576    .text               stm32f10x_tim.o
    0x08003f46   0x08003f46   0x00000002   PAD
    0x08003f48   0x08003f48   0x00000254   Code   RO          588    .text               stm32f10x_dma.o
    0x0800419c   0x0800419c   0x000009f0   Code   RO          600    .text               stm32f10x_can.o
    0x08004b8c   0x08004b8c   0x00000c38   Code   RO          612    .text               usmart.o
    0x080057c4   0x080057c4   0x00000528   Code   RO          641    .text               usmart_str.o
    0x08005cec   0x08005cec   0x00000002   Code   RO          655    .text               c_w.l(use_no_semi_2.o)
    0x08005cee   0x08005cee   0x00000002   PAD
    0x08005cf0   0x08005cf0   0x00000024   Code   RO          657    .text               c_w.l(c89vsprintf.o)
    0x08005d14   0x08005d14   0x00000018   Code   RO          659    .text               c_w.l(__2printf.o)
    0x08005d2c   0x08005d2c   0x0000002c   Code   RO          661    .text               c_w.l(__2sprintf.o)
    0x08005d58   0x08005d58   0x0000004e   Code   RO          669    .text               c_w.l(_printf_pad.o)
    0x08005da6   0x08005da6   0x00000052   Code   RO          671    .text               c_w.l(_printf_str.o)
    0x08005df8   0x08005df8   0x00000078   Code   RO          673    .text               c_w.l(_printf_dec.o)
    0x08005e70   0x08005e70   0x00000094   Code   RO          693    .text               c_w.l(_printf_hex_int_ll_ptr.o)
    0x08005f04   0x08005f04   0x00000188   Code   RO          713    .text               c_w.l(__printf_flags_ss_wp.o)
    0x0800608c   0x0800608c   0x0000003e   Code   RO          722    .text               c_w.l(strlen.o)
    0x080060ca   0x080060ca   0x0000008a   Code   RO          724    .text               c_w.l(rt_memcpy_v6.o)
    0x08006154   0x08006154   0x00000010   Code   RO          726    .text               c_w.l(aeabi_memset.o)
    0x08006164   0x08006164   0x00000006   Code   RO          728    .text               c_w.l(heapauxi.o)
    0x0800616a   0x0800616a   0x00000002   Code   RO          732    .text               c_w.l(use_no_semi.o)
    0x0800616c   0x0800616c   0x00000024   Code   RO          735    .text               c_w.l(_printf_truncate.o)
    0x08006190   0x08006190   0x000000b2   Code   RO          737    .text               c_w.l(_printf_intcommon.o)
    0x08006242   0x08006242   0x00000028   Code   RO          739    .text               c_w.l(_printf_charcount.o)
    0x0800626a   0x0800626a   0x00000002   PAD
    0x0800626c   0x0800626c   0x00000030   Code   RO          741    .text               c_w.l(_printf_char_common.o)
    0x0800629c   0x0800629c   0x0000000a   Code   RO          743    .text               c_w.l(_sputc.o)
    0x080062a6   0x080062a6   0x0000002c   Code   RO          745    .text               c_w.l(_printf_char.o)
    0x080062d2   0x080062d2   0x00000002   PAD
    0x080062d4   0x080062d4   0x00000024   Code   RO          747    .text               c_w.l(_printf_char_file.o)
    0x080062f8   0x080062f8   0x000000bc   Code   RO          749    .text               c_w.l(_printf_wctomb.o)
    0x080063b4   0x080063b4   0x0000007c   Code   RO          752    .text               c_w.l(_printf_longlong_dec.o)
    0x08006430   0x08006430   0x00000070   Code   RO          758    .text               c_w.l(_printf_oct_int_ll.o)
    0x080064a0   0x080064a0   0x00000064   Code   RO          778    .text               c_w.l(rt_memcpy_w.o)
    0x08006504   0x08006504   0x00000044   Code   RO          780    .text               c_w.l(rt_memclr.o)
    0x08006548   0x08006548   0x0000008a   Code   RO          799    .text               c_w.l(lludiv10.o)
    0x080065d2   0x080065d2   0x0000041e   Code   RO          801    .text               c_w.l(_printf_fp_dec.o)
    0x080069f0   0x080069f0   0x0000002c   Code   RO          805    .text               c_w.l(_printf_wchar.o)
    0x08006a1c   0x08006a1c   0x00000008   Code   RO          807    .text               c_w.l(ferror.o)
    0x08006a24   0x08006a24   0x00000040   Code   RO          811    .text               c_w.l(_wcrtomb.o)
    0x08006a64   0x08006a64   0x0000004e   Code   RO          813    .text               c_w.l(rt_memclr_w.o)
    0x08006ab2   0x08006ab2   0x0000004a   Code   RO          815    .text               c_w.l(sys_stackheap_outer.o)
    0x08006afc   0x08006afc   0x00000010   Code   RO          817    .text               c_w.l(rt_ctype_table.o)
    0x08006b0c   0x08006b0c   0x00000008   Code   RO          822    .text               c_w.l(rt_locale_intlibspace.o)
    0x08006b14   0x08006b14   0x00000080   Code   RO          824    .text               c_w.l(_printf_fp_infnan.o)
    0x08006b94   0x08006b94   0x000000e4   Code   RO          826    .text               c_w.l(bigflt0.o)
    0x08006c78   0x08006c78   0x00000012   Code   RO          854    .text               c_w.l(exit.o)
    0x08006c8a   0x08006c8a   0x00000002   PAD
    0x08006c8c   0x08006c8c   0x00000008   Code   RO          867    .text               c_w.l(libspace.o)
    0x08006c94   0x08006c94   0x00000080   Code   RO          875    .text               c_w.l(strcmpv7m.o)
    0x08006d14   0x08006d14   0x0000003e   Code   RO          829    CL$$btod_d2e        c_w.l(btod.o)
    0x08006d52   0x08006d52   0x00000046   Code   RO          831    CL$$btod_d2e_denorm_low  c_w.l(btod.o)
    0x08006d98   0x08006d98   0x00000060   Code   RO          830    CL$$btod_d2e_norm_op1  c_w.l(btod.o)
    0x08006df8   0x08006df8   0x00000338   Code   RO          839    CL$$btod_div_common  c_w.l(btod.o)
    0x08007130   0x08007130   0x000000dc   Code   RO          836    CL$$btod_e2e        c_w.l(btod.o)
    0x0800720c   0x0800720c   0x0000002a   Code   RO          833    CL$$btod_ediv       c_w.l(btod.o)
    0x08007236   0x08007236   0x0000002a   Code   RO          832    CL$$btod_emul       c_w.l(btod.o)
    0x08007260   0x08007260   0x00000244   Code   RO          838    CL$$btod_mult_common  c_w.l(btod.o)
    0x080074a4   0x080074a4   0x00000028   Code   RO          865    i.__ARM_fpclassify  m_ws.l(fpclassify.o)
    0x080074cc   0x080074cc   0x0000000e   Code   RO          706    i._is_digit         c_w.l(__printf_wp.o)
    0x080074da   0x080074da   0x00000002   PAD
    0x080074dc   0x080074dc   0x0000002c   Code   RO          852    locale$$code        c_w.l(lc_numeric_c.o)
    0x08007508   0x08007508   0x0000002c   Code   RO          873    locale$$code        c_w.l(lc_ctype_c.o)
    0x08007534   0x08007534   0x00000004   Code   RO          782    x$fpl$printf1       fz_ws.l(printf1.o)
    0x08007538   0x08007538   0x00000000   Code   RO          864    x$fpl$usenofp       fz_ws.l(usenofp.o)
    0x08007538   0x08007538   0x00000018   Data   RO          244    .constdata          rtc.o
    0x08007550   0x08007550   0x000017c0   Data   RO          293    .constdata          st7567a.o
    0x08008d10   0x08008d10   0x00000028   Data   RO          694    .constdata          c_w.l(_printf_hex_int_ll_ptr.o)
    0x08008d38   0x08008d38   0x00000011   Data   RO          714    .constdata          c_w.l(__printf_flags_ss_wp.o)
    0x08008d49   0x08008d49   0x00000003   PAD
    0x08008d4c   0x08008d4c   0x00000008   Data   RO          750    .constdata          c_w.l(_printf_wctomb.o)
    0x08008d54   0x08008d54   0x00000094   Data   RO          827    .constdata          c_w.l(bigflt0.o)
    0x08008de8   0x08008de8   0x00000028   Data   RO          613    .conststring        usmart.o
    0x08008e10   0x08008e10   0x000000a7   Data   RO          628    .conststring        usmart_config.o
    0x08008eb7   0x08008eb7   0x00000001   PAD
    0x08008eb8   0x08008eb8   0x00000020   Data   RO          997    Region$$Table       anon$$obj.o
    0x08008ed8   0x08008ed8   0x0000001c   Data   RO          851    locale$$data        c_w.l(lc_numeric_c.o)
    0x08008ef4   0x08008ef4   0x00000110   Data   RO          872    locale$$data        c_w.l(lc_ctype_c.o)


    Execution Region RW_IRAM1 (Exec base: 0x20000000, Load base: 0x08009004, Size: 0x000036e0, Max: 0x00010000, ABSOLUTE, COMPRESSED[0x00000444])

    Exec Addr    Load Addr    Size         Type   Attr      Idx    E Section Name        Object

    0x20000000   COMPRESSED   0x00000014   Data   RW          209    .data               system_stm32f10x.o
    0x20000014   COMPRESSED   0x00000004   Data   RW          228    .data               displaylcd.o
    0x20000018   COMPRESSED   0x00000002   Data   RW          245    .data               rtc.o
    0x2000001a   COMPRESSED   0x000004b8   Data   RW          294    .data               st7567a.o
    0x200004d2   COMPRESSED   0x00000014   Data   RW          321    .data               printer.o
    0x200004e6   COMPRESSED   0x00000002   PAD
    0x200004e8   COMPRESSED   0x00000010   Data   RW          340    .data               timer.o
    0x200004f8   COMPRESSED   0x00000002   Data   RW          359    .data               usart3.o
    0x200004fa   COMPRESSED   0x00000004   Data   RW          408    .data               delay.o
    0x200004fe   COMPRESSED   0x00000002   PAD
    0x20000500   COMPRESSED   0x00000006   Data   RW          440    .data               usart.o
    0x20000506   COMPRESSED   0x00000014   Data   RW          539    .data               stm32f10x_rcc.o
    0x2000051a   COMPRESSED   0x00000002   PAD
    0x2000051c   COMPRESSED   0x0000001c   Data   RW          614    .data               usmart.o
    0x20000538   COMPRESSED   0x0000011c   Data   RW          629    .data               usmart_config.o
    0x20000654        -       0x00000064   Zero   RW          227    .bss                displaylcd.o
    0x200006b8        -       0x0000000a   Zero   RW          243    .bss                rtc.o
    0x200006c2        -       0x000000d5   Zero   RW          320    .bss                printer.o
    0x20000797        -       0x00000021   Zero   RW          339    .bss                timer.o
    0x200007b8        -       0x00002800   Zero   RW          358    .bss                usart3.o
    0x20002fb8        -       0x000000c8   Zero   RW          439    .bss                usart.o
    0x20003080        -       0x00000060   Zero   RW          868    .bss                c_w.l(libspace.o)
    0x200030e0        -       0x00000200   Zero   RW          472    HEAP                startup_stm32f10x_hd.o
    0x200032e0        -       0x00000400   Zero   RW          471    STACK               startup_stm32f10x_hd.o


==============================================================================

Image component sizes


      Code (inc. data)   RO Data    RW Data    ZI Data      Debug   Object Name

       378          0          0          0          0       2778   24cxx.o
       368          8          0          0          0       2089   can.o
       212         18          0          4          0       1019   delay.o
       972        124          0          4        100       3107   displaylcd.o
        88          4          0          0          0        635   gpio.o
       412         78          0          0          0     273071   main.o
       220         22          0          0          0       1777   misc.o
       648         12          0          0          0       1864   myiic.o
       512         34          0         20        213       3420   printer.o
      1152         60         24          2         10       4582   rtc.o
      1244         24       6080       1208          0       5068   st7567a.o
        64         26        304          0       1536        788   startup_stm32f10x_hd.o
       196          8          0          0          0       3472   stm32f10x_bkp.o
      2544         38          0          0          0       8004   stm32f10x_can.o
       596          8          0          0          0       4338   stm32f10x_dma.o
       860         38          0          0          0       5709   stm32f10x_gpio.o
        26          0          0          0          0       1166   stm32f10x_it.o
       204         14          0          0          0       1943   stm32f10x_pwr.o
       932         36          0         20          0       8872   stm32f10x_rcc.o
       328          4          0          0          0       2710   stm32f10x_rtc.o
      3610         88          0          0          0      22816   stm32f10x_tim.o
      1032         22          0          0          0       8432   stm32f10x_usart.o
         0          0          0          0          0         32   sys.o
       480         38          0         20          0       1703   system_stm32f10x.o
       460         38          0         16         33       1788   timer.o
       320         18          0          6        200       3098   usart.o
       780         28          0          2      10240       4820   usart3.o
      3128       1288         40         28          0       4338   usmart.o
         0          0        167        284          0       1564   usmart_config.o
      1320         12          0          0          0       5201   usmart_str.o

    ----------------------------------------------------------------------
     23092       2088       6648       1620      12332     390204   Object Totals
         0          0         32          0          0          0   (incl. Generated)
         6          0          1          6          0          0   (incl. Padding)

    ----------------------------------------------------------------------

      Code (inc. data)   RO Data    RW Data    ZI Data      Debug   Library Member Name

        24          4          0          0          0         84   __2printf.o
        44          6          0          0          0         84   __2sprintf.o
        90          0          0          0          0          0   __dczerorl2.o
         8          0          0          0          0         68   __main.o
       392          4         17          0          0         92   __printf_flags_ss_wp.o
        14          0          0          0          0         68   __printf_wp.o
         0          0          0          0          0          0   __rtentry.o
        12          0          0          0          0          0   __rtentry2.o
         6          0          0          0          0          0   __rtentry4.o
        52          8          0          0          0          0   __scatter.o
        28          0          0          0          0          0   __scatter_zi.o
         6          0          0          0          0          0   _printf_a.o
         6          0          0          0          0          0   _printf_c.o
        44          0          0          0          0        108   _printf_char.o
        48          6          0          0          0         96   _printf_char_common.o
        36          4          0          0          0         80   _printf_char_file.o
        40          0          0          0          0         68   _printf_charcount.o
         6          0          0          0          0          0   _printf_d.o
       120         16          0          0          0         92   _printf_dec.o
         6          0          0          0          0          0   _printf_e.o
         6          0          0          0          0          0   _printf_f.o
      1054          0          0          0          0        216   _printf_fp_dec.o
       128         16          0          0          0         84   _printf_fp_infnan.o
         6          0          0          0          0          0   _printf_g.o
       148          4         40          0          0        160   _printf_hex_int_ll_ptr.o
         6          0          0          0          0          0   _printf_i.o
       178          0          0          0          0         88   _printf_intcommon.o
        10          0          0          0          0          0   _printf_l.o
         6          0          0          0          0          0   _printf_lc.o
        10          0          0          0          0          0   _printf_ll.o
         6          0          0          0          0          0   _printf_lld.o
         6          0          0          0          0          0   _printf_lli.o
         6          0          0          0          0          0   _printf_llo.o
         6          0          0          0          0          0   _printf_llu.o
         6          0          0          0          0          0   _printf_llx.o
       124         16          0          0          0         92   _printf_longlong_dec.o
         6          0          0          0          0          0   _printf_ls.o
         6          0          0          0          0          0   _printf_n.o
         6          0          0          0          0          0   _printf_o.o
       112         10          0          0          0        124   _printf_oct_int_ll.o
         6          0          0          0          0          0   _printf_p.o
        78          0          0          0          0        108   _printf_pad.o
         0          0          0          0          0          0   _printf_percent.o
         4          0          0          0          0          0   _printf_percent_end.o
         6          0          0          0          0          0   _printf_s.o
        82          0          0          0          0         80   _printf_str.o
        36          0          0          0          0         84   _printf_truncate.o
         6          0          0          0          0          0   _printf_u.o
        44          0          0          0          0        108   _printf_wchar.o
       188          6          8          0          0         92   _printf_wctomb.o
         6          0          0          0          0          0   _printf_x.o
        10          0          0          0          0         68   _sputc.o
        64          0          0          0          0         92   _wcrtomb.o
        16          0          0          0          0         68   aeabi_memset.o
       228          4        148          0          0         96   bigflt0.o
      1936        128          0          0          0        672   btod.o
        36          4          0          0          0         76   c89vsprintf.o
        18          0          0          0          0         80   exit.o
         8          0          0          0          0         68   ferror.o
         6          0          0          0          0        152   heapauxi.o
        44         10        272          0          0         76   lc_ctype_c.o
        44         10         28          0          0         76   lc_numeric_c.o
         2          0          0          0          0          0   libinit.o
        30          0          0          0          0          0   libinit2.o
         2          0          0          0          0          0   libshutdown.o
         2          0          0          0          0          0   libshutdown2.o
         8          4          0          0         96         68   libspace.o
       138          0          0          0          0         80   lludiv10.o
        16          4          0          0          0         76   rt_ctype_table.o
         8          4          0          0          0         68   rt_locale_intlibspace.o
        68          0          0          0          0         68   rt_memclr.o
        78          0          0          0          0         80   rt_memclr_w.o
       138          0          0          0          0         68   rt_memcpy_v6.o
       100          0          0          0          0         80   rt_memcpy_w.o
         2          0          0          0          0          0   rtexit.o
        10          0          0          0          0          0   rtexit2.o
       128          0          0          0          0         68   strcmpv7m.o
        62          0          0          0          0         76   strlen.o
        74          0          0          0          0         80   sys_stackheap_outer.o
         2          0          0          0          0         68   use_no_semi.o
         2          0          0          0          0         68   use_no_semi_2.o
         4          0          0          0          0         68   printf1.o
         0          0          0          0          0          0   usenofp.o
        40          0          0          0          0         68   fpclassify.o

    ----------------------------------------------------------------------
      6612        268        516          0         96       4684   Library Totals
        14          0          3          0          0          0   (incl. Padding)

    ----------------------------------------------------------------------

      Code (inc. data)   RO Data    RW Data    ZI Data      Debug   Library Name

      6554        268        513          0         96       4548   c_w.l
         4          0          0          0          0         68   fz_ws.l
        40          0          0          0          0         68   m_ws.l

    ----------------------------------------------------------------------
      6612        268        516          0         96       4684   Library Totals

    ----------------------------------------------------------------------

==============================================================================


      Code (inc. data)   RO Data    RW Data    ZI Data      Debug   

     29704       2356       7164       1620      12428     389632   Grand Totals
     29704       2356       7164       1092      12428     389632   ELF Image Totals (compressed)
     29704       2356       7164       1092          0          0   ROM Totals

==============================================================================

    Total RO  Size (Code + RO Data)                36868 (  36.00kB)
    Total RW  Size (RW Data + ZI Data)             14048 (  13.72kB)
    Total ROM Size (Code + RO Data + RW Data)      37960 (  37.07kB)

==============================================================================

